Archive member included to satisfy reference by file (symbol)

c:/gcc-arm-none-eabi-10.3-2021.10/bin/../lib/gcc/arm-none-eabi/10.3.1/../../../../arm-none-eabi/lib/thumb/v7e-m/nofp\libstdc++.a(del_ops.o)
                              Libraries/FEHIO.o (operator delete(void*, unsigned int))
c:/gcc-arm-none-eabi-10.3-2021.10/bin/../lib/gcc/arm-none-eabi/10.3.1/../../../../arm-none-eabi/lib/thumb/v7e-m/nofp\libstdc++.a(new_op.o)
                              Libraries/FEHIO.o (operator new(unsigned int))
c:/gcc-arm-none-eabi-10.3-2021.10/bin/../lib/gcc/arm-none-eabi/10.3.1/../../../../arm-none-eabi/lib/thumb/v7e-m/nofp\libstdc++.a(allocator-inst.o)
                              ../main.o (std::allocator<char>::allocator())
c:/gcc-arm-none-eabi-10.3-2021.10/bin/../lib/gcc/arm-none-eabi/10.3.1/../../../../arm-none-eabi/lib/thumb/v7e-m/nofp\libstdc++.a(functexcept.o)
                              ../main.o (std::__throw_logic_error(char const*))
c:/gcc-arm-none-eabi-10.3-2021.10/bin/../lib/gcc/arm-none-eabi/10.3.1/../../../../arm-none-eabi/lib/thumb/v7e-m/nofp\libstdc++.a(snprintf_lite.o)
                              c:/gcc-arm-none-eabi-10.3-2021.10/bin/../lib/gcc/arm-none-eabi/10.3.1/../../../../arm-none-eabi/lib/thumb/v7e-m/nofp\libstdc++.a(functexcept.o) (__gnu_cxx::__snprintf_lite(char*, unsigned int, char const*, std::__va_list))
c:/gcc-arm-none-eabi-10.3-2021.10/bin/../lib/gcc/arm-none-eabi/10.3.1/../../../../arm-none-eabi/lib/thumb/v7e-m/nofp\libstdc++.a(string-inst.o)
                              ../main.o (std::__cxx11::basic_string<char, std::char_traits<char>, std::allocator<char> >::_M_data(char*))
c:/gcc-arm-none-eabi-10.3-2021.10/bin/../lib/gcc/arm-none-eabi/10.3.1/../../../../arm-none-eabi/lib/thumb/v7e-m/nofp\libstdc++.a(bad_alloc.o)
                              c:/gcc-arm-none-eabi-10.3-2021.10/bin/../lib/gcc/arm-none-eabi/10.3.1/../../../../arm-none-eabi/lib/thumb/v7e-m/nofp\libstdc++.a(new_op.o) (std::bad_alloc::~bad_alloc())
c:/gcc-arm-none-eabi-10.3-2021.10/bin/../lib/gcc/arm-none-eabi/10.3.1/../../../../arm-none-eabi/lib/thumb/v7e-m/nofp\libstdc++.a(bad_cast.o)
                              c:/gcc-arm-none-eabi-10.3-2021.10/bin/../lib/gcc/arm-none-eabi/10.3.1/../../../../arm-none-eabi/lib/thumb/v7e-m/nofp\libstdc++.a(functexcept.o) (std::bad_cast::~bad_cast())
c:/gcc-arm-none-eabi-10.3-2021.10/bin/../lib/gcc/arm-none-eabi/10.3.1/../../../../arm-none-eabi/lib/thumb/v7e-m/nofp\libstdc++.a(bad_typeid.o)
                              c:/gcc-arm-none-eabi-10.3-2021.10/bin/../lib/gcc/arm-none-eabi/10.3.1/../../../../arm-none-eabi/lib/thumb/v7e-m/nofp\libstdc++.a(functexcept.o) (std::bad_typeid::~bad_typeid())
c:/gcc-arm-none-eabi-10.3-2021.10/bin/../lib/gcc/arm-none-eabi/10.3.1/../../../../arm-none-eabi/lib/thumb/v7e-m/nofp\libstdc++.a(del_op.o)
                              c:/gcc-arm-none-eabi-10.3-2021.10/bin/../lib/gcc/arm-none-eabi/10.3.1/../../../../arm-none-eabi/lib/thumb/v7e-m/nofp\libstdc++.a(del_ops.o) (operator delete(void*))
c:/gcc-arm-none-eabi-10.3-2021.10/bin/../lib/gcc/arm-none-eabi/10.3.1/../../../../arm-none-eabi/lib/thumb/v7e-m/nofp\libstdc++.a(eh_alloc.o)
                              c:/gcc-arm-none-eabi-10.3-2021.10/bin/../lib/gcc/arm-none-eabi/10.3.1/../../../../arm-none-eabi/lib/thumb/v7e-m/nofp\libstdc++.a(new_op.o) (__cxa_allocate_exception)
c:/gcc-arm-none-eabi-10.3-2021.10/bin/../lib/gcc/arm-none-eabi/10.3.1/../../../../arm-none-eabi/lib/thumb/v7e-m/nofp\libstdc++.a(eh_arm.o)
                              c:/gcc-arm-none-eabi-10.3-2021.10/bin/../lib/gcc/arm-none-eabi/10.3.1/../../../../arm-none-eabi/lib/thumb/v7e-m/nofp\libstdc++.a(functexcept.o) (__cxa_end_cleanup)
c:/gcc-arm-none-eabi-10.3-2021.10/bin/../lib/gcc/arm-none-eabi/10.3.1/../../../../arm-none-eabi/lib/thumb/v7e-m/nofp\libstdc++.a(eh_catch.o)
                              c:/gcc-arm-none-eabi-10.3-2021.10/bin/../lib/gcc/arm-none-eabi/10.3.1/../../../../arm-none-eabi/lib/thumb/v7e-m/nofp\libstdc++.a(string-inst.o) (__cxa_begin_catch)
c:/gcc-arm-none-eabi-10.3-2021.10/bin/../lib/gcc/arm-none-eabi/10.3.1/../../../../arm-none-eabi/lib/thumb/v7e-m/nofp\libstdc++.a(eh_exception.o)
                              c:/gcc-arm-none-eabi-10.3-2021.10/bin/../lib/gcc/arm-none-eabi/10.3.1/../../../../arm-none-eabi/lib/thumb/v7e-m/nofp\libstdc++.a(bad_alloc.o) (std::exception::~exception())
c:/gcc-arm-none-eabi-10.3-2021.10/bin/../lib/gcc/arm-none-eabi/10.3.1/../../../../arm-none-eabi/lib/thumb/v7e-m/nofp\libstdc++.a(eh_globals.o)
                              c:/gcc-arm-none-eabi-10.3-2021.10/bin/../lib/gcc/arm-none-eabi/10.3.1/../../../../arm-none-eabi/lib/thumb/v7e-m/nofp\libstdc++.a(eh_catch.o) (__cxa_get_globals_fast)
c:/gcc-arm-none-eabi-10.3-2021.10/bin/../lib/gcc/arm-none-eabi/10.3.1/../../../../arm-none-eabi/lib/thumb/v7e-m/nofp\libstdc++.a(eh_personality.o)
[...]
Memory Configuration

Name             Origin             Length             Attributes
PROGRAM_FLASH    0x0000c000         0x00073c00         xr
SRAM_UPPER       0x20000000         0x00010000         xrw
SRAM_LOWER       0x1fff0000         0x00010000         xrw
*default*        0x00000000         0xffffffff

Linker script and memory map

LOAD c:/gcc-arm-none-eabi-10.3-2021.10/bin/../lib/gcc/arm-none-eabi/10.3.1/thumb/v7e-m/nofp/crti.o
LOAD c:/gcc-arm-none-eabi-10.3-2021.10/bin/../lib/gcc/arm-none-eabi/10.3.1/thumb/v7e-m/nofp/crtbegin.o
LOAD c:/gcc-arm-none-eabi-10.3-2021.10/bin/../lib/gcc/arm-none-eabi/10.3.1/../../../../arm-none-eabi/lib/thumb/v7e-m/nofp/crt0.o
LOAD ../functionpurgatory.o
LOAD ../main.o
LOAD Startup/startup_mk60d10.o
LOAD Libraries/FEHMotor.o
LOAD Drivers/mcg.o
LOAD Drivers/i2c.o
LOAD Drivers/spi.o
LOAD Drivers/uart.o
LOAD Drivers/ff.o
LOAD Drivers/SDHC.o
LOAD Drivers/lptmr.o
LOAD FEHProteus.o
LOAD Drivers/FEHPropeller.o
LOAD Libraries/FEHUtility.o
LOAD Libraries/FEHIO.o
LOAD Drivers/adc16.o
LOAD Libraries/FEHBuzzer.o
LOAD Libraries/FEHServo.o
LOAD Libraries/FEHLCD.o
LOAD Libraries/FEHAccel.o
LOAD Libraries/FEHBattery.o
LOAD Drivers/FEHXBee.o
LOAD Libraries/FEHRPS.o
LOAD Libraries/FEHSD.o
LOAD Libraries/FEHRandom.o
LOAD c:/gcc-arm-none-eabi-10.3-2021.10/bin/../lib/gcc/arm-none-eabi/10.3.1/../../../../arm-none-eabi/lib/thumb/v7e-m/nofp\libstdc++.a
LOAD c:/gcc-arm-none-eabi-10.3-2021.10/bin/../lib/gcc/arm-none-eabi/10.3.1/../../../../arm-none-eabi/lib/thumb/v7e-m/nofp\libm.a
START GROUP
LOAD c:/gcc-arm-none-eabi-10.3-2021.10/bin/../lib/gcc/arm-none-eabi/10.3.1/thumb/v7e-m/nofp\libgcc.a
LOAD c:/gcc-arm-none-eabi-10.3-2021.10/bin/../lib/gcc/arm-none-eabi/10.3.1/../../../../arm-none-eabi/lib/thumb/v7e-m/nofp\libg.a
LOAD c:/gcc-arm-none-eabi-10.3-2021.10/bin/../lib/gcc/arm-none-eabi/10.3.1/../../../../arm-none-eabi/lib/thumb/v7e-m/nofp\libc.a
END GROUP
START GROUP
LOAD c:/gcc-arm-none-eabi-10.3-2021.10/bin/../lib/gcc/arm-none-eabi/10.3.1/thumb/v7e-m/nofp\libgcc.a
LOAD c:/gcc-arm-none-eabi-10.3-2021.10/bin/../lib/gcc/arm-none-eabi/10.3.1/../../../../arm-none-eabi/lib/thumb/v7e-m/nofp\libc.a
LOAD c:/gcc-arm-none-eabi-10.3-2021.10/bin/../lib/gcc/arm-none-eabi/10.3.1/../../../../arm-none-eabi/lib/thumb/v7e-m/nofp\libnosys.a
END GROUP
LOAD c:/gcc-arm-none-eabi-10.3-2021.10/bin/../lib/gcc/arm-none-eabi/10.3.1/thumb/v7e-m/nofp/crtend.o
LOAD c:/gcc-arm-none-eabi-10.3-2021.10/bin/../lib/gcc/arm-none-eabi/10.3.1/thumb/v7e-m/nofp/crtn.o
                0x0000c000                __base_PROGRAM_FLASH = 0xc000
                0x0000c000                __base_Flash = 0xc000
                0x0007fc00                __top_PROGRAM_FLASH = 0x7fc00
                0x0007fc00                __top_Flash = 0x7fc00
                0x20000000                __base_SRAM_UPPER = 0x20000000
                0x20000000                __base_RAM = 0x20000000
                0x20010000                __top_SRAM_UPPER = 0x20010000
                0x20010000                __top_RAM = 0x20010000
                0x1fff0000                __base_SRAM_LOWER = 0x1fff0000
                0x1fff0000                __base_RAM2 = 0x1fff0000
                0x20000000                __top_SRAM_LOWER = 0x20000000
                0x20000000                __top_RAM2 = 0x20000000

.text           0x0000c000      0x410
 FILL mask 0xff
                0x0000c000                __vectors_start__ = ABSOLUTE (.)
 *(.isr_vector)
 .isr_vector    0x0000c000      0x1bc Startup/startup_mk60d10.o
                0x0000c000                g_pfnVectors
                0x0000c000                __Vectors
                0x0000c1bc                . = ALIGN (0x4)
                0x0000c1bc                __section_table_start = .
                0x0000c1bc                __data_section_table = .
                0x0000c1bc        0x4 LONG 0x248bc LOADADDR (.data)
                0x0000c1c0        0x4 LONG 0x20000000 ADDR (.data)
                0x0000c1c4        0x4 LONG 0x16d0 SIZEOF (.data)
                0x0000c1c8        0x4 LONG 0x248bc LOADADDR (.data_RAM2)
                0x0000c1cc        0x4 LONG 0x1fff0000 ADDR (.data_RAM2)
                0x0000c1d0        0x4 LONG 0x0 SIZEOF (.data_RAM2)
                0x0000c1d4                __data_section_table_end = .
                0x0000c1d4                __bss_section_table = .
                0x0000c1d4        0x4 LONG 0x200016d0 ADDR (.bss)
                0x0000c1d8        0x4 LONG 0x4ec SIZEOF (.bss)
                0x0000c1dc        0x4 LONG 0x1fff0000 ADDR (.bss_RAM2)
                0x0000c1e0        0x4 LONG 0x0 SIZEOF (.bss_RAM2)
                0x0000c1e4                __bss_section_table_end = .
                0x0000c1e4                __section_table_end = .
 *(.after_vectors*)
 .after_vectors.init_data
                0x0000c1e4       0x42 Startup/startup_mk60d10.o
                0x0000c1e4                data_init(unsigned int, unsigned int, unsigned int)
 .after_vectors.init_bss
                0x0000c226       0x36 Startup/startup_mk60d10.o
                0x0000c226                bss_init(unsigned int, unsigned int)
 .after_vectors.reset
                0x0000c25c       0xb4 Startup/startup_mk60d10.o
                0x0000c25c                ResetISR
 .after_vectors
                0x0000c310       0x3c Startup/startup_mk60d10.o
                0x0000c310                NMI_Handler
                0x0000c316                HardFault_Handler
                0x0000c31c                MemManage_Handler
                0x0000c322                BusFault_Handler
                0x0000c328                UsageFault_Handler
                0x0000c32e                SVC_Handler
                0x0000c334                DebugMon_Handler
                0x0000c33a                PendSV_Handler
                0x0000c340                SysTick_Handler
                0x0000c346                DMA_Error_DriverIRQHandler
                0x0000c346                LPTMR0_DriverIRQHandler
                0x0000c346                FTM1_DriverIRQHandler
                0x0000c346                FTM2_DriverIRQHandler
                0x0000c346                PIT2_DriverIRQHandler
                0x0000c346                SDHC_DriverIRQHandler
                0x0000c346                I2S0_Tx_DriverIRQHandler
                0x0000c346                TSI0_DriverIRQHandler
                0x0000c346                RTC_Seconds_DriverIRQHandler
                0x0000c346                Reserved109_DriverIRQHandler
                0x0000c346                DMA6_DriverIRQHandler
                0x0000c346                LLWU_DriverIRQHandler
                0x0000c346                MCM_DriverIRQHandler
                0x0000c346                MCG_DriverIRQHandler
                0x0000c346                ENET_1588_Timer_DriverIRQHandler
                0x0000c346                DAC1_DriverIRQHandler
                0x0000c346                SPI1_DriverIRQHandler
                0x0000c346                CMP1_DriverIRQHandler
                0x0000c346                UART5_RX_TX_DriverIRQHandler
                0x0000c346                FTM0_DriverIRQHandler
                0x0000c346                IntDefaultHandler
                0x0000c346                USB0_DriverIRQHandler
                0x0000c346                UART5_ERR_DriverIRQHandler
                0x0000c346                DMA11_DriverIRQHandler
                0x0000c346                DAC0_DriverIRQHandler
                0x0000c346                DMA10_DriverIRQHandler
                0x0000c346                CMP2_DriverIRQHandler
                0x0000c346                UART2_ERR_DriverIRQHandler
                0x0000c346                SPI2_DriverIRQHandler
                0x0000c346                LVD_LVW_DriverIRQHandler
                0x0000c346                RNG_DriverIRQHandler
                0x0000c346                DMA12_DriverIRQHandler
                0x0000c346                DMA4_DriverIRQHandler
                0x0000c346                UART2_RX_TX_DriverIRQHandler
                0x0000c346                USBDCD_DriverIRQHandler
                0x0000c346                UART3_ERR_DriverIRQHandler
                0x0000c346                DMA3_DriverIRQHandler
                0x0000c346                DMA8_DriverIRQHandler
                0x0000c346                DMA9_DriverIRQHandler
                0x0000c346                UART0_ERR_DriverIRQHandler
                0x0000c346                CMT_DriverIRQHandler
                0x0000c346                ADC1_DriverIRQHandler
                0x0000c346                DMA14_DriverIRQHandler
                0x0000c346                PIT3_DriverIRQHandler
                0x0000c346                PIT1_DriverIRQHandler
                0x0000c346                WDOG_EWM_DriverIRQHandler
                0x0000c346                PDB0_DriverIRQHandler
                0x0000c346                Reserved95_DriverIRQHandler
                0x0000c346                RTC_DriverIRQHandler
                0x0000c346                I2S0_Rx_DriverIRQHandler
                0x0000c346                Read_Collision_DriverIRQHandler
                0x0000c346                SWI_DriverIRQHandler
                0x0000c346                UART4_RX_TX_DriverIRQHandler
                0x0000c346                UART4_ERR_DriverIRQHandler
                0x0000c346                DMA0_DriverIRQHandler
                0x0000c346                UART0_LON_DriverIRQHandler
                0x0000c346                Reserved102_DriverIRQHandler
                0x0000c346                DMA1_DriverIRQHandler
                0x0000c346                I2C1_DriverIRQHandler
                0x0000c346                UART3_RX_TX_DriverIRQHandler
                0x0000c346                ENET_Receive_DriverIRQHandler
                0x0000c346                DMA13_DriverIRQHandler
                0x0000c346                ENET_Error_DriverIRQHandler
                0x0000c346                DMA15_DriverIRQHandler
                0x0000c346                SPI0_DriverIRQHandler
                0x0000c346                ADC0_DriverIRQHandler
                0x0000c346                FTFL_DriverIRQHandler
                0x0000c346                CMP0_DriverIRQHandler
                0x0000c346                CAN0_DriverIRQHandler
                0x0000c346                Reserved59_DriverIRQHandler
                0x0000c346                DMA5_DriverIRQHandler
                0x0000c346                UART1_ERR_DriverIRQHandler
                0x0000c346                DMA2_DriverIRQHandler
                0x0000c346                ENET_Transmit_DriverIRQHandler
                0x0000c346                I2C0_DriverIRQHandler
                0x0000c346                CAN1_DriverIRQHandler
                0x0000c346                DMA7_DriverIRQHandler
                0x0000c346                UART1_RX_TX_DriverIRQHandler
                0x0000c346                Reserved108_DriverIRQHandler
                0x00000400                . = 0x400
 *fill*         0x0000c34c       0xb4 ff
                0x0000c400                PROVIDE (__FLASH_CONFIG_START__ = .)
 *(.FlashConfig)
 .FlashConfig   0x0000c400       0x10 Startup/startup_mk60d10.o
                0x0000c410                PROVIDE (__FLASH_CONFIG_END__ = .)
                0x00000001                ASSERT (! ((__FLASH_CONFIG_START__ == __FLASH_CONFIG_END__)), Linker Flash Config Support Enabled, but no .FlashConfig section provided within application)

.glue_7         0x0000c410        0x0
 .glue_7        0x0000c410        0x0 linker stubs

.glue_7t        0x0000c410        0x0
 .glue_7t       0x0000c410        0x0 linker stubs

.vfp11_veneer   0x0000c410        0x0
 .vfp11_veneer  0x0000c410        0x0 linker stubs

.v4_bx          0x0000c410        0x0
 .v4_bx         0x0000c410        0x0 linker stubs

.iplt           0x0000c410        0x0
 .iplt          0x0000c410        0x0 c:/gcc-arm-none-eabi-10.3-2021.10/bin/../lib/gcc/arm-none-eabi/10.3.1/thumb/v7e-m/nofp/crtbegin.o

.text           0x0000c440    0x180d4
 *(.text*)
 .text          0x0000c440       0x40 c:/gcc-arm-none-eabi-10.3-2021.10/bin/../lib/gcc/arm-none-eabi/10.3.1/thumb/v7e-m/nofp/crtbegin.o
 .text._ZSt3absd
                0x0000c480       0x1e ../main.o
                0x0000c480                std::abs(double)
 .text._ZNSt7__cxx119to_stringEi
                0x0000c49e       0x72 ../main.o
                0x0000c49e                std::__cxx11::to_string(int)
 .text._ZNSt7__cxx119to_stringEd
                0x0000c510       0x38 ../main.o
                0x0000c510                std::__cxx11::to_string(double)
 .text._ZN5MotorC2EN8FEHMotor12FEHMotorPortEddN5FEHIO8FEHIOPinE
                0x0000c548       0x80 ../main.o
                0x0000c548                Motor::Motor(FEHMotor::FEHMotorPort, double, double, FEHIO::FEHIOPin)
                0x0000c548                Motor::Motor(FEHMotor::FEHMotorPort, double, double, FEHIO::FEHIOPin)
 .text._ZN5Motor5resetEv
                0x0000c5c8       0x4a ../main.o
                0x0000c5c8                Motor::reset()
 .text._ZN5Motor10setPercentEd
                0x0000c612       0x34 ../main.o
                0x0000c612                Motor::setPercent(double)
 *fill*         0x0000c646        0x2 
 .text._ZN5Motor13PIDAdjustmentEdd
                0x0000c648      0x150 ../main.o
                0x0000c648                Motor::PIDAdjustment(double, double)
 .text._ZN5Motor4stopEv
                0x0000c798       0x18 ../main.o
                0x0000c798                Motor::stop()
 .text._ZN5Motor6countsEv
                0x0000c7b0       0x1c ../main.o
                0x0000c7b0                Motor::counts()
 .text._ZN5Motor9isStalledEv
                0x0000c7cc       0x14 ../main.o
                0x0000c7cc                Motor::isStalled()
 .text._Z4moveddd
                0x0000c7e0      0x248 ../main.o
                0x0000c7e0                move(double, double, double)
 .text._Z5drivedd
                0x0000ca28       0xa4 ../main.o
                0x0000ca28                drive(double, double)
 *fill*         0x0000cacc        0x4 
 .text._Z4turnid
                0x0000cad0       0xe0 ../main.o
                0x0000cad0                turn(int, double)
 .text._Z13getLightColorv
                0x0000cbb0       0xa0 ../main.o
                0x0000cbb0                getLightColor()
 .text.main     0x0000cc50      0x260 ../main.o
                0x0000cc50                main
 .text._ZNSt8__detail14__to_chars_lenIjEEjT_i
                0x0000ceb0       0x7c ../main.o
                0x0000ceb0                unsigned int std::__detail::__to_chars_len<unsigned int>(unsigned int, int)
 .text._ZNSt8__detail18__to_chars_10_implIjEEvPcjT_
                0x0000cf2c       0xac ../main.o
                0x0000cf2c                void std::__detail::__to_chars_10_impl<unsigned int>(char*, unsigned int, unsigned int)
 .text._ZN9__gnu_cxx12__to_xstringINSt7__cxx1112basic_stringIcSt11char_traitsIcESaIcEEEcEET_PFiPT0_jPKS8_St9__va_listEjSB_z
                0x0000cfd8       0x6e ../main.o
                0x0000cfd8                std::__cxx11::basic_string<char, std::char_traits<char>, std::allocator<char> > __gnu_cxx::__to_xstring<std::__cxx11::basic_string<char, std::char_traits<char>, std::allocator<char> >, char>(int (*)(char*, unsigned int, char const*, std::__va_list), unsigned int, char const*, ...)
 .text._ZStplIcSt11char_traitsIcESaIcEENSt7__cxx1112basic_stringIT_T0_T1_EEPKS5_OS8_
                0x0000d046       0x30 ../main.o
                0x0000d046                std::__cxx11::basic_string<char, std::char_traits<char>, std::allocator<char> > std::operator+<char, std::char_traits<char>, std::allocator<char> >(char const*, std::__cxx11::basic_string<char, std::char_traits<char>, std::allocator<char> >&&)
 .text._ZStplIcSt11char_traitsIcESaIcEENSt7__cxx1112basic_stringIT_T0_T1_EEOS8_PKS5_
                0x0000d076       0x2e ../main.o
                0x0000d076                std::__cxx11::basic_string<char, std::char_traits<char>, std::allocator<char> > std::operator+<char, std::char_traits<char>, std::allocator<char> >(std::__cxx11::basic_string<char, std::char_traits<char>, std::allocator<char> >&&, char const*)
 .text._ZNSt7__cxx1112basic_stringIcSt11char_traitsIcESaIcEEC2IPcvEET_S7_RKS3_
                0x0000d0a4       0x36 ../main.o
                0x0000d0a4                std::__cxx11::basic_string<char, std::char_traits<char>, std::allocator<char> >::basic_string<char*, void>(char*, char*, std::allocator<char> const&)
                0x0000d0a4                std::__cxx11::basic_string<char, std::char_traits<char>, std::allocator<char> >::basic_string<char*, void>(char*, char*, std::allocator<char> const&)
 .text._ZSt4moveIRNSt7__cxx1112basic_stringIcSt11char_traitsIcESaIcEEEEONSt16remove_referenceIT_E4typeEOS8_
                0x0000d0da       0x14 ../main.o
                0x0000d0da                std::remove_reference<std::__cxx11::basic_string<char, std::char_traits<char>, std::allocator<char> >&>::type&& std::move<std::__cxx11::basic_string<char, std::char_traits<char>, std::allocator<char> >&>(std::__cxx11::basic_string<char, std::char_traits<char>, std::allocator<char> >&)
 .text._ZNSt7__cxx1112basic_stringIcSt11char_traitsIcESaIcEE12_M_constructIPcEEvT_S7_
                0x0000d0ee       0x1e ../main.o
                0x0000d0ee                void std::__cxx11::basic_string<char, std::char_traits<char>, std::allocator<char> >::_M_construct<char*>(char*, char*)
 .text._ZNSt7__cxx1112basic_stringIcSt11char_traitsIcESaIcEE16_M_construct_auxIPcEEvT_S7_St12__false_type
                0x0000d10c       0x22 ../main.o
                0x0000d10c                void std::__cxx11::basic_string<char, std::char_traits<char>, std::allocator<char> >::_M_construct_aux<char*>(char*, char*, std::__false_type)
 *fill*         0x0000d12e        0x2 
 .text._ZNSt7__cxx1112basic_stringIcSt11char_traitsIcESaIcEE12_M_constructIPcEEvT_S7_St20forward_iterator_tag
                0x0000d130       0x90 ../main.o
                0x0000d130                void std::__cxx11::basic_string<char, std::char_traits<char>, std::allocator<char> >::_M_construct<char*>(char*, char*, std::forward_iterator_tag)
 .text._ZN9__gnu_cxx17__is_null_pointerIcEEbPT_
                0x0000d1c0       0x1e ../main.o
                0x0000d1c0                bool __gnu_cxx::__is_null_pointer<char>(char*)
 .text._ZSt8distanceIPcENSt15iterator_traitsIT_E15difference_typeES2_S2_
                0x0000d1de       0x28 ../main.o
                0x0000d1de                std::iterator_traits<char*>::difference_type std::distance<char*>(char*, char*)
 .text._ZSt19__iterator_categoryIPcENSt15iterator_traitsIT_E17iterator_categoryERKS2_
                0x0000d206       0x14 ../main.o
                0x0000d206                std::iterator_traits<char*>::iterator_category std::__iterator_category<char*>(char* const&)
 .text._ZSt10__distanceIPcENSt15iterator_traitsIT_E15difference_typeES2_S2_St26random_access_iterator_tag
                0x0000d21a       0x1c ../main.o
                0x0000d21a                std::iterator_traits<char*>::difference_type std::__distance<char*>(char*, char*, std::random_access_iterator_tag)
 *fill*         0x0000d236        0x2 
 .text._Z41__static_initialization_and_destruction_0ii
                0x0000d238       0x80 ../main.o
 .text._GLOBAL__sub_I_cdsCell
                0x0000d2b8       0x10 ../main.o
 .text.PORTD_IRQHandler
                0x0000d2c8       0x50 Startup/startup_mk60d10.o
                0x0000d2c8                PORTD_IRQHandler
 .text._Z15InitPowerButtonv
                0x0000d318       0x60 Startup/startup_mk60d10.o
                0x0000d318                InitPowerButton()
 .text._ZL11pll_init_blv
                0x0000d378       0xe0 Startup/startup_mk60d10.o
 .text._Z14InitFEHProteusv
                0x0000d458       0xec Startup/startup_mk60d10.o
                0x0000d458                InitFEHProteus()
 .text.DMA0_IRQHandler
                0x0000d544        0xc Startup/startup_mk60d10.o
                0x0000d544                DMA0_IRQHandler
 .text.DMA1_IRQHandler
                0x0000d550        0xc Startup/startup_mk60d10.o
                0x0000d550                DMA1_IRQHandler
 .text.DMA2_IRQHandler
                0x0000d55c        0xc Startup/startup_mk60d10.o
                0x0000d55c                DMA2_IRQHandler
 .text.DMA3_IRQHandler
                0x0000d568        0xc Startup/startup_mk60d10.o
                0x0000d568                DMA3_IRQHandler
 .text.DMA4_IRQHandler
                0x0000d574        0xc Startup/startup_mk60d10.o
                0x0000d574                DMA4_IRQHandler
 .text.DMA5_IRQHandler
                0x0000d580        0xc Startup/startup_mk60d10.o
                0x0000d580                DMA5_IRQHandler
 .text.DMA6_IRQHandler
                0x0000d58c        0xc Startup/startup_mk60d10.o
                0x0000d58c                DMA6_IRQHandler
 .text.DMA7_IRQHandler
                0x0000d598        0xc Startup/startup_mk60d10.o
                0x0000d598                DMA7_IRQHandler
 .text.DMA8_IRQHandler
                0x0000d5a4        0xc Startup/startup_mk60d10.o
                0x0000d5a4                DMA8_IRQHandler
 .text.DMA9_IRQHandler
                0x0000d5b0        0xc Startup/startup_mk60d10.o
                0x0000d5b0                DMA9_IRQHandler
 .text.DMA10_IRQHandler
                0x0000d5bc        0xc Startup/startup_mk60d10.o
                0x0000d5bc                DMA10_IRQHandler
 .text.DMA11_IRQHandler
                0x0000d5c8        0xc Startup/startup_mk60d10.o
                0x0000d5c8                DMA11_IRQHandler
 .text.DMA12_IRQHandler
                0x0000d5d4        0xc Startup/startup_mk60d10.o
                0x0000d5d4                DMA12_IRQHandler
 .text.DMA13_IRQHandler
                0x0000d5e0        0xc Startup/startup_mk60d10.o
                0x0000d5e0                DMA13_IRQHandler
 .text.DMA14_IRQHandler
                0x0000d5ec        0xc Startup/startup_mk60d10.o
                0x0000d5ec                DMA14_IRQHandler
 .text.DMA15_IRQHandler
                0x0000d5f8        0xc Startup/startup_mk60d10.o
                0x0000d5f8                DMA15_IRQHandler
 .text.DMA_Error_IRQHandler
                0x0000d604        0xc Startup/startup_mk60d10.o
                0x0000d604                DMA_Error_IRQHandler
 .text.MCM_IRQHandler
                0x0000d610        0xc Startup/startup_mk60d10.o
                0x0000d610                MCM_IRQHandler
 .text.FTFL_IRQHandler
                0x0000d61c        0xc Startup/startup_mk60d10.o
                0x0000d61c                FTFL_IRQHandler
 .text.Read_Collision_IRQHandler
                0x0000d628        0xc Startup/startup_mk60d10.o
                0x0000d628                Read_Collision_IRQHandler
 .text.LVD_LVW_IRQHandler
                0x0000d634        0xc Startup/startup_mk60d10.o
                0x0000d634                LVD_LVW_IRQHandler
 .text.LLWU_IRQHandler
                0x0000d640        0xc Startup/startup_mk60d10.o
                0x0000d640                LLWU_IRQHandler
 .text.WDOG_EWM_IRQHandler
                0x0000d64c        0xc Startup/startup_mk60d10.o
                0x0000d64c                WDOG_EWM_IRQHandler
 .text.RNG_IRQHandler
                0x0000d658        0xc Startup/startup_mk60d10.o
                0x0000d658                RNG_IRQHandler
 .text.I2C0_IRQHandler
                0x0000d664        0xc Startup/startup_mk60d10.o
                0x0000d664                I2C0_IRQHandler
 .text.I2C1_IRQHandler
                0x0000d670        0xc Startup/startup_mk60d10.o
                0x0000d670                I2C1_IRQHandler
 .text.SPI0_IRQHandler
                0x0000d67c        0xc Startup/startup_mk60d10.o
                0x0000d67c                SPI0_IRQHandler
 .text.SPI1_IRQHandler
                0x0000d688        0xc Startup/startup_mk60d10.o
                0x0000d688                SPI1_IRQHandler
 .text.SPI2_IRQHandler
                0x0000d694        0xc Startup/startup_mk60d10.o
                0x0000d694                SPI2_IRQHandler
 .text.CAN0_ORed_Message_buffer_IRQHandler
                0x0000d6a0        0xc Startup/startup_mk60d10.o
                0x0000d6a0                CAN0_ORed_Message_buffer_IRQHandler
 .text.CAN0_Bus_Off_IRQHandler
                0x0000d6ac        0xc Startup/startup_mk60d10.o
                0x0000d6ac                CAN0_Bus_Off_IRQHandler
 .text.CAN0_Error_IRQHandler
                0x0000d6b8        0xc Startup/startup_mk60d10.o
                0x0000d6b8                CAN0_Error_IRQHandler
 .text.CAN0_Tx_Warning_IRQHandler
                0x0000d6c4        0xc Startup/startup_mk60d10.o
                0x0000d6c4                CAN0_Tx_Warning_IRQHandler
 .text.CAN0_Rx_Warning_IRQHandler
                0x0000d6d0        0xc Startup/startup_mk60d10.o
                0x0000d6d0                CAN0_Rx_Warning_IRQHandler
 .text.CAN0_Wake_Up_IRQHandler
                0x0000d6dc        0xc Startup/startup_mk60d10.o
                0x0000d6dc                CAN0_Wake_Up_IRQHandler
 .text.I2S0_Tx_IRQHandler
                0x0000d6e8        0xc Startup/startup_mk60d10.o
                0x0000d6e8                I2S0_Tx_IRQHandler
 .text.I2S0_Rx_IRQHandler
                0x0000d6f4        0xc Startup/startup_mk60d10.o
                0x0000d6f4                I2S0_Rx_IRQHandler
 .text.CAN1_ORed_Message_buffer_IRQHandler
                0x0000d700        0xc Startup/startup_mk60d10.o
                0x0000d700                CAN1_ORed_Message_buffer_IRQHandler
 .text.CAN1_Bus_Off_IRQHandler
                0x0000d70c        0xc Startup/startup_mk60d10.o
                0x0000d70c                CAN1_Bus_Off_IRQHandler
 .text.CAN1_Error_IRQHandler
                0x0000d718        0xc Startup/startup_mk60d10.o
                0x0000d718                CAN1_Error_IRQHandler
 .text.CAN1_Tx_Warning_IRQHandler
                0x0000d724        0xc Startup/startup_mk60d10.o
                0x0000d724                CAN1_Tx_Warning_IRQHandler
 .text.CAN1_Rx_Warning_IRQHandler
                0x0000d730        0xc Startup/startup_mk60d10.o
                0x0000d730                CAN1_Rx_Warning_IRQHandler
 .text.CAN1_Wake_Up_IRQHandler
                0x0000d73c        0xc Startup/startup_mk60d10.o
                0x0000d73c                CAN1_Wake_Up_IRQHandler
 .text.Reserved59_IRQHandler
                0x0000d748        0xc Startup/startup_mk60d10.o
                0x0000d748                Reserved59_IRQHandler
 .text.UART0_LON_IRQHandler
                0x0000d754        0xc Startup/startup_mk60d10.o
                0x0000d754                UART0_LON_IRQHandler
 .text.UART0_ERR_IRQHandler
                0x0000d760        0xc Startup/startup_mk60d10.o
                0x0000d760                UART0_ERR_IRQHandler
 .text.UART1_RX_TX_IRQHandler
                0x0000d76c        0xc Startup/startup_mk60d10.o
                0x0000d76c                UART1_RX_TX_IRQHandler
 .text.UART1_ERR_IRQHandler
                0x0000d778        0xc Startup/startup_mk60d10.o
                0x0000d778                UART1_ERR_IRQHandler
 .text.UART2_RX_TX_IRQHandler
                0x0000d784        0xc Startup/startup_mk60d10.o
                0x0000d784                UART2_RX_TX_IRQHandler
 .text.UART2_ERR_IRQHandler
                0x0000d790        0xc Startup/startup_mk60d10.o
                0x0000d790                UART2_ERR_IRQHandler
 .text.UART3_RX_TX_IRQHandler
                0x0000d79c        0xc Startup/startup_mk60d10.o
                0x0000d79c                UART3_RX_TX_IRQHandler
 .text.UART3_ERR_IRQHandler
                0x0000d7a8        0xc Startup/startup_mk60d10.o
                0x0000d7a8                UART3_ERR_IRQHandler
 .text.UART4_RX_TX_IRQHandler
                0x0000d7b4        0xc Startup/startup_mk60d10.o
                0x0000d7b4                UART4_RX_TX_IRQHandler
 .text.UART4_ERR_IRQHandler
                0x0000d7c0        0xc Startup/startup_mk60d10.o
                0x0000d7c0                UART4_ERR_IRQHandler
 .text.UART5_RX_TX_IRQHandler
                0x0000d7cc        0xc Startup/startup_mk60d10.o
                0x0000d7cc                UART5_RX_TX_IRQHandler
 .text.UART5_ERR_IRQHandler
                0x0000d7d8        0xc Startup/startup_mk60d10.o
                0x0000d7d8                UART5_ERR_IRQHandler
 .text.ADC0_IRQHandler
                0x0000d7e4        0xc Startup/startup_mk60d10.o
                0x0000d7e4                ADC0_IRQHandler
 .text.ADC1_IRQHandler
                0x0000d7f0        0xc Startup/startup_mk60d10.o
                0x0000d7f0                ADC1_IRQHandler
 .text.CMP0_IRQHandler
                0x0000d7fc        0xc Startup/startup_mk60d10.o
                0x0000d7fc                CMP0_IRQHandler
 .text.CMP1_IRQHandler
                0x0000d808        0xc Startup/startup_mk60d10.o
                0x0000d808                CMP1_IRQHandler
 .text.CMP2_IRQHandler
                0x0000d814        0xc Startup/startup_mk60d10.o
                0x0000d814                CMP2_IRQHandler
 .text.FTM0_IRQHandler
                0x0000d820        0xc Startup/startup_mk60d10.o
                0x0000d820                FTM0_IRQHandler
 .text.FTM1_IRQHandler
                0x0000d82c        0xc Startup/startup_mk60d10.o
                0x0000d82c                FTM1_IRQHandler
 .text.FTM2_IRQHandler
                0x0000d838        0xc Startup/startup_mk60d10.o
                0x0000d838                FTM2_IRQHandler
 .text.CMT_IRQHandler
                0x0000d844        0xc Startup/startup_mk60d10.o
                0x0000d844                CMT_IRQHandler
 .text.RTC_IRQHandler
                0x0000d850        0xc Startup/startup_mk60d10.o
                0x0000d850                RTC_IRQHandler
 .text.RTC_Seconds_IRQHandler
                0x0000d85c        0xc Startup/startup_mk60d10.o
                0x0000d85c                RTC_Seconds_IRQHandler
 .text.PIT1_IRQHandler
                0x0000d868        0xc Startup/startup_mk60d10.o
                0x0000d868                PIT1_IRQHandler
 .text.PIT2_IRQHandler
                0x0000d874        0xc Startup/startup_mk60d10.o
                0x0000d874                PIT2_IRQHandler
 .text.PIT3_IRQHandler
                0x0000d880        0xc Startup/startup_mk60d10.o
                0x0000d880                PIT3_IRQHandler
 .text.PDB0_IRQHandler
                0x0000d88c        0xc Startup/startup_mk60d10.o
                0x0000d88c                PDB0_IRQHandler
 .text.USB0_IRQHandler
                0x0000d898        0xc Startup/startup_mk60d10.o
                0x0000d898                USB0_IRQHandler
 .text.USBDCD_IRQHandler
                0x0000d8a4        0xc Startup/startup_mk60d10.o
                0x0000d8a4                USBDCD_IRQHandler
 .text.ENET_1588_Timer_IRQHandler
                0x0000d8b0        0xc Startup/startup_mk60d10.o
                0x0000d8b0                ENET_1588_Timer_IRQHandler
 .text.ENET_Transmit_IRQHandler
                0x0000d8bc        0xc Startup/startup_mk60d10.o
                0x0000d8bc                ENET_Transmit_IRQHandler
 .text.ENET_Receive_IRQHandler
                0x0000d8c8        0xc Startup/startup_mk60d10.o
                0x0000d8c8                ENET_Receive_IRQHandler
 .text.ENET_Error_IRQHandler
                0x0000d8d4        0xc Startup/startup_mk60d10.o
                0x0000d8d4                ENET_Error_IRQHandler
 .text.Reserved95_IRQHandler
                0x0000d8e0        0xc Startup/startup_mk60d10.o
                0x0000d8e0                Reserved95_IRQHandler
 .text.SDHC_IRQHandler
                0x0000d8ec        0xc Startup/startup_mk60d10.o
                0x0000d8ec                SDHC_IRQHandler
 .text.DAC0_IRQHandler
                0x0000d8f8        0xc Startup/startup_mk60d10.o
                0x0000d8f8                DAC0_IRQHandler
 .text.DAC1_IRQHandler
                0x0000d904        0xc Startup/startup_mk60d10.o
                0x0000d904                DAC1_IRQHandler
 .text.TSI0_IRQHandler
                0x0000d910        0xc Startup/startup_mk60d10.o
                0x0000d910                TSI0_IRQHandler
 .text.MCG_IRQHandler
                0x0000d91c        0xc Startup/startup_mk60d10.o
                0x0000d91c                MCG_IRQHandler
 .text.LPTMR0_IRQHandler
                0x0000d928        0xc Startup/startup_mk60d10.o
                0x0000d928                LPTMR0_IRQHandler
 .text.Reserved102_IRQHandler
                0x0000d934        0xc Startup/startup_mk60d10.o
                0x0000d934                Reserved102_IRQHandler
 .text.Reserved108_IRQHandler
                0x0000d940        0xc Startup/startup_mk60d10.o
                0x0000d940                Reserved108_IRQHandler
 .text.Reserved109_IRQHandler
                0x0000d94c        0xc Startup/startup_mk60d10.o
                0x0000d94c                Reserved109_IRQHandler
 .text.SWI_IRQHandler
                0x0000d958        0xc Startup/startup_mk60d10.o
                0x0000d958                SWI_IRQHandler
 *fill*         0x0000d964        0x4 
 .text._ZN8FEHMotorC2ENS_12FEHMotorPortEf
                0x0000d968       0x7c Libraries/FEHMotor.o
                0x0000d968                FEHMotor::FEHMotor(FEHMotor::FEHMotorPort, float)
                0x0000d968                FEHMotor::FEHMotor(FEHMotor::FEHMotorPort, float)
 .text._ZN8FEHMotor4StopEv
                0x0000d9e4       0x30 Libraries/FEHMotor.o
                0x0000d9e4                FEHMotor::Stop()
 .text._ZN8FEHMotor8SetPowerEi
                0x0000da14       0x54 Libraries/FEHMotor.o
                0x0000da14                FEHMotor::SetPower(int)
 .text._ZN8FEHMotor10SetPercentEf
                0x0000da68       0xf8 Libraries/FEHMotor.o
                0x0000da68                FEHMotor::SetPercent(float)
 .text._Z21IIC_StartTransmissionhh
                0x0000db60       0x6c Drivers/i2c.o
                0x0000db60                IIC_StartTransmission(unsigned char, unsigned char)
 .text._Z5Pausev
                0x0000dbcc       0x24 Drivers/i2c.o
                0x0000dbcc                Pause()
 .text._Z21MMA8451QWriteRegisterhh
                0x0000dbf0       0x68 Drivers/i2c.o
                0x0000dbf0                MMA8451QWriteRegister(unsigned char, unsigned char)
 .text._Z8i2c_Waitv
                0x0000dc58       0x6c Drivers/i2c.o
                0x0000dc58                i2c_Wait()
 .text._Z12SPI_SendCharh
                0x0000dcc4       0x1a Drivers/spi.o
                0x0000dcc4                SPI_SendChar(unsigned char)
 .text._Z16SPI_WriteCommandhh
                0x0000dcde       0x34 Drivers/spi.o
                0x0000dcde                SPI_WriteCommand(unsigned char, unsigned char)
 .text._Z11SPI_GetCharv
                0x0000dd12       0x10 Drivers/spi.o
                0x0000dd12                SPI_GetChar()
 .text._Z15SPI_ReadCommandh
                0x0000dd22       0x38 Drivers/spi.o
                0x0000dd22                SPI_ReadCommand(unsigned char)
 *fill*         0x0000dd5a        0x2 
 .text._Z13SPI_CS_Assertv
                0x0000dd5c       0x1c Drivers/spi.o
                0x0000dd5c                SPI_CS_Assert()
 .text._Z15SPI_CS_Deassertv
                0x0000dd78       0x1c Drivers/spi.o
                0x0000dd78                SPI_CS_Deassert()
 .text._Z12SPI_Transferh
                0x0000dd94       0x6c Drivers/spi.o
                0x0000dd94                SPI_Transfer(unsigned char)
 .text._Z8SPI_Initv
                0x0000de00       0xa0 Drivers/spi.o
                0x0000de00                SPI_Init()
 .text._Z9uart_initPV11UART_MemMapii
                0x0000dea0      0x174 Drivers/uart.o
                0x0000dea0                uart_init(UART_MemMap volatile*, int, int)
 .text._Z12uart_getcharPV11UART_MemMap
                0x0000e014       0x32 Drivers/uart.o
                0x0000e014                uart_getchar(UART_MemMap volatile*)
 .text._Z12uart_putcharPV11UART_MemMapc
                0x0000e046       0x32 Drivers/uart.o
                0x0000e046                uart_putchar(UART_MemMap volatile*, char)
 .text._ZL7mem_setPvij
                0x0000e078       0x3c Drivers/ff.o
 .text._ZL11move_windowP5FATFSm
                0x0000e0b4       0xc8 Drivers/ff.o
 .text._ZL4syncP5FATFS
                0x0000e17c      0x14c Drivers/ff.o
 .text._ZL8validateP5FATFSt
                0x0000e2c8       0x54 Drivers/ff.o
 .text._Z6f_syncP3FIL
                0x0000e31c      0x186 Drivers/ff.o
                0x0000e31c                f_sync(FIL*)
 .text._Z7f_closeP3FIL
                0x0000e4a2       0x28 Drivers/ff.o
                0x0000e4a2                f_close(FIL*)
 *fill*         0x0000e4ca        0x2 
 .text._ZL17SDHC_set_baudratemm
                0x0000e4cc       0xe8 Drivers/SDHC.o
 .text._Z9SDHC_initP17esdhc_info_structPK17esdhc_init_struct
                0x0000e5b4      0x130 Drivers/SDHC.o
                0x0000e5b4                SDHC_init(esdhc_info_struct*, esdhc_init_struct const*)
 .text._ZL15SDHC_is_runningv
                0x0000e6e4       0x24 Drivers/SDHC.o
 .text._ZL16SDHC_status_waitm
                0x0000e708       0x2c Drivers/SDHC.o
 .text._ZL17SDHC_send_commandP20esdhc_command_struct
                0x0000e734      0x1f8 Drivers/SDHC.o
 .text._Z10SDHC_ioctlmPv
                0x0000e92c      0x6f0 Drivers/SDHC.o
                0x0000e92c                SDHC_ioctl(unsigned long, void*)
 .text._ZL14rcvr_datablockPhm
                0x0000f01c       0xf0 Drivers/SDHC.o
 .text._Z9disk_readhPhmh
                0x0000f10c      0x124 Drivers/SDHC.o
                0x0000f10c                disk_read(unsigned char, unsigned char*, unsigned long, unsigned char)
 .text._ZL14xmit_datablockPKhm
                0x0000f230       0xa4 Drivers/SDHC.o
 .text._Z10disk_writehPKhmh
                0x0000f2d4      0x198 Drivers/SDHC.o
                0x0000f2d4                disk_write(unsigned char, unsigned char const*, unsigned long, unsigned char)
 .text._Z10disk_ioctlhhPv
                0x0000f46c      0x104 Drivers/SDHC.o
                0x0000f46c                disk_ioctl(unsigned char, unsigned char, void*)
 .text._Z11disk_statush
                0x0000f570       0x28 Drivers/SDHC.o
                0x0000f570                disk_status(unsigned char)
 .text._Z13time_delay_msm
                0x0000f598       0x6c Drivers/lptmr.o
                0x0000f598                time_delay_ms(unsigned long)
 .text._Z41__static_initialization_and_destruction_0ii
                0x0000f604       0x2c FEHProteus.o
 .text._GLOBAL__sub_I_Propeller
                0x0000f630       0x10 FEHProteus.o
 .text._ZN12FEHPropellerC2Ev
                0x0000f640       0x1a Drivers/FEHPropeller.o
                0x0000f640                FEHPropeller::FEHPropeller()
                0x0000f640                FEHPropeller::FEHPropeller()
 *fill*         0x0000f65a        0x2 
 .text._ZN12FEHPropeller10InitializeEv
                0x0000f65c       0x74 Drivers/FEHPropeller.o
                0x0000f65c                FEHPropeller::Initialize()
 .text._ZN12FEHPropeller12SetMotorRateEhhh
                0x0000f6d0       0x5c Drivers/FEHPropeller.o
                0x0000f6d0                FEHPropeller::SetMotorRate(unsigned char, unsigned char, unsigned char)
 .text._ZL5Delaymjj
                0x0000f72c       0x94 Libraries/FEHUtility.o
 .text._Z5Sleepi
                0x0000f7c0       0x2c Libraries/FEHUtility.o
                0x0000f7c0                Sleep(int)
 .text._Z5Sleepd
                0x0000f7ec       0x4c Libraries/FEHUtility.o
                0x0000f7ec                Sleep(double)
 .text._Z7TimeNowv
                0x0000f838       0x5c Libraries/FEHUtility.o
                0x0000f838                TimeNow()
 .text._ZN14DigitalEncoderC2EN5FEHIO8FEHIOPinE
                0x0000f894       0x26 Libraries/FEHIO.o
                0x0000f894                DigitalEncoder::DigitalEncoder(FEHIO::FEHIOPin)
                0x0000f894                DigitalEncoder::DigitalEncoder(FEHIO::FEHIOPin)
 *fill*         0x0000f8ba        0x2 
 .text._Z10enable_irqi
                0x0000f8bc      0x11c Libraries/FEHIO.o
                0x0000f8bc                enable_irq(int)
 .text._ZN14DigitalEncoder10InitializeEN5FEHIO8FEHIOPinENS0_21FEHIOInterruptTriggerE
                0x0000f9d8      0x1a8 Libraries/FEHIO.o
                0x0000f9d8                DigitalEncoder::Initialize(FEHIO::FEHIOPin, FEHIO::FEHIOInterruptTrigger)
 .text._Z16PORTB_IRQHandlerv
                0x0000fb80       0x9c Libraries/FEHIO.o
                0x0000fb80                PORTB_IRQHandler()
 .text._Z16PORTC_IRQHandlerv
                0x0000fc1c       0x9c Libraries/FEHIO.o
                0x0000fc1c                PORTC_IRQHandler()
 .text._Z16PORTA_IRQHandlerv
                0x0000fcb8       0xa0 Libraries/FEHIO.o
                0x0000fcb8                PORTA_IRQHandler()
 .text._Z16PORTE_IRQHandlerv
                0x0000fd58       0x98 Libraries/FEHIO.o
                0x0000fd58                PORTE_IRQHandler()
 .text._ZN14DigitalEncoder6CountsEv
                0x0000fdf0       0x24 Libraries/FEHIO.o
                0x0000fdf0                DigitalEncoder::Counts()
 .text._ZN14DigitalEncoder11ResetCountsEv
                0x0000fe14       0x24 Libraries/FEHIO.o
                0x0000fe14                DigitalEncoder::ResetCounts()
 .text._ZN14AnalogInputPinC2EN5FEHIO8FEHIOPinE
                0x0000fe38       0x1e Libraries/FEHIO.o
                0x0000fe38                AnalogInputPin::AnalogInputPin(FEHIO::FEHIOPin)
                0x0000fe38                AnalogInputPin::AnalogInputPin(FEHIO::FEHIOPin)
 *fill*         0x0000fe56        0x2 
 .text._ZN14AnalogInputPin5ValueEv
                0x0000fe58      0x120 Libraries/FEHIO.o
                0x0000fe58                AnalogInputPin::Value()
 .text._ZN13AnalogEncoder12EncoderValueEv
                0x0000ff78       0xb0 Libraries/FEHIO.o
                0x0000ff78                AnalogEncoder::EncoderValue()
 .text._ZN14AnalogInputPin8InitADCsEv
                0x00010028       0x98 Libraries/FEHIO.o
                0x00010028                AnalogInputPin::InitADCs()
 .text._Z15PIT0_IRQHandlerv
                0x000100c0       0x28 Libraries/FEHIO.o
                0x000100c0                PIT0_IRQHandler()
 .text._ZN13AnalogEncoder4InitEv
                0x000100e8       0x44 Libraries/FEHIO.o
                0x000100e8                AnalogEncoder::Init()
 .text._ZN13AnalogEncoder14SetCounterInitEj
                0x0001012c       0x20 Libraries/FEHIO.o
                0x0001012c                AnalogEncoder::SetCounterInit(unsigned int)
 .text._ZN13AnalogEncoder10ProcessIntEv
                0x0001014c       0x68 Libraries/FEHIO.o
                0x0001014c                AnalogEncoder::ProcessInt()
 .text._ZN13AnalogEncoder14ProcessIntSelfEv
                0x000101b4       0x6e Libraries/FEHIO.o
                0x000101b4                AnalogEncoder::ProcessIntSelf()
 .text._Z7ADC_CalPV10ADC_MemMap
                0x00010222      0x13e Drivers/adc16.o
                0x00010222                ADC_Cal(ADC_MemMap volatile*)
 .text._Z14ADC_Config_AltPV10ADC_MemMapP7adc_cfg
                0x00010360       0x6c Drivers/adc16.o
                0x00010360                ADC_Config_Alt(ADC_MemMap volatile*, adc_cfg*)
 .text._ZN9FEHBuzzerC2Ev
                0x000103cc       0x14 Libraries/FEHBuzzer.o
                0x000103cc                FEHBuzzer::FEHBuzzer()
                0x000103cc                FEHBuzzer::FEHBuzzer()
 .text._Z41__static_initialization_and_destruction_0ii
                0x000103e0       0x2c Libraries/FEHBuzzer.o
 .text._GLOBAL__sub_I_Buzzer
                0x0001040c       0x10 Libraries/FEHBuzzer.o
 .text._ZN6FEHLCD11_InitializeEv
                0x0001041c      0x410 Libraries/FEHLCD.o
                0x0001041c                FEHLCD::_Initialize()
 .text._ZN6FEHLCDC2Ev
                0x0001082c       0x50 Libraries/FEHLCD.o
                0x0001082c                FEHLCD::FEHLCD()
                0x0001082c                FEHLCD::FEHLCD()
 .text._ZN6FEHLCD10InitializeEv
                0x0001087c       0x28 Libraries/FEHLCD.o
                0x0001087c                FEHLCD::Initialize()
 .text._ZN6FEHLCD10PrintImageEii
                0x000108a4       0xbc Libraries/FEHLCD.o
                0x000108a4                FEHLCD::PrintImage(int, int)
 .text._ZN6FEHLCD9PrintLogoEii
                0x00010960       0xbc Libraries/FEHLCD.o
                0x00010960                FEHLCD::PrintLogo(int, int)
 .text._ZN6FEHLCD22ConvertFEHColorTo24BitENS_11FEHLCDColorE
                0x00010a1c       0x78 Libraries/FEHLCD.o
                0x00010a1c                FEHLCD::ConvertFEHColorTo24Bit(FEHLCD::FEHLCDColor)
 .text._ZN6FEHLCD24Convert24BitColorTo16BitEj
                0x00010a94       0x30 Libraries/FEHLCD.o
                0x00010a94                FEHLCD::Convert24BitColorTo16Bit(unsigned int)
 .text._ZN6FEHLCD22ConvertRGBColorTo16BitEhhh
                0x00010ac4       0x4a Libraries/FEHLCD.o
                0x00010ac4                FEHLCD::ConvertRGBColorTo16Bit(unsigned char, unsigned char, unsigned char)
 .text._ZN6FEHLCD5ClearENS_11FEHLCDColorE
                0x00010b0e       0x28 Libraries/FEHLCD.o
                0x00010b0e                FEHLCD::Clear(FEHLCD::FEHLCDColor)
 .text._ZN6FEHLCD5ClearEj
                0x00010b36       0x2c Libraries/FEHLCD.o
                0x00010b36                FEHLCD::Clear(unsigned int)
 .text._ZN6FEHLCD18SetBackgroundColorENS_11FEHLCDColorE
                0x00010b62       0x28 Libraries/FEHLCD.o
                0x00010b62                FEHLCD::SetBackgroundColor(FEHLCD::FEHLCDColor)
 .text._ZN6FEHLCD18SetBackgroundColorEj
                0x00010b8a       0x26 Libraries/FEHLCD.o
                0x00010b8a                FEHLCD::SetBackgroundColor(unsigned int)
 .text._ZN6FEHLCD12SetFontColorENS_11FEHLCDColorE
                0x00010bb0       0x28 Libraries/FEHLCD.o
                0x00010bb0                FEHLCD::SetFontColor(FEHLCD::FEHLCDColor)
 .text._ZN6FEHLCD12SetFontColorEj
                0x00010bd8       0x26 Libraries/FEHLCD.o
                0x00010bd8                FEHLCD::SetFontColor(unsigned int)
 .text._ZN6FEHLCD7WriteAtEPKcii
                0x00010bfe       0x46 Libraries/FEHLCD.o
                0x00010bfe                FEHLCD::WriteAt(char const*, int, int)
 .text._ZN6FEHLCD11TS_SPI_InitEv
                0x00010c44       0x7c Libraries/FEHLCD.o
                0x00010c44                FEHLCD::TS_SPI_Init()
 .text._ZN6FEHLCD5TouchEPfS0_
                0x00010cc0      0x1fc Libraries/FEHLCD.o
                0x00010cc0                FEHLCD::Touch(float*, float*)
 .text._ZN6FEHLCD3absEi
                0x00010ebc       0x22 Libraries/FEHLCD.o
                0x00010ebc                FEHLCD::abs(int)
 .text._ZN6FEHLCD5WriteEPKc
                0x00010ede       0x4e Libraries/FEHLCD.o
                0x00010ede                FEHLCD::Write(char const*)
 .text._ZN6FEHLCD5WriteEf
                0x00010f2c       0xc0 Libraries/FEHLCD.o
                0x00010f2c                FEHLCD::Write(float)
 .text._ZN6FEHLCD5WriteEd
                0x00010fec       0x26 Libraries/FEHLCD.o
                0x00010fec                FEHLCD::Write(double)
 .text._ZN6FEHLCD9WriteLineEPKc
                0x00011012       0x26 Libraries/FEHLCD.o
                0x00011012                FEHLCD::WriteLine(char const*)
 .text._ZN6FEHLCD9WriteLineEd
                0x00011038       0x2a Libraries/FEHLCD.o
                0x00011038                FEHLCD::WriteLine(double)
 *fill*         0x00011062        0x2 
 .text._ZN6FEHLCD10WriteIndexEh
                0x00011064      0x14c Libraries/FEHLCD.o
                0x00011064                FEHLCD::WriteIndex(unsigned char)
 .text._ZN6FEHLCD14WriteParameterEh
                0x000111b0      0x130 Libraries/FEHLCD.o
                0x000111b0                FEHLCD::WriteParameter(unsigned char)
 .text._ZN6FEHLCD6_ClearEv
                0x000112e0      0x15c Libraries/FEHLCD.o
                0x000112e0                FEHLCD::_Clear()
 .text._ZN6FEHLCD8NextLineEv
                0x0001143c       0x2a Libraries/FEHLCD.o
                0x0001143c                FEHLCD::NextLine()
 .text._ZN6FEHLCD9CheckLineEv
                0x00011466       0x28 Libraries/FEHLCD.o
                0x00011466                FEHLCD::CheckLine()
 .text._ZN6FEHLCD8NextCharEv
                0x0001148e       0x32 Libraries/FEHLCD.o
                0x0001148e                FEHLCD::NextChar()
 .text._ZN6FEHLCD13SetDrawRegionEiiii
                0x000114c0       0xfe Libraries/FEHLCD.o
                0x000114c0                FEHLCD::SetDrawRegion(int, int, int, int)
 .text._ZN6FEHLCD9WriteCharEiic
                0x000115be       0x34 Libraries/FEHLCD.o
                0x000115be                FEHLCD::WriteChar(int, int, char)
 *fill*         0x000115f2        0x2 
 .text._ZN6FEHLCD11WriteCharAtEiic
                0x000115f4      0x214 Libraries/FEHLCD.o
                0x000115f4                FEHLCD::WriteCharAt(int, int, char)
 .text._ZN6FEHLCD11RepeatColorEv
                0x00011808       0x70 Libraries/FEHLCD.o
                0x00011808                FEHLCD::RepeatColor()
 .text._ZN6FEHLCD10_ForePixelEv
                0x00011878       0xc4 Libraries/FEHLCD.o
                0x00011878                FEHLCD::_ForePixel()
 .text._ZN6FEHLCD10_BackPixelEv
                0x0001193c       0xc4 Libraries/FEHLCD.o
                0x0001193c                FEHLCD::_BackPixel()
 .text._ZN6FEHLCD22SetRegisterColorValuesEv
                0x00011a00      0x336 Libraries/FEHLCD.o
                0x00011a00                FEHLCD::SetRegisterColorValues()
 *fill*         0x00011d36        0x2 
 .text._Z41__static_initialization_and_destruction_0ii
                0x00011d38       0x2c Libraries/FEHLCD.o
 .text._GLOBAL__sub_I_image
                0x00011d64       0x10 Libraries/FEHLCD.o
 .text._ZN8FEHAccelC2Ev
                0x00011d74       0x70 Libraries/FEHAccel.o
                0x00011d74                FEHAccel::FEHAccel()
                0x00011d74                FEHAccel::FEHAccel()
 .text._Z41__static_initialization_and_destruction_0ii
                0x00011de4       0x2c Libraries/FEHAccel.o
 .text._GLOBAL__sub_I_Accel
                0x00011e10       0x10 Libraries/FEHAccel.o
 .text._ZN10FEHBatteryC2EN5FEHIO8FEHIOPinE
                0x00011e20       0x22 Libraries/FEHBattery.o
                0x00011e20                FEHBattery::FEHBattery(FEHIO::FEHIOPin)
                0x00011e20                FEHBattery::FEHBattery(FEHIO::FEHIOPin)
 *fill*         0x00011e42        0x2 
 .text._Z41__static_initialization_and_destruction_0ii
                0x00011e44       0x30 Libraries/FEHBattery.o
 .text._GLOBAL__sub_I_Battery
                0x00011e74       0x10 Libraries/FEHBattery.o
 .text._ZN7FEHXBeeC2Ev
                0x00011e84       0x1a Drivers/FEHXBee.o
                0x00011e84                FEHXBee::FEHXBee()
                0x00011e84                FEHXBee::FEHXBee()
 *fill*         0x00011e9e        0x2 
 .text._ZN7FEHXBee17SetPacketCallBackEPFvPhhE
                0x00011ea0       0x20 Drivers/FEHXBee.o
                0x00011ea0                FEHXBee::SetPacketCallBack(void (*)(unsigned char*, unsigned char))
 .text._Z22UART0_RX_TX_IRQHandlerv
                0x00011ec0       0xec Drivers/FEHXBee.o
                0x00011ec0                UART0_RX_TX_IRQHandler()
 .text._ZN6FEHRPSC2Ev
                0x00011fac       0x74 Libraries/FEHRPS.o
                0x00011fac                FEHRPS::FEHRPS()
                0x00011fac                FEHRPS::FEHRPS()
 .text._Z14RPSDataProcessPhh
                0x00012020      0x148 Libraries/FEHRPS.o
                0x00012020                RPSDataProcess(unsigned char*, unsigned char)
 .text._Z41__static_initialization_and_destruction_0ii
                0x00012168       0x2c Libraries/FEHRPS.o
 .text._GLOBAL__sub_I_RPS
                0x00012194       0x10 Libraries/FEHRPS.o
 .text._ZN5FEHSDC2Ev
                0x000121a4       0x24 Libraries/FEHSD.o
                0x000121a4                FEHSD::FEHSD()
                0x000121a4                FEHSD::FEHSD()
 .text._ZN5FEHSD9FCloseAllEv
                0x000121c8       0x6c Libraries/FEHSD.o
                0x000121c8                FEHSD::FCloseAll()
 .text._Z41__static_initialization_and_destruction_0ii
                0x00012234       0x2c Libraries/FEHSD.o
 .text._GLOBAL__sub_I_SD
                0x00012260       0x10 Libraries/FEHSD.o
 .text._ZN9FEHRandom10InitializeEv
                0x00012270       0x3c Libraries/FEHRandom.o
                0x00012270                FEHRandom::Initialize()
 .text._ZdlPvj  0x000122ac        0x4 c:/gcc-arm-none-eabi-10.3-2021.10/bin/../lib/gcc/arm-none-eabi/10.3.1/../../../../arm-none-eabi/lib/thumb/v7e-m/nofp\libstdc++.a(del_ops.o)
                0x000122ac                operator delete(void*, unsigned int)
 .text._Znwj    0x000122b0       0x3c c:/gcc-arm-none-eabi-10.3-2021.10/bin/../lib/gcc/arm-none-eabi/10.3.1/../../../../arm-none-eabi/lib/thumb/v7e-m/nofp\libstdc++.a(new_op.o)
                0x000122b0                operator new(unsigned int)
 .text._ZNSaIcEC2Ev
                0x000122ec        0x4 c:/gcc-arm-none-eabi-10.3-2021.10/bin/../lib/gcc/arm-none-eabi/10.3.1/../../../../arm-none-eabi/lib/thumb/v7e-m/nofp\libstdc++.a(allocator-inst.o)
                0x000122ec                std::allocator<char>::allocator()
                0x000122ec                std::allocator<char>::allocator()
 .text._ZNSaIcED2Ev
                0x000122f0        0x4 c:/gcc-arm-none-eabi-10.3-2021.10/bin/../lib/gcc/arm-none-eabi/10.3.1/../../../../arm-none-eabi/lib/thumb/v7e-m/nofp\libstdc++.a(allocator-inst.o)
                0x000122f0                std::allocator<char>::~allocator()
                0x000122f0                std::allocator<char>::~allocator()
 .text.unlikely._ZSt17__throw_bad_allocv
                0x000122f4       0x20 c:/gcc-arm-none-eabi-10.3-2021.10/bin/../lib/gcc/arm-none-eabi/10.3.1/../../../../arm-none-eabi/lib/thumb/v7e-m/nofp\libstdc++.a(functexcept.o)
                0x000122f4                std::__throw_bad_alloc()
 .text.unlikely._ZSt19__throw_logic_errorPKc
                0x00012314       0x30 c:/gcc-arm-none-eabi-10.3-2021.10/bin/../lib/gcc/arm-none-eabi/10.3.1/../../../../arm-none-eabi/lib/thumb/v7e-m/nofp\libstdc++.a(functexcept.o)
                0x00012314                std::__throw_logic_error(char const*)
 .text.unlikely._ZSt20__throw_length_errorPKc
                0x00012344       0x30 c:/gcc-arm-none-eabi-10.3-2021.10/bin/../lib/gcc/arm-none-eabi/10.3.1/../../../../arm-none-eabi/lib/thumb/v7e-m/nofp\libstdc++.a(functexcept.o)
                0x00012344                std::__throw_length_error(char const*)
 .text._ZSt24__throw_out_of_range_fmtPKcz
                0x00012374       0x60 c:/gcc-arm-none-eabi-10.3-2021.10/bin/../lib/gcc/arm-none-eabi/10.3.1/../../../../arm-none-eabi/lib/thumb/v7e-m/nofp\libstdc++.a(functexcept.o)
                0x00012374                std::__throw_out_of_range_fmt(char const*, ...)
 .text._ZN9__gnu_cxx26__throw_insufficient_spaceEPKcS1_
                0x000123d4       0x4c c:/gcc-arm-none-eabi-10.3-2021.10/bin/../lib/gcc/arm-none-eabi/10.3.1/../../../../arm-none-eabi/lib/thumb/v7e-m/nofp\libstdc++.a(snprintf_lite.o)
                0x000123d4                __gnu_cxx::__throw_insufficient_space(char const*, char const*)
 .text._ZN9__gnu_cxx15__concat_size_tEPcjj
                0x00012420       0x60 c:/gcc-arm-none-eabi-10.3-2021.10/bin/../lib/gcc/arm-none-eabi/10.3.1/../../../../arm-none-eabi/lib/thumb/v7e-m/nofp\libstdc++.a(snprintf_lite.o)
                0x00012420                __gnu_cxx::__concat_size_t(char*, unsigned int, unsigned int)
 .text._ZN9__gnu_cxx15__snprintf_liteEPcjPKcSt9__va_list
                0x00012480       0xac c:/gcc-arm-none-eabi-10.3-2021.10/bin/../lib/gcc/arm-none-eabi/10.3.1/../../../../arm-none-eabi/lib/thumb/v7e-m/nofp\libstdc++.a(snprintf_lite.o)
                0x00012480                __gnu_cxx::__snprintf_lite(char*, unsigned int, char const*, std::__va_list)
 .text._ZNSt7__cxx1112basic_stringIcSt11char_traitsIcESaIcEE7_M_dataEPc
                0x0001252c        0x4 c:/gcc-arm-none-eabi-10.3-2021.10/bin/../lib/gcc/arm-none-eabi/10.3.1/../../../../arm-none-eabi/lib/thumb/v7e-m/nofp\libstdc++.a(string-inst.o)
                0x0001252c                std::__cxx11::basic_string<char, std::char_traits<char>, std::allocator<char> >::_M_data(char*)
 .text._ZNKSt7__cxx1112basic_stringIcSt11char_traitsIcESaIcEE7_M_dataEv
                0x00012530        0x4 c:/gcc-arm-none-eabi-10.3-2021.10/bin/../lib/gcc/arm-none-eabi/10.3.1/../../../../arm-none-eabi/lib/thumb/v7e-m/nofp\libstdc++.a(string-inst.o)
                0x00012530                std::__cxx11::basic_string<char, std::char_traits<char>, std::allocator<char> >::_M_data() const
 .text._ZNSt7__cxx1112basic_stringIcSt11char_traitsIcESaIcEE13_M_local_dataEv
                0x00012534        0x4 c:/gcc-arm-none-eabi-10.3-2021.10/bin/../lib/gcc/arm-none-eabi/10.3.1/../../../../arm-none-eabi/lib/thumb/v7e-m/nofp\libstdc++.a(string-inst.o)
                0x00012534                std::__cxx11::basic_string<char, std::char_traits<char>, std::allocator<char> >::_M_local_data()
 .text._ZNSt7__cxx1112basic_stringIcSt11char_traitsIcESaIcEE11_M_capacityEj
                0x00012538        0x4 c:/gcc-arm-none-eabi-10.3-2021.10/bin/../lib/gcc/arm-none-eabi/10.3.1/../../../../arm-none-eabi/lib/thumb/v7e-m/nofp\libstdc++.a(string-inst.o)
                0x00012538                std::__cxx11::basic_string<char, std::char_traits<char>, std::allocator<char> >::_M_capacity(unsigned int)
 .text._ZNSt7__cxx1112basic_stringIcSt11char_traitsIcESaIcEE13_M_set_lengthEj
                0x0001253c        0xc c:/gcc-arm-none-eabi-10.3-2021.10/bin/../lib/gcc/arm-none-eabi/10.3.1/../../../../arm-none-eabi/lib/thumb/v7e-m/nofp\libstdc++.a(string-inst.o)
                0x0001253c                std::__cxx11::basic_string<char, std::char_traits<char>, std::allocator<char> >::_M_set_length(unsigned int)
 .text._ZNSt7__cxx1112basic_stringIcSt11char_traitsIcESaIcEE9_M_createERjj
                0x00012548       0x48 c:/gcc-arm-none-eabi-10.3-2021.10/bin/../lib/gcc/arm-none-eabi/10.3.1/../../../../arm-none-eabi/lib/thumb/v7e-m/nofp\libstdc++.a(string-inst.o)
                0x00012548                std::__cxx11::basic_string<char, std::char_traits<char>, std::allocator<char> >::_M_create(unsigned int&, unsigned int)
 .text._ZNSt7__cxx1112basic_stringIcSt11char_traitsIcESaIcEE12_M_constructEjc
                0x00012590       0x50 c:/gcc-arm-none-eabi-10.3-2021.10/bin/../lib/gcc/arm-none-eabi/10.3.1/../../../../arm-none-eabi/lib/thumb/v7e-m/nofp\libstdc++.a(string-inst.o)
                0x00012590                std::__cxx11::basic_string<char, std::char_traits<char>, std::allocator<char> >::_M_construct(unsigned int, char)
 .text._ZNSt7__cxx1112basic_stringIcSt11char_traitsIcESaIcEE13_S_copy_charsEPcS5_S5_
                0x000125e0       0x14 c:/gcc-arm-none-eabi-10.3-2021.10/bin/../lib/gcc/arm-none-eabi/10.3.1/../../../../arm-none-eabi/lib/thumb/v7e-m/nofp\libstdc++.a(string-inst.o)
                0x000125e0                std::__cxx11::basic_string<char, std::char_traits<char>, std::allocator<char> >::_S_copy_chars(char*, char*, char*)
 .text._ZNSt7__cxx1112basic_stringIcSt11char_traitsIcESaIcEE9_M_mutateEjjPKcj
                0x000125f4       0xac c:/gcc-arm-none-eabi-10.3-2021.10/bin/../lib/gcc/arm-none-eabi/10.3.1/../../../../arm-none-eabi/lib/thumb/v7e-m/nofp\libstdc++.a(string-inst.o)
                0x000125f4                std::__cxx11::basic_string<char, std::char_traits<char>, std::allocator<char> >::_M_mutate(unsigned int, unsigned int, char const*, unsigned int)
 .text._ZNSt7__cxx1112basic_stringIcSt11char_traitsIcESaIcEEC2EjcRKS3_
                0x000126a0       0x14 c:/gcc-arm-none-eabi-10.3-2021.10/bin/../lib/gcc/arm-none-eabi/10.3.1/../../../../arm-none-eabi/lib/thumb/v7e-m/nofp\libstdc++.a(string-inst.o)
                0x000126a0                std::__cxx11::basic_string<char, std::char_traits<char>, std::allocator<char> >::basic_string(unsigned int, char, std::allocator<char> const&)
                0x000126a0                std::__cxx11::basic_string<char, std::char_traits<char>, std::allocator<char> >::basic_string(unsigned int, char, std::allocator<char> const&)
 .text._ZNSt7__cxx1112basic_stringIcSt11char_traitsIcESaIcEEC2EOS4_
                0x000126b4       0x40 c:/gcc-arm-none-eabi-10.3-2021.10/bin/../lib/gcc/arm-none-eabi/10.3.1/../../../../arm-none-eabi/lib/thumb/v7e-m/nofp\libstdc++.a(string-inst.o)
                0x000126b4                std::__cxx11::basic_string<char, std::char_traits<char>, std::allocator<char> >::basic_string(std::__cxx11::basic_string<char, std::char_traits<char>, std::allocator<char> >&&)
                0x000126b4                std::__cxx11::basic_string<char, std::char_traits<char>, std::allocator<char> >::basic_string(std::__cxx11::basic_string<char, std::char_traits<char>, std::allocator<char> >&&)
 .text._ZNSt7__cxx1112basic_stringIcSt11char_traitsIcESaIcEED2Ev
                0x000126f4       0x18 c:/gcc-arm-none-eabi-10.3-2021.10/bin/../lib/gcc/arm-none-eabi/10.3.1/../../../../arm-none-eabi/lib/thumb/v7e-m/nofp\libstdc++.a(string-inst.o)
                0x000126f4                std::__cxx11::basic_string<char, std::char_traits<char>, std::allocator<char> >::~basic_string()
                0x000126f4                std::__cxx11::basic_string<char, std::char_traits<char>, std::allocator<char> >::~basic_string()
 .text._ZNSt7__cxx1112basic_stringIcSt11char_traitsIcESaIcEEixEj
                0x0001270c        0x8 c:/gcc-arm-none-eabi-10.3-2021.10/bin/../lib/gcc/arm-none-eabi/10.3.1/../../../../arm-none-eabi/lib/thumb/v7e-m/nofp\libstdc++.a(string-inst.o)
                0x0001270c                std::__cxx11::basic_string<char, std::char_traits<char>, std::allocator<char> >::operator[](unsigned int)
 .text._ZNSt7__cxx1112basic_stringIcSt11char_traitsIcESaIcEE10_M_replaceEjjPKcj
                0x00012714      0x18c c:/gcc-arm-none-eabi-10.3-2021.10/bin/../lib/gcc/arm-none-eabi/10.3.1/../../../../arm-none-eabi/lib/thumb/v7e-m/nofp\libstdc++.a(string-inst.o)
                0x00012714                std::__cxx11::basic_string<char, std::char_traits<char>, std::allocator<char> >::_M_replace(unsigned int, unsigned int, char const*, unsigned int)
 .text._ZNSt7__cxx1112basic_stringIcSt11char_traitsIcESaIcEE6insertEjPKc
                0x000128a0       0x3c c:/gcc-arm-none-eabi-10.3-2021.10/bin/../lib/gcc/arm-none-eabi/10.3.1/../../../../arm-none-eabi/lib/thumb/v7e-m/nofp\libstdc++.a(string-inst.o)
                0x000128a0                std::__cxx11::basic_string<char, std::char_traits<char>, std::allocator<char> >::insert(unsigned int, char const*)
 .text._ZNSt7__cxx1112basic_stringIcSt11char_traitsIcESaIcEE9_M_appendEPKcj
                0x000128dc       0x54 c:/gcc-arm-none-eabi-10.3-2021.10/bin/../lib/gcc/arm-none-eabi/10.3.1/../../../../arm-none-eabi/lib/thumb/v7e-m/nofp\libstdc++.a(string-inst.o)
                0x000128dc                std::__cxx11::basic_string<char, std::char_traits<char>, std::allocator<char> >::_M_append(char const*, unsigned int)
 .text._ZNSt7__cxx1112basic_stringIcSt11char_traitsIcESaIcEE6appendEPKc
                0x00012930       0x30 c:/gcc-arm-none-eabi-10.3-2021.10/bin/../lib/gcc/arm-none-eabi/10.3.1/../../../../arm-none-eabi/lib/thumb/v7e-m/nofp\libstdc++.a(string-inst.o)
                0x00012930                std::__cxx11::basic_string<char, std::char_traits<char>, std::allocator<char> >::append(char const*)
 .text._ZNKSt7__cxx1112basic_stringIcSt11char_traitsIcESaIcEE5c_strEv
                0x00012960        0x4 c:/gcc-arm-none-eabi-10.3-2021.10/bin/../lib/gcc/arm-none-eabi/10.3.1/../../../../arm-none-eabi/lib/thumb/v7e-m/nofp\libstdc++.a(string-inst.o)
                0x00012960                std::__cxx11::basic_string<char, std::char_traits<char>, std::allocator<char> >::c_str() const
 .text._ZNSt7__cxx1112basic_stringIcSt11char_traitsIcESaIcEE12_Alloc_hiderC2EPcRKS3_
                0x00012964        0x4 c:/gcc-arm-none-eabi-10.3-2021.10/bin/../lib/gcc/arm-none-eabi/10.3.1/../../../../arm-none-eabi/lib/thumb/v7e-m/nofp\libstdc++.a(string-inst.o)
                0x00012964                std::__cxx11::basic_string<char, std::char_traits<char>, std::allocator<char> >::_Alloc_hider::_Alloc_hider(char*, std::allocator<char> const&)
                0x00012964                std::__cxx11::basic_string<char, std::char_traits<char>, std::allocator<char> >::_Alloc_hider::_Alloc_hider(char*, std::allocator<char> const&)
 .text._ZNKSt9bad_alloc4whatEv
                0x00012968        0x8 c:/gcc-arm-none-eabi-10.3-2021.10/bin/../lib/gcc/arm-none-eabi/10.3.1/../../../../arm-none-eabi/lib/thumb/v7e-m/nofp\libstdc++.a(bad_alloc.o)
                0x00012968                std::bad_alloc::what() const
 .text._ZNSt9bad_allocD2Ev
                0x00012970       0x14 c:/gcc-arm-none-eabi-10.3-2021.10/bin/../lib/gcc/arm-none-eabi/10.3.1/../../../../arm-none-eabi/lib/thumb/v7e-m/nofp\libstdc++.a(bad_alloc.o)
                0x00012970                std::bad_alloc::~bad_alloc()
                0x00012970                std::bad_alloc::~bad_alloc()
 .text._ZNSt9bad_allocD0Ev
                0x00012984       0x1c c:/gcc-arm-none-eabi-10.3-2021.10/bin/../lib/gcc/arm-none-eabi/10.3.1/../../../../arm-none-eabi/lib/thumb/v7e-m/nofp\libstdc++.a(bad_alloc.o)
                0x00012984                std::bad_alloc::~bad_alloc()
 .text._ZdlPv   0x000129a0        0x4 c:/gcc-arm-none-eabi-10.3-2021.10/bin/../lib/gcc/arm-none-eabi/10.3.1/../../../../arm-none-eabi/lib/thumb/v7e-m/nofp\libstdc++.a(del_op.o)
                0x000129a0                operator delete(void*)
 .text._ZN12_GLOBAL__N_14pool4freeEPv.constprop.0
                0x000129a4       0x88 c:/gcc-arm-none-eabi-10.3-2021.10/bin/../lib/gcc/arm-none-eabi/10.3.1/../../../../arm-none-eabi/lib/thumb/v7e-m/nofp\libstdc++.a(eh_alloc.o)
 .text._ZN12_GLOBAL__N_14pool8allocateEj.constprop.0
                0x00012a2c       0x5c c:/gcc-arm-none-eabi-10.3-2021.10/bin/../lib/gcc/arm-none-eabi/10.3.1/../../../../arm-none-eabi/lib/thumb/v7e-m/nofp\libstdc++.a(eh_alloc.o)
 .text.__cxa_allocate_exception
                0x00012a88       0x30 c:/gcc-arm-none-eabi-10.3-2021.10/bin/../lib/gcc/arm-none-eabi/10.3.1/../../../../arm-none-eabi/lib/thumb/v7e-m/nofp\libstdc++.a(eh_alloc.o)
                0x00012a88                __cxa_allocate_exception
 .text.__cxa_free_exception
                0x00012ab8       0x20 c:/gcc-arm-none-eabi-10.3-2021.10/bin/../lib/gcc/arm-none-eabi/10.3.1/../../../../arm-none-eabi/lib/thumb/v7e-m/nofp\libstdc++.a(eh_alloc.o)
                0x00012ab8                __cxa_free_exception
 .text.startup._GLOBAL__sub_I__ZN9__gnu_cxx9__freeresEv
                0x00012ad8       0x28 c:/gcc-arm-none-eabi-10.3-2021.10/bin/../lib/gcc/arm-none-eabi/10.3.1/../../../../arm-none-eabi/lib/thumb/v7e-m/nofp\libstdc++.a(eh_alloc.o)
 .text.__cxa_end_cleanup
                0x00012b00        0xc c:/gcc-arm-none-eabi-10.3-2021.10/bin/../lib/gcc/arm-none-eabi/10.3.1/../../../../arm-none-eabi/lib/thumb/v7e-m/nofp\libstdc++.a(eh_arm.o)
                0x00012b00                __cxa_end_cleanup
 .text.__cxa_type_match
                0x00012b0c       0xb4 c:/gcc-arm-none-eabi-10.3-2021.10/bin/../lib/gcc/arm-none-eabi/10.3.1/../../../../arm-none-eabi/lib/thumb/v7e-m/nofp\libstdc++.a(eh_arm.o)
                0x00012b0c                __cxa_type_match
 .text.__cxa_begin_cleanup
                0x00012bc0       0x64 c:/gcc-arm-none-eabi-10.3-2021.10/bin/../lib/gcc/arm-none-eabi/10.3.1/../../../../arm-none-eabi/lib/thumb/v7e-m/nofp\libstdc++.a(eh_arm.o)
                0x00012bc0                __cxa_begin_cleanup
 .text.__gnu_end_cleanup
                0x00012c24       0x70 c:/gcc-arm-none-eabi-10.3-2021.10/bin/../lib/gcc/arm-none-eabi/10.3.1/../../../../arm-none-eabi/lib/thumb/v7e-m/nofp\libstdc++.a(eh_arm.o)
                0x00012c24                __gnu_end_cleanup
 .text.__cxa_begin_catch
                0x00012c94       0x7c c:/gcc-arm-none-eabi-10.3-2021.10/bin/../lib/gcc/arm-none-eabi/10.3.1/../../../../arm-none-eabi/lib/thumb/v7e-m/nofp\libstdc++.a(eh_catch.o)
                0x00012c94                __cxa_begin_catch
 .text.__cxa_end_catch
                0x00012d10       0x8c c:/gcc-arm-none-eabi-10.3-2021.10/bin/../lib/gcc/arm-none-eabi/10.3.1/../../../../arm-none-eabi/lib/thumb/v7e-m/nofp\libstdc++.a(eh_catch.o)
                0x00012d10                __cxa_end_catch
 .text._ZNSt9exceptionD2Ev
                0x00012d9c        0x4 c:/gcc-arm-none-eabi-10.3-2021.10/bin/../lib/gcc/arm-none-eabi/10.3.1/../../../../arm-none-eabi/lib/thumb/v7e-m/nofp\libstdc++.a(eh_exception.o)
                0x00012d9c                std::exception::~exception()
                0x00012d9c                std::exception::~exception()
 .text._ZNSt13bad_exceptionD2Ev
                0x00012da0        0x4 c:/gcc-arm-none-eabi-10.3-2021.10/bin/../lib/gcc/arm-none-eabi/10.3.1/../../../../arm-none-eabi/lib/thumb/v7e-m/nofp\libstdc++.a(eh_exception.o)
                0x00012da0                std::bad_exception::~bad_exception()
                0x00012da0                std::bad_exception::~bad_exception()
 .text._ZNKSt13bad_exception4whatEv
                0x00012da4        0x8 c:/gcc-arm-none-eabi-10.3-2021.10/bin/../lib/gcc/arm-none-eabi/10.3.1/../../../../arm-none-eabi/lib/thumb/v7e-m/nofp\libstdc++.a(eh_exception.o)
                0x00012da4                std::bad_exception::what() const
                0x00012da4                transaction clone for std::bad_exception::what() const
 .text._ZNSt13bad_exceptionD0Ev
                0x00012dac       0x10 c:/gcc-arm-none-eabi-10.3-2021.10/bin/../lib/gcc/arm-none-eabi/10.3.1/../../../../arm-none-eabi/lib/thumb/v7e-m/nofp\libstdc++.a(eh_exception.o)
                0x00012dac                std::bad_exception::~bad_exception()
 .text.__cxa_get_globals_fast
                0x00012dbc        0x8 c:/gcc-arm-none-eabi-10.3-2021.10/bin/../lib/gcc/arm-none-eabi/10.3.1/../../../../arm-none-eabi/lib/thumb/v7e-m/nofp\libstdc++.a(eh_globals.o)
                0x00012dbc                __cxa_get_globals_fast
 .text.__cxa_get_globals
                0x00012dc4        0x8 c:/gcc-arm-none-eabi-10.3-2021.10/bin/../lib/gcc/arm-none-eabi/10.3.1/../../../../arm-none-eabi/lib/thumb/v7e-m/nofp\libstdc++.a(eh_globals.o)
                0x00012dc4                __cxa_get_globals
 .text._ZL28read_encoded_value_with_basehjPKhPj
                0x00012dcc       0xc0 c:/gcc-arm-none-eabi-10.3-2021.10/bin/../lib/gcc/arm-none-eabi/10.3.1/../../../../arm-none-eabi/lib/thumb/v7e-m/nofp\libstdc++.a(eh_personality.o)
 .text._ZL21base_of_encoded_valuehP15_Unwind_Context
                0x00012e8c       0x48 c:/gcc-arm-none-eabi-10.3-2021.10/bin/../lib/gcc/arm-none-eabi/10.3.1/../../../../arm-none-eabi/lib/thumb/v7e-m/nofp\libstdc++.a(eh_personality.o)
 .text._ZL17parse_lsda_headerP15_Unwind_ContextPKhP16lsda_header_info
                0x00012ed4       0x94 c:/gcc-arm-none-eabi-10.3-2021.10/bin/../lib/gcc/arm-none-eabi/10.3.1/../../../../arm-none-eabi/lib/thumb/v7e-m/nofp\libstdc++.a(eh_personality.o)
 .text.__gxx_personality_v0
                0x00012f68      0x4a8 c:/gcc-arm-none-eabi-10.3-2021.10/bin/../lib/gcc/arm-none-eabi/10.3.1/../../../../arm-none-eabi/lib/thumb/v7e-m/nofp\libstdc++.a(eh_personality.o)
                0x00012f68                __gxx_personality_v0
 .text._ZN10__cxxabiv111__terminateEPFvvE
                0x00013410       0x28 c:/gcc-arm-none-eabi-10.3-2021.10/bin/../lib/gcc/arm-none-eabi/10.3.1/../../../../arm-none-eabi/lib/thumb/v7e-m/nofp\libstdc++.a(eh_terminate.o)
                0x00013410                __cxxabiv1::__terminate(void (*)())
 .text._ZSt9terminatev
                0x00013438       0x14 c:/gcc-arm-none-eabi-10.3-2021.10/bin/../lib/gcc/arm-none-eabi/10.3.1/../../../../arm-none-eabi/lib/thumb/v7e-m/nofp\libstdc++.a(eh_terminate.o)
                0x00013438                std::terminate()
 .text._ZN10__cxxabiv112__unexpectedEPFvvE
                0x0001344c        0x8 c:/gcc-arm-none-eabi-10.3-2021.10/bin/../lib/gcc/arm-none-eabi/10.3.1/../../../../arm-none-eabi/lib/thumb/v7e-m/nofp\libstdc++.a(eh_terminate.o)
                0x0001344c                __cxxabiv1::__unexpected(void (*)())
 .text._ZSt10unexpectedv
                0x00013454       0x14 c:/gcc-arm-none-eabi-10.3-2021.10/bin/../lib/gcc/arm-none-eabi/10.3.1/../../../../arm-none-eabi/lib/thumb/v7e-m/nofp\libstdc++.a(eh_terminate.o)
                0x00013454                std::unexpected()
 .text._ZSt13get_terminatev
                0x00013468       0x10 c:/gcc-arm-none-eabi-10.3-2021.10/bin/../lib/gcc/arm-none-eabi/10.3.1/../../../../arm-none-eabi/lib/thumb/v7e-m/nofp\libstdc++.a(eh_terminate.o)
                0x00013468                std::get_terminate()
 .text._ZSt14get_unexpectedv
                0x00013478       0x10 c:/gcc-arm-none-eabi-10.3-2021.10/bin/../lib/gcc/arm-none-eabi/10.3.1/../../../../arm-none-eabi/lib/thumb/v7e-m/nofp\libstdc++.a(eh_terminate.o)
                0x00013478                std::get_unexpected()
 .text._ZL23__gxx_exception_cleanup19_Unwind_Reason_CodeP21_Unwind_Control_Block
                0x00013488       0x44 c:/gcc-arm-none-eabi-10.3-2021.10/bin/../lib/gcc/arm-none-eabi/10.3.1/../../../../arm-none-eabi/lib/thumb/v7e-m/nofp\libstdc++.a(eh_throw.o)
 .text.__cxa_init_primary_exception
                0x000134cc       0x58 c:/gcc-arm-none-eabi-10.3-2021.10/bin/../lib/gcc/arm-none-eabi/10.3.1/../../../../arm-none-eabi/lib/thumb/v7e-m/nofp\libstdc++.a(eh_throw.o)
                0x000134cc                __cxa_init_primary_exception
 .text.__cxa_throw
                0x00013524       0x34 c:/gcc-arm-none-eabi-10.3-2021.10/bin/../lib/gcc/arm-none-eabi/10.3.1/../../../../arm-none-eabi/lib/thumb/v7e-m/nofp\libstdc++.a(eh_throw.o)
                0x00013524                __cxa_throw
 .text.__cxa_rethrow
                0x00013558       0x70 c:/gcc-arm-none-eabi-10.3-2021.10/bin/../lib/gcc/arm-none-eabi/10.3.1/../../../../arm-none-eabi/lib/thumb/v7e-m/nofp\libstdc++.a(eh_throw.o)
                0x00013558                __cxa_rethrow
 .text._ZSt15get_new_handlerv
                0x000135c8       0x10 c:/gcc-arm-none-eabi-10.3-2021.10/bin/../lib/gcc/arm-none-eabi/10.3.1/../../../../arm-none-eabi/lib/thumb/v7e-m/nofp\libstdc++.a(new_handler.o)
                0x000135c8                std::get_new_handler()
 .text._ZN10__cxxabiv120__si_class_type_infoD2Ev
                0x000135d8       0x14 c:/gcc-arm-none-eabi-10.3-2021.10/bin/../lib/gcc/arm-none-eabi/10.3.1/../../../../arm-none-eabi/lib/thumb/v7e-m/nofp\libstdc++.a(si_class_type_info.o)
                0x000135d8                __cxxabiv1::__si_class_type_info::~__si_class_type_info()
                0x000135d8                __cxxabiv1::__si_class_type_info::~__si_class_type_info()
 .text._ZN10__cxxabiv120__si_class_type_infoD0Ev
                0x000135ec       0x1c c:/gcc-arm-none-eabi-10.3-2021.10/bin/../lib/gcc/arm-none-eabi/10.3.1/../../../../arm-none-eabi/lib/thumb/v7e-m/nofp\libstdc++.a(si_class_type_info.o)
                0x000135ec                __cxxabiv1::__si_class_type_info::~__si_class_type_info()
 .text._ZNK10__cxxabiv120__si_class_type_info20__do_find_public_srcEiPKvPKNS_17__class_type_infoES2_
                0x00013608       0x3c c:/gcc-arm-none-eabi-10.3-2021.10/bin/../lib/gcc/arm-none-eabi/10.3.1/../../../../arm-none-eabi/lib/thumb/v7e-m/nofp\libstdc++.a(si_class_type_info.o)
                0x00013608                __cxxabiv1::__si_class_type_info::__do_find_public_src(int, void const*, __cxxabiv1::__class_type_info const*, void const*) const
 .text._ZNK10__cxxabiv120__si_class_type_info12__do_dyncastEiNS_17__class_type_info10__sub_kindEPKS1_PKvS4_S6_RNS1_16__dyncast_resultE
                0x00013644       0x84 c:/gcc-arm-none-eabi-10.3-2021.10/bin/../lib/gcc/arm-none-eabi/10.3.1/../../../../arm-none-eabi/lib/thumb/v7e-m/nofp\libstdc++.a(si_class_type_info.o)
                0x00013644                __cxxabiv1::__si_class_type_info::__do_dyncast(int, __cxxabiv1::__class_type_info::__sub_kind, __cxxabiv1::__class_type_info const*, void const*, __cxxabiv1::__class_type_info const*, void const*, __cxxabiv1::__class_type_info::__dyncast_result&) const
 .text._ZNK10__cxxabiv120__si_class_type_info11__do_upcastEPKNS_17__class_type_infoEPKvRNS1_15__upcast_resultE
                0x000136c8       0x2c c:/gcc-arm-none-eabi-10.3-2021.10/bin/../lib/gcc/arm-none-eabi/10.3.1/../../../../arm-none-eabi/lib/thumb/v7e-m/nofp\libstdc++.a(si_class_type_info.o)
                0x000136c8                __cxxabiv1::__si_class_type_info::__do_upcast(__cxxabiv1::__class_type_info const*, void const*, __cxxabiv1::__class_type_info::__upcast_result&) const
 .text._ZNSt9type_infoD2Ev
                0x000136f4        0x4 c:/gcc-arm-none-eabi-10.3-2021.10/bin/../lib/gcc/arm-none-eabi/10.3.1/../../../../arm-none-eabi/lib/thumb/v7e-m/nofp\libstdc++.a(tinfo.o)
                0x000136f4                std::type_info::~type_info()
                0x000136f4                std::type_info::~type_info()
 .text._ZNKSt9type_info14__is_pointer_pEv
                0x000136f8        0x4 c:/gcc-arm-none-eabi-10.3-2021.10/bin/../lib/gcc/arm-none-eabi/10.3.1/../../../../arm-none-eabi/lib/thumb/v7e-m/nofp\libstdc++.a(tinfo.o)
                0x000136f8                std::type_info::__is_pointer_p() const
                0x000136f8                std::type_info::__is_function_p() const
 .text._ZNKSt9type_infoeqERKS_
                0x000136fc       0x2c c:/gcc-arm-none-eabi-10.3-2021.10/bin/../lib/gcc/arm-none-eabi/10.3.1/../../../../arm-none-eabi/lib/thumb/v7e-m/nofp\libstdc++.a(tinfo.o)
                0x000136fc                std::type_info::operator==(std::type_info const&) const
 .text._ZN9__gnu_cxx27__verbose_terminate_handlerEv
                0x00013728      0x10c c:/gcc-arm-none-eabi-10.3-2021.10/bin/../lib/gcc/arm-none-eabi/10.3.1/../../../../arm-none-eabi/lib/thumb/v7e-m/nofp\libstdc++.a(vterminate.o)
                0x00013728                __gnu_cxx::__verbose_terminate_handler()
 .text._ZNKSt11logic_error4whatEv
                0x00013834        0x4 c:/gcc-arm-none-eabi-10.3-2021.10/bin/../lib/gcc/arm-none-eabi/10.3.1/../../../../arm-none-eabi/lib/thumb/v7e-m/nofp\libstdc++.a(stdexcept.o)
                0x00013834                std::logic_error::what() const
                0x00013834                std::runtime_error::what() const
 .text._ZNSt11logic_errorD2Ev
                0x00013838       0x40 c:/gcc-arm-none-eabi-10.3-2021.10/bin/../lib/gcc/arm-none-eabi/10.3.1/../../../../arm-none-eabi/lib/thumb/v7e-m/nofp\libstdc++.a(stdexcept.o)
                0x00013838                std::logic_error::~logic_error()
                0x00013838                std::logic_error::~logic_error()
 .text._ZNSt12length_errorD2Ev
                0x00013878       0x40 c:/gcc-arm-none-eabi-10.3-2021.10/bin/../lib/gcc/arm-none-eabi/10.3.1/../../../../arm-none-eabi/lib/thumb/v7e-m/nofp\libstdc++.a(stdexcept.o)
                0x00013878                std::length_error::~length_error()
                0x00013878                std::length_error::~length_error()
 .text._ZNSt12out_of_rangeD2Ev
                0x000138b8       0x40 c:/gcc-arm-none-eabi-10.3-2021.10/bin/../lib/gcc/arm-none-eabi/10.3.1/../../../../arm-none-eabi/lib/thumb/v7e-m/nofp\libstdc++.a(stdexcept.o)
                0x000138b8                std::out_of_range::~out_of_range()
                0x000138b8                std::out_of_range::~out_of_range()
 .text._ZNSt11logic_errorD0Ev
                0x000138f8       0x48 c:/gcc-arm-none-eabi-10.3-2021.10/bin/../lib/gcc/arm-none-eabi/10.3.1/../../../../arm-none-eabi/lib/thumb/v7e-m/nofp\libstdc++.a(stdexcept.o)
                0x000138f8                std::logic_error::~logic_error()
 .text._ZNSt12out_of_rangeD0Ev
                0x00013940       0x48 c:/gcc-arm-none-eabi-10.3-2021.10/bin/../lib/gcc/arm-none-eabi/10.3.1/../../../../arm-none-eabi/lib/thumb/v7e-m/nofp\libstdc++.a(stdexcept.o)
                0x00013940                std::out_of_range::~out_of_range()
 .text._ZNSt12length_errorD0Ev
                0x00013988       0x48 c:/gcc-arm-none-eabi-10.3-2021.10/bin/../lib/gcc/arm-none-eabi/10.3.1/../../../../arm-none-eabi/lib/thumb/v7e-m/nofp\libstdc++.a(stdexcept.o)
                0x00013988                std::length_error::~length_error()
 .text._ZNSt11logic_errorC2EPKc
                0x000139d0       0x80 c:/gcc-arm-none-eabi-10.3-2021.10/bin/../lib/gcc/arm-none-eabi/10.3.1/../../../../arm-none-eabi/lib/thumb/v7e-m/nofp\libstdc++.a(cow-stdexcept.o)
                0x000139d0                std::logic_error::logic_error(char const*)
                0x000139d0                std::logic_error::logic_error(char const*)
 .text._ZNSt12length_errorC2EPKc
                0x00013a50       0x14 c:/gcc-arm-none-eabi-10.3-2021.10/bin/../lib/gcc/arm-none-eabi/10.3.1/../../../../arm-none-eabi/lib/thumb/v7e-m/nofp\libstdc++.a(cow-stdexcept.o)
                0x00013a50                std::length_error::length_error(char const*)
                0x00013a50                std::length_error::length_error(char const*)
 .text._ZNSt12out_of_rangeC2EPKc
                0x00013a64       0x14 c:/gcc-arm-none-eabi-10.3-2021.10/bin/../lib/gcc/arm-none-eabi/10.3.1/../../../../arm-none-eabi/lib/thumb/v7e-m/nofp\libstdc++.a(cow-stdexcept.o)
                0x00013a64                std::out_of_range::out_of_range(char const*)
                0x00013a64                std::out_of_range::out_of_range(char const*)
 .text._ZNSs4_Rep9_S_createEjjRKSaIcE
                0x00013a78       0x78 c:/gcc-arm-none-eabi-10.3-2021.10/bin/../lib/gcc/arm-none-eabi/10.3.1/../../../../arm-none-eabi/lib/thumb/v7e-m/nofp\libstdc++.a(cow-string-inst.o)
                0x00013a78                std::string::_Rep::_S_create(unsigned int, unsigned int, std::allocator<char> const&)
 .text._ZNSs4_Rep10_M_destroyERKSaIcE
                0x00013af0        0x4 c:/gcc-arm-none-eabi-10.3-2021.10/bin/../lib/gcc/arm-none-eabi/10.3.1/../../../../arm-none-eabi/lib/thumb/v7e-m/nofp\libstdc++.a(cow-string-inst.o)
                0x00013af0                std::string::_Rep::_M_destroy(std::allocator<char> const&)
 .text._ZNK10__cxxabiv117__class_type_info11__do_upcastEPKS0_PPv
                0x00013af4       0x34 c:/gcc-arm-none-eabi-10.3-2021.10/bin/../lib/gcc/arm-none-eabi/10.3.1/../../../../arm-none-eabi/lib/thumb/v7e-m/nofp\libstdc++.a(class_type_info.o)
                0x00013af4                __cxxabiv1::__class_type_info::__do_upcast(__cxxabiv1::__class_type_info const*, void**) const
 .text._ZNK10__cxxabiv117__class_type_info20__do_find_public_srcEiPKvPKS0_S2_
                0x00013b28        0xc c:/gcc-arm-none-eabi-10.3-2021.10/bin/../lib/gcc/arm-none-eabi/10.3.1/../../../../arm-none-eabi/lib/thumb/v7e-m/nofp\libstdc++.a(class_type_info.o)
                0x00013b28                __cxxabiv1::__class_type_info::__do_find_public_src(int, void const*, __cxxabiv1::__class_type_info const*, void const*) const
 .text._ZN10__cxxabiv117__class_type_infoD2Ev
                0x00013b34       0x14 c:/gcc-arm-none-eabi-10.3-2021.10/bin/../lib/gcc/arm-none-eabi/10.3.1/../../../../arm-none-eabi/lib/thumb/v7e-m/nofp\libstdc++.a(class_type_info.o)
                0x00013b34                __cxxabiv1::__class_type_info::~__class_type_info()
                0x00013b34                __cxxabiv1::__class_type_info::~__class_type_info()
 .text._ZN10__cxxabiv117__class_type_infoD0Ev
                0x00013b48       0x1c c:/gcc-arm-none-eabi-10.3-2021.10/bin/../lib/gcc/arm-none-eabi/10.3.1/../../../../arm-none-eabi/lib/thumb/v7e-m/nofp\libstdc++.a(class_type_info.o)
                0x00013b48                __cxxabiv1::__class_type_info::~__class_type_info()
 .text._ZNK10__cxxabiv117__class_type_info12__do_dyncastEiNS0_10__sub_kindEPKS0_PKvS3_S5_RNS0_16__dyncast_resultE
                0x00013b64       0x44 c:/gcc-arm-none-eabi-10.3-2021.10/bin/../lib/gcc/arm-none-eabi/10.3.1/../../../../arm-none-eabi/lib/thumb/v7e-m/nofp\libstdc++.a(class_type_info.o)
                0x00013b64                __cxxabiv1::__class_type_info::__do_dyncast(int, __cxxabiv1::__class_type_info::__sub_kind, __cxxabiv1::__class_type_info const*, void const*, __cxxabiv1::__class_type_info const*, void const*, __cxxabiv1::__class_type_info::__dyncast_result&) const
 .text._ZNK10__cxxabiv117__class_type_info11__do_upcastEPKS0_PKvRNS0_15__upcast_resultE
                0x00013ba8       0x1c c:/gcc-arm-none-eabi-10.3-2021.10/bin/../lib/gcc/arm-none-eabi/10.3.1/../../../../arm-none-eabi/lib/thumb/v7e-m/nofp\libstdc++.a(class_type_info.o)
                0x00013ba8                __cxxabiv1::__class_type_info::__do_upcast(__cxxabiv1::__class_type_info const*, void const*, __cxxabiv1::__class_type_info::__upcast_result&) const
 .text._ZNK10__cxxabiv117__class_type_info10__do_catchEPKSt9type_infoPPvj
                0x00013bc4       0x2c c:/gcc-arm-none-eabi-10.3-2021.10/bin/../lib/gcc/arm-none-eabi/10.3.1/../../../../arm-none-eabi/lib/thumb/v7e-m/nofp\libstdc++.a(class_type_info.o)
                0x00013bc4                __cxxabiv1::__class_type_info::__do_catch(std::type_info const*, void**, unsigned int) const
 .text          0x00013bf0     0x5fa4 c:/gcc-arm-none-eabi-10.3-2021.10/bin/../lib/gcc/arm-none-eabi/10.3.1/../../../../arm-none-eabi/lib/thumb/v7e-m/nofp\libstdc++.a(cp-demangle.o)
                0x00019aac                __cxa_demangle
                0x00019b70                __gcclibcxx_demangle_callback
 .text._ZN10__cxxabiv1L24__is_gxx_exception_classEPc
                0x00019b94       0x3c c:/gcc-arm-none-eabi-10.3-2021.10/bin/../lib/gcc/arm-none-eabi/10.3.1/../../../../arm-none-eabi/lib/thumb/v7e-m/nofp\libstdc++.a(eh_call.o)
 .text.__cxa_call_terminate
                0x00019bd0       0x20 c:/gcc-arm-none-eabi-10.3-2021.10/bin/../lib/gcc/arm-none-eabi/10.3.1/../../../../arm-none-eabi/lib/thumb/v7e-m/nofp\libstdc++.a(eh_call.o)
                0x00019bd0                __cxa_call_terminate
 .text.unlikely.__cxa_call_unexpected
                0x00019bf0       0xe4 c:/gcc-arm-none-eabi-10.3-2021.10/bin/../lib/gcc/arm-none-eabi/10.3.1/../../../../arm-none-eabi/lib/thumb/v7e-m/nofp\libstdc++.a(eh_call.o)
                0x00019bf0                __cxa_call_unexpected
 .text.__cxa_current_exception_type
                0x00019cd4       0x1c c:/gcc-arm-none-eabi-10.3-2021.10/bin/../lib/gcc/arm-none-eabi/10.3.1/../../../../arm-none-eabi/lib/thumb/v7e-m/nofp\libstdc++.a(eh_type.o)
                0x00019cd4                __cxa_current_exception_type
 .text          0x00019cf0      0x378 c:/gcc-arm-none-eabi-10.3-2021.10/bin/../lib/gcc/arm-none-eabi/10.3.1/thumb/v7e-m/nofp\libgcc.a(_arm_addsubdf3.o)
                0x00019cf0                __aeabi_drsub
                0x00019cf8                __aeabi_dsub
                0x00019cf8                __subdf3
                0x00019cfc                __aeabi_dadd
                0x00019cfc                __adddf3
                0x00019f74                __floatunsidf
                0x00019f74                __aeabi_ui2d
                0x00019f94                __floatsidf
                0x00019f94                __aeabi_i2d
                0x00019fb8                __aeabi_f2d
                0x00019fb8                __extendsfdf2
                0x00019ffc                __floatundidf
                0x00019ffc                __aeabi_ul2d
                0x0001a00c                __floatdidf
                0x0001a00c                __aeabi_l2d
 .text          0x0001a068      0x424 c:/gcc-arm-none-eabi-10.3-2021.10/bin/../lib/gcc/arm-none-eabi/10.3.1/thumb/v7e-m/nofp\libgcc.a(_arm_muldivdf3.o)
                0x0001a068                __aeabi_dmul
                0x0001a068                __muldf3
                0x0001a2bc                __divdf3
                0x0001a2bc                __aeabi_ddiv
 .text          0x0001a48c      0x110 c:/gcc-arm-none-eabi-10.3-2021.10/bin/../lib/gcc/arm-none-eabi/10.3.1/thumb/v7e-m/nofp\libgcc.a(_arm_cmpdf2.o)
                0x0001a48c                __gtdf2
                0x0001a48c                __gedf2
                0x0001a494                __ltdf2
                0x0001a494                __ledf2
                0x0001a49c                __nedf2
                0x0001a49c                __eqdf2
                0x0001a49c                __cmpdf2
                0x0001a518                __aeabi_cdrcmple
                0x0001a528                __aeabi_cdcmpeq
                0x0001a528                __aeabi_cdcmple
                0x0001a538                __aeabi_dcmpeq
                0x0001a54c                __aeabi_dcmplt
                0x0001a560                __aeabi_dcmple
                0x0001a574                __aeabi_dcmpge
                0x0001a588                __aeabi_dcmpgt
 .text          0x0001a59c       0x50 c:/gcc-arm-none-eabi-10.3-2021.10/bin/../lib/gcc/arm-none-eabi/10.3.1/thumb/v7e-m/nofp\libgcc.a(_arm_fixdfsi.o)
                0x0001a59c                __aeabi_d2iz
                0x0001a59c                __fixdfsi
 .text          0x0001a5ec       0x40 c:/gcc-arm-none-eabi-10.3-2021.10/bin/../lib/gcc/arm-none-eabi/10.3.1/thumb/v7e-m/nofp\libgcc.a(_arm_fixunsdfsi.o)
                0x0001a5ec                __aeabi_d2uiz
                0x0001a5ec                __fixunsdfsi
 .text          0x0001a62c       0xa0 c:/gcc-arm-none-eabi-10.3-2021.10/bin/../lib/gcc/arm-none-eabi/10.3.1/thumb/v7e-m/nofp\libgcc.a(_arm_truncdfsf2.o)
                0x0001a62c                __truncdfsf2
                0x0001a62c                __aeabi_d2f
 .text          0x0001a6cc      0x21c c:/gcc-arm-none-eabi-10.3-2021.10/bin/../lib/gcc/arm-none-eabi/10.3.1/thumb/v7e-m/nofp\libgcc.a(_arm_addsubsf3.o)
                0x0001a6cc                __aeabi_frsub
                0x0001a6d4                __subsf3
                0x0001a6d4                __aeabi_fsub
                0x0001a6d8                __aeabi_fadd
                0x0001a6d8                __addsf3
                0x0001a838                __aeabi_ui2f
                0x0001a838                __floatunsisf
                0x0001a840                __aeabi_i2f
                0x0001a840                __floatsisf
                0x0001a85c                __aeabi_ul2f
                0x0001a85c                __floatundisf
                0x0001a86c                __aeabi_l2f
                0x0001a86c                __floatdisf
 .text          0x0001a8e8      0x2a0 c:/gcc-arm-none-eabi-10.3-2021.10/bin/../lib/gcc/arm-none-eabi/10.3.1/thumb/v7e-m/nofp\libgcc.a(_arm_muldivsf3.o)
                0x0001a8e8                __mulsf3
                0x0001a8e8                __aeabi_fmul
                0x0001aa50                __aeabi_fdiv
                0x0001aa50                __divsf3
 .text          0x0001ab88       0xec c:/gcc-arm-none-eabi-10.3-2021.10/bin/../lib/gcc/arm-none-eabi/10.3.1/thumb/v7e-m/nofp\libgcc.a(_arm_cmpsf2.o)
                0x0001ab88                __gesf2
                0x0001ab88                __gtsf2
                0x0001ab90                __lesf2
                0x0001ab90                __ltsf2
                0x0001ab98                __nesf2
                0x0001ab98                __eqsf2
                0x0001ab98                __cmpsf2
                0x0001abf8                __aeabi_cfrcmple
                0x0001ac00                __aeabi_cfcmpeq
                0x0001ac00                __aeabi_cfcmple
                0x0001ac10                __aeabi_fcmpeq
                0x0001ac24                __aeabi_fcmplt
                0x0001ac38                __aeabi_fcmple
                0x0001ac4c                __aeabi_fcmpge
                0x0001ac60                __aeabi_fcmpgt
 .text          0x0001ac74       0x4c c:/gcc-arm-none-eabi-10.3-2021.10/bin/../lib/gcc/arm-none-eabi/10.3.1/thumb/v7e-m/nofp\libgcc.a(_arm_fixsfsi.o)
                0x0001ac74                __aeabi_f2iz
                0x0001ac74                __fixsfsi
 .text          0x0001acc0      0x9d8 c:/gcc-arm-none-eabi-10.3-2021.10/bin/../lib/gcc/arm-none-eabi/10.3.1/thumb/v7e-m/nofp\libgcc.a(unwind-arm.o)
                0x0001af68                _Unwind_GetCFA
                0x0001af6c                __gnu_Unwind_RaiseException
                0x0001afd4                __gnu_Unwind_ForcedUnwind
                0x0001afe4                __gnu_Unwind_Resume
                0x0001b028                __gnu_Unwind_Resume_or_Rethrow
                0x0001b038                _Unwind_Complete
                0x0001b03c                _Unwind_DeleteException
                0x0001b048                _Unwind_VRS_Get
                0x0001b094                _Unwind_VRS_Set
                0x0001b0dc                __gnu_Unwind_Backtrace
                0x0001b408                __aeabi_unwind_cpp_pr0
                0x0001b40c                __aeabi_unwind_cpp_pr1
                0x0001b410                __aeabi_unwind_cpp_pr2
                0x0001b414                _Unwind_VRS_Pop
 .text          0x0001b698      0x1ac c:/gcc-arm-none-eabi-10.3-2021.10/bin/../lib/gcc/arm-none-eabi/10.3.1/thumb/v7e-m/nofp\libgcc.a(libunwind.o)
                0x0001b698                __restore_core_regs
                0x0001b698                restore_core_regs
                0x0001b6b0                __gnu_Unwind_Restore_VFP
                0x0001b6b8                __gnu_Unwind_Save_VFP
                0x0001b6c0                __gnu_Unwind_Restore_VFP_D
                0x0001b6c8                __gnu_Unwind_Save_VFP_D
                0x0001b6d0                __gnu_Unwind_Restore_VFP_D_16_to_31