Archive member included to satisfy reference by file (symbol)

c:/gcc-arm-none-eabi-10.3-2021.10/bin/../lib/gcc/arm-none-eabi/10.3.1/../../../../arm-none-eabi/lib/thumb/v7e-m/nofp\libstdc++.a(del_ops.o)
                              Libraries/FEHIO.o (operator delete(void*, unsigned int))
c:/gcc-arm-none-eabi-10.3-2021.10/bin/../lib/gcc/arm-none-eabi/10.3.1/../../../../arm-none-eabi/lib/thumb/v7e-m/nofp\libstdc++.a(new_op.o)
                              Libraries/FEHIO.o (operator new(unsigned int))
c:/gcc-arm-none-eabi-10.3-2021.10/bin/../lib/gcc/arm-none-eabi/10.3.1/../../../../arm-none-eabi/lib/thumb/v7e-m/nofp\libstdc++.a(allocator-inst.o)
                              ../main.o (std::allocator<char>::allocator())
c:/gcc-arm-none-eabi-10.3-2021.10/bin/../lib/gcc/arm-none-eabi/10.3.1/../../../../arm-none-eabi/lib/thumb/v7e-m/nofp\libstdc++.a(functexcept.o)
                              ../main.o (std::__throw_logic_error(char const*))
c:/gcc-arm-none-eabi-10.3-2021.10/bin/../lib/gcc/arm-none-eabi/10.3.1/../../../../arm-none-eabi/lib/thumb/v7e-m/nofp\libstdc++.a(snprintf_lite.o)
                              c:/gcc-arm-none-eabi-10.3-2021.10/bin/../lib/gcc/arm-none-eabi/10.3.1/../../../../arm-none-eabi/lib/thumb/v7e-m/nofp\libstdc++.a(functexcept.o) (__gnu_cxx::__snprintf_lite(char*, unsigned int, char const*, std::__va_list))
c:/gcc-arm-none-eabi-10.3-2021.10/bin/../lib/gcc/arm-none-eabi/10.3.1/../../../../arm-none-eabi/lib/thumb/v7e-m/nofp\libstdc++.a(string-inst.o)
                              ../main.o (std::__cxx11::basic_string<char, std::char_traits<char>, std::allocator<char> >::_M_data(char*))
c:/gcc-arm-none-eabi-10.3-2021.10/bin/../lib/gcc/arm-none-eabi/10.3.1/../../../../arm-none-eabi/lib/thumb/v7e-m/nofp\libstdc++.a(bad_alloc.o)
                              c:/gcc-arm-none-eabi-10.3-2021.10/bin/../lib/gcc/arm-none-eabi/10.3.1/../../../../arm-none-eabi/lib/thumb/v7e-m/nofp\libstdc++.a(new_op.o) (std::bad_alloc::~bad_alloc())
c:/gcc-arm-none-eabi-10.3-2021.10/bin/../lib/gcc/arm-none-eabi/10.3.1/../../../../arm-none-eabi/lib/thumb/v7e-m/nofp\libstdc++.a(bad_cast.o)
                              c:/gcc-arm-none-eabi-10.3-2021.10/bin/../lib/gcc/arm-none-eabi/10.3.1/../../../../arm-none-eabi/lib/thumb/v7e-m/nofp\libstdc++.a(functexcept.o) (std::bad_cast::~bad_cast())
c:/gcc-arm-none-eabi-10.3-2021.10/bin/../lib/gcc/arm-none-eabi/10.3.1/../../../../arm-none-eabi/lib/thumb/v7e-m/nofp\libstdc++.a(bad_typeid.o)
                              c:/gcc-arm-none-eabi-10.3-2021.10/bin/../lib/gcc/arm-none-eabi/10.3.1/../../../../arm-none-eabi/lib/thumb/v7e-m/nofp\libstdc++.a(functexcept.o) (std::bad_typeid::~bad_typeid())
c:/gcc-arm-none-eabi-10.3-2021.10/bin/../lib/gcc/arm-none-eabi/10.3.1/../../../../arm-none-eabi/lib/thumb/v7e-m/nofp\libstdc++.a(del_op.o)
                              c:/gcc-arm-none-eabi-10.3-2021.10/bin/../lib/gcc/arm-none-eabi/10.3.1/../../../../arm-none-eabi/lib/thumb/v7e-m/nofp\libstdc++.a(del_ops.o) (operator delete(void*))
c:/gcc-arm-none-eabi-10.3-2021.10/bin/../lib/gcc/arm-none-eabi/10.3.1/../../../../arm-none-eabi/lib/thumb/v7e-m/nofp\libstdc++.a(eh_alloc.o)
                              c:/gcc-arm-none-eabi-10.3-2021.10/bin/../lib/gcc/arm-none-eabi/10.3.1/../../../../arm-none-eabi/lib/thumb/v7e-m/nofp\libstdc++.a(new_op.o) (__cxa_allocate_exception)
c:/gcc-arm-none-eabi-10.3-2021.10/bin/../lib/gcc/arm-none-eabi/10.3.1/../../../../arm-none-eabi/lib/thumb/v7e-m/nofp\libstdc++.a(eh_arm.o)
                              c:/gcc-arm-none-eabi-10.3-2021.10/bin/../lib/gcc/arm-none-eabi/10.3.1/../../../../arm-none-eabi/lib/thumb/v7e-m/nofp\libstdc++.a(functexcept.o) (__cxa_end_cleanup)
c:/gcc-arm-none-eabi-10.3-2021.10/bin/../lib/gcc/arm-none-eabi/10.3.1/../../../../arm-none-eabi/lib/thumb/v7e-m/nofp\libstdc++.a(eh_catch.o)
                              c:/gcc-arm-none-eabi-10.3-2021.10/bin/../lib/gcc/arm-none-eabi/10.3.1/../../../../arm-none-eabi/lib/thumb/v7e-m/nofp\libstdc++.a(string-inst.o) (__cxa_begin_catch)
c:/gcc-arm-none-eabi-10.3-2021.10/bin/../lib/gcc/arm-none-eabi/10.3.1/../../../../arm-none-eabi/lib/thumb/v7e-m/nofp\libstdc++.a(eh_exception.o)
                              c:/gcc-arm-none-eabi-10.3-2021.10/bin/../lib/gcc/arm-none-eabi/10.3.1/../../../../arm-none-eabi/lib/thumb/v7e-m/nofp\libstdc++.a(bad_alloc.o) (std::exception::~exception())
c:/gcc-arm-none-eabi-10.3-2021.10/bin/../lib/gcc/arm-none-eabi/10.3.1/../../../../arm-none-eabi/lib/thumb/v7e-m/nofp\libstdc++.a(eh_globals.o)
                              c:/gcc-arm-none-eabi-10.3-2021.10/bin/../lib/gcc/arm-none-eabi/10.3.1/../../../../arm-none-eabi/lib/thumb/v7e-m/nofp\libstdc++.a(eh_catch.o) (__cxa_get_globals_fast)
c:/gcc-arm-none-eabi-10.3-2021.10/bin/../lib/gcc/arm-none-eabi/10.3.1/../../../../arm-none-eabi/lib/thumb/v7e-m/nofp\libstdc++.a(eh_personality.o)
[...]
Memory Configuration

Name             Origin             Length             Attributes
PROGRAM_FLASH    0x0000c000         0x00073c00         xr
SRAM_UPPER       0x20000000         0x00010000         xrw
SRAM_LOWER       0x1fff0000         0x00010000         xrw
*default*        0x00000000         0xffffffff

Linker script and memory map

LOAD c:/gcc-arm-none-eabi-10.3-2021.10/bin/../lib/gcc/arm-none-eabi/10.3.1/thumb/v7e-m/nofp/crti.o
LOAD c:/gcc-arm-none-eabi-10.3-2021.10/bin/../lib/gcc/arm-none-eabi/10.3.1/thumb/v7e-m/nofp/crtbegin.o
LOAD c:/gcc-arm-none-eabi-10.3-2021.10/bin/../lib/gcc/arm-none-eabi/10.3.1/../../../../arm-none-eabi/lib/thumb/v7e-m/nofp/crt0.o
LOAD ../main.o
LOAD Startup/startup_mk60d10.o
LOAD Libraries/FEHMotor.o
LOAD Drivers/mcg.o
LOAD Drivers/i2c.o
LOAD Drivers/spi.o
LOAD Drivers/uart.o
LOAD Drivers/ff.o
LOAD Drivers/SDHC.o
LOAD Drivers/lptmr.o
LOAD FEHProteus.o
LOAD Drivers/FEHPropeller.o
LOAD Libraries/FEHUtility.o
LOAD Libraries/FEHIO.o
LOAD Drivers/adc16.o
LOAD Libraries/FEHBuzzer.o
LOAD Libraries/FEHServo.o
LOAD Libraries/FEHLCD.o
LOAD Libraries/FEHAccel.o
LOAD Libraries/FEHBattery.o
LOAD Drivers/FEHXBee.o
LOAD Libraries/FEHRPS.o
LOAD Libraries/FEHSD.o
LOAD Libraries/FEHRandom.o
LOAD c:/gcc-arm-none-eabi-10.3-2021.10/bin/../lib/gcc/arm-none-eabi/10.3.1/../../../../arm-none-eabi/lib/thumb/v7e-m/nofp\libstdc++.a
LOAD c:/gcc-arm-none-eabi-10.3-2021.10/bin/../lib/gcc/arm-none-eabi/10.3.1/../../../../arm-none-eabi/lib/thumb/v7e-m/nofp\libm.a
START GROUP
LOAD c:/gcc-arm-none-eabi-10.3-2021.10/bin/../lib/gcc/arm-none-eabi/10.3.1/thumb/v7e-m/nofp\libgcc.a
LOAD c:/gcc-arm-none-eabi-10.3-2021.10/bin/../lib/gcc/arm-none-eabi/10.3.1/../../../../arm-none-eabi/lib/thumb/v7e-m/nofp\libg.a
LOAD c:/gcc-arm-none-eabi-10.3-2021.10/bin/../lib/gcc/arm-none-eabi/10.3.1/../../../../arm-none-eabi/lib/thumb/v7e-m/nofp\libc.a
END GROUP
START GROUP
LOAD c:/gcc-arm-none-eabi-10.3-2021.10/bin/../lib/gcc/arm-none-eabi/10.3.1/thumb/v7e-m/nofp\libgcc.a
LOAD c:/gcc-arm-none-eabi-10.3-2021.10/bin/../lib/gcc/arm-none-eabi/10.3.1/../../../../arm-none-eabi/lib/thumb/v7e-m/nofp\libc.a
LOAD c:/gcc-arm-none-eabi-10.3-2021.10/bin/../lib/gcc/arm-none-eabi/10.3.1/../../../../arm-none-eabi/lib/thumb/v7e-m/nofp\libnosys.a
END GROUP
LOAD c:/gcc-arm-none-eabi-10.3-2021.10/bin/../lib/gcc/arm-none-eabi/10.3.1/thumb/v7e-m/nofp/crtend.o
LOAD c:/gcc-arm-none-eabi-10.3-2021.10/bin/../lib/gcc/arm-none-eabi/10.3.1/thumb/v7e-m/nofp/crtn.o
                0x0000c000                __base_PROGRAM_FLASH = 0xc000
                0x0000c000                __base_Flash = 0xc000
                0x0007fc00                __top_PROGRAM_FLASH = 0x7fc00
                0x0007fc00                __top_Flash = 0x7fc00
                0x20000000                __base_SRAM_UPPER = 0x20000000
                0x20000000                __base_RAM = 0x20000000
                0x20010000                __top_SRAM_UPPER = 0x20010000
                0x20010000                __top_RAM = 0x20010000
                0x1fff0000                __base_SRAM_LOWER = 0x1fff0000
                0x1fff0000                __base_RAM2 = 0x1fff0000
                0x20000000                __top_SRAM_LOWER = 0x20000000
                0x20000000                __top_RAM2 = 0x20000000

.text           0x0000c000      0x410
 FILL mask 0xff
                0x0000c000                __vectors_start__ = ABSOLUTE (.)
 *(.isr_vector)
 .isr_vector    0x0000c000      0x1bc Startup/startup_mk60d10.o
                0x0000c000                g_pfnVectors
                0x0000c000                __Vectors
                0x0000c1bc                . = ALIGN (0x4)
                0x0000c1bc                __section_table_start = .
                0x0000c1bc                __data_section_table = .
                0x0000c1bc        0x4 LONG 0x248cc LOADADDR (.data)
                0x0000c1c0        0x4 LONG 0x20000000 ADDR (.data)
                0x0000c1c4        0x4 LONG 0x16d0 SIZEOF (.data)
                0x0000c1c8        0x4 LONG 0x248cc LOADADDR (.data_RAM2)
                0x0000c1cc        0x4 LONG 0x1fff0000 ADDR (.data_RAM2)
                0x0000c1d0        0x4 LONG 0x0 SIZEOF (.data_RAM2)
                0x0000c1d4                __data_section_table_end = .
                0x0000c1d4                __bss_section_table = .
                0x0000c1d4        0x4 LONG 0x200016d0 ADDR (.bss)
                0x0000c1d8        0x4 LONG 0x494 SIZEOF (.bss)
                0x0000c1dc        0x4 LONG 0x1fff0000 ADDR (.bss_RAM2)
                0x0000c1e0        0x4 LONG 0x0 SIZEOF (.bss_RAM2)
                0x0000c1e4                __bss_section_table_end = .
                0x0000c1e4                __section_table_end = .
 *(.after_vectors*)
 .after_vectors.init_data
                0x0000c1e4       0x42 Startup/startup_mk60d10.o
                0x0000c1e4                data_init(unsigned int, unsigned int, unsigned int)
 .after_vectors.init_bss
                0x0000c226       0x36 Startup/startup_mk60d10.o
                0x0000c226                bss_init(unsigned int, unsigned int)
 .after_vectors.reset
                0x0000c25c       0xb4 Startup/startup_mk60d10.o
                0x0000c25c                ResetISR
 .after_vectors
                0x0000c310       0x3c Startup/startup_mk60d10.o
                0x0000c310                NMI_Handler
                0x0000c316                HardFault_Handler
                0x0000c31c                MemManage_Handler
                0x0000c322                BusFault_Handler
                0x0000c328                UsageFault_Handler
                0x0000c32e                SVC_Handler
                0x0000c334                DebugMon_Handler
                0x0000c33a                PendSV_Handler
                0x0000c340                SysTick_Handler
                0x0000c346                DMA_Error_DriverIRQHandler
                0x0000c346                LPTMR0_DriverIRQHandler
                0x0000c346                FTM1_DriverIRQHandler
                0x0000c346                FTM2_DriverIRQHandler
                0x0000c346                PIT2_DriverIRQHandler
                0x0000c346                SDHC_DriverIRQHandler
                0x0000c346                I2S0_Tx_DriverIRQHandler
                0x0000c346                TSI0_DriverIRQHandler
                0x0000c346                RTC_Seconds_DriverIRQHandler
                0x0000c346                Reserved109_DriverIRQHandler
                0x0000c346                DMA6_DriverIRQHandler
                0x0000c346                LLWU_DriverIRQHandler
                0x0000c346                MCM_DriverIRQHandler
                0x0000c346                MCG_DriverIRQHandler
                0x0000c346                ENET_1588_Timer_DriverIRQHandler
                0x0000c346                DAC1_DriverIRQHandler
                0x0000c346                SPI1_DriverIRQHandler
                0x0000c346                CMP1_DriverIRQHandler
                0x0000c346                UART5_RX_TX_DriverIRQHandler
                0x0000c346                FTM0_DriverIRQHandler
                0x0000c346                IntDefaultHandler
                0x0000c346                USB0_DriverIRQHandler
                0x0000c346                UART5_ERR_DriverIRQHandler
                0x0000c346                DMA11_DriverIRQHandler
                0x0000c346                DAC0_DriverIRQHandler
                0x0000c346                DMA10_DriverIRQHandler
                0x0000c346                CMP2_DriverIRQHandler
                0x0000c346                UART2_ERR_DriverIRQHandler
                0x0000c346                SPI2_DriverIRQHandler
                0x0000c346                LVD_LVW_DriverIRQHandler
                0x0000c346                RNG_DriverIRQHandler
                0x0000c346                DMA12_DriverIRQHandler
                0x0000c346                DMA4_DriverIRQHandler
                0x0000c346                UART2_RX_TX_DriverIRQHandler
                0x0000c346                USBDCD_DriverIRQHandler
                0x0000c346                UART3_ERR_DriverIRQHandler
                0x0000c346                DMA3_DriverIRQHandler
                0x0000c346                DMA8_DriverIRQHandler
                0x0000c346                DMA9_DriverIRQHandler
                0x0000c346                UART0_ERR_DriverIRQHandler
                0x0000c346                CMT_DriverIRQHandler
                0x0000c346                ADC1_DriverIRQHandler
                0x0000c346                DMA14_DriverIRQHandler
                0x0000c346                PIT3_DriverIRQHandler
                0x0000c346                PIT1_DriverIRQHandler
                0x0000c346                WDOG_EWM_DriverIRQHandler
                0x0000c346                PDB0_DriverIRQHandler
                0x0000c346                Reserved95_DriverIRQHandler
                0x0000c346                RTC_DriverIRQHandler
                0x0000c346                I2S0_Rx_DriverIRQHandler
                0x0000c346                Read_Collision_DriverIRQHandler
                0x0000c346                SWI_DriverIRQHandler
                0x0000c346                UART4_RX_TX_DriverIRQHandler
                0x0000c346                UART4_ERR_DriverIRQHandler
                0x0000c346                DMA0_DriverIRQHandler
                0x0000c346                UART0_LON_DriverIRQHandler
                0x0000c346                Reserved102_DriverIRQHandler
                0x0000c346                DMA1_DriverIRQHandler
                0x0000c346                I2C1_DriverIRQHandler
                0x0000c346                UART3_RX_TX_DriverIRQHandler
                0x0000c346                ENET_Receive_DriverIRQHandler
                0x0000c346                DMA13_DriverIRQHandler
                0x0000c346                ENET_Error_DriverIRQHandler
                0x0000c346                DMA15_DriverIRQHandler
                0x0000c346                SPI0_DriverIRQHandler
                0x0000c346                ADC0_DriverIRQHandler
                0x0000c346                FTFL_DriverIRQHandler
                0x0000c346                CMP0_DriverIRQHandler
                0x0000c346                CAN0_DriverIRQHandler
                0x0000c346                Reserved59_DriverIRQHandler
                0x0000c346                DMA5_DriverIRQHandler
                0x0000c346                UART1_ERR_DriverIRQHandler
                0x0000c346                DMA2_DriverIRQHandler
                0x0000c346                ENET_Transmit_DriverIRQHandler
                0x0000c346                I2C0_DriverIRQHandler
                0x0000c346                CAN1_DriverIRQHandler
                0x0000c346                DMA7_DriverIRQHandler
                0x0000c346                UART1_RX_TX_DriverIRQHandler
                0x0000c346                Reserved108_DriverIRQHandler
                0x00000400                . = 0x400
 *fill*         0x0000c34c       0xb4 ff
                0x0000c400                PROVIDE (__FLASH_CONFIG_START__ = .)
 *(.FlashConfig)
 .FlashConfig   0x0000c400       0x10 Startup/startup_mk60d10.o
                0x0000c410                PROVIDE (__FLASH_CONFIG_END__ = .)
                0x00000001                ASSERT (! ((__FLASH_CONFIG_START__ == __FLASH_CONFIG_END__)), Linker Flash Config Support Enabled, but no .FlashConfig section provided within application)

.glue_7         0x0000c410        0x0
 .glue_7        0x0000c410        0x0 linker stubs

.glue_7t        0x0000c410        0x0
 .glue_7t       0x0000c410        0x0 linker stubs

.vfp11_veneer   0x0000c410        0x0
 .vfp11_veneer  0x0000c410        0x0 linker stubs

.v4_bx          0x0000c410        0x0
 .v4_bx         0x0000c410        0x0 linker stubs

.iplt           0x0000c410        0x0
 .iplt          0x0000c410        0x0 c:/gcc-arm-none-eabi-10.3-2021.10/bin/../lib/gcc/arm-none-eabi/10.3.1/thumb/v7e-m/nofp/crtbegin.o

.text           0x0000c440    0x180e4
 *(.text*)
 .text          0x0000c440       0x40 c:/gcc-arm-none-eabi-10.3-2021.10/bin/../lib/gcc/arm-none-eabi/10.3.1/thumb/v7e-m/nofp/crtbegin.o
 .text._ZNSt7__cxx119to_stringEi
                0x0000c480       0x72 ../main.o
                0x0000c480                std::__cxx11::to_string(int)
 *fill*         0x0000c4f2        0x2 
 .text._ZNSt7__cxx119to_stringEd
                0x0000c4f4       0x38 ../main.o
                0x0000c4f4                std::__cxx11::to_string(double)
 *fill*         0x0000c52c        0x4 
 .text._Z12driveForwardid
                0x0000c530      0x17c ../main.o
                0x0000c530                driveForward(int, double)
 *fill*         0x0000c6ac        0x4 
 .text._Z10driveEqualid
                0x0000c6b0      0x15c ../main.o
                0x0000c6b0                driveEqual(int, double)
 *fill*         0x0000c80c        0x4 
 .text._Z17driveUntilStoppedid
                0x0000c810      0x200 ../main.o
                0x0000c810                driveUntilStopped(int, double)
 .text._Z6backUpid
                0x0000ca10      0x184 ../main.o
                0x0000ca10                backUp(int, double)
 *fill*         0x0000cb94        0x4 
 .text._Z4turnii
                0x0000cb98      0x1d0 ../main.o
                0x0000cb98                turn(int, int)
 .text.main     0x0000cd68      0x1e0 ../main.o
                0x0000cd68                main
 .text._ZNSt8__detail14__to_chars_lenIjEEjT_i
                0x0000cf48       0x7c ../main.o
                0x0000cf48                unsigned int std::__detail::__to_chars_len<unsigned int>(unsigned int, int)
 .text._ZNSt8__detail18__to_chars_10_implIjEEvPcjT_
                0x0000cfc4       0xac ../main.o
                0x0000cfc4                void std::__detail::__to_chars_10_impl<unsigned int>(char*, unsigned int, unsigned int)
 .text._ZN9__gnu_cxx12__to_xstringINSt7__cxx1112basic_stringIcSt11char_traitsIcESaIcEEEcEET_PFiPT0_jPKS8_St9__va_listEjSB_z
                0x0000d070       0x6e ../main.o
                0x0000d070                std::__cxx11::basic_string<char, std::char_traits<char>, std::allocator<char> > __gnu_cxx::__to_xstring<std::__cxx11::basic_string<char, std::char_traits<char>, std::allocator<char> >, char>(int (*)(char*, unsigned int, char const*, std::__va_list), unsigned int, char const*, ...)
 .text._ZStplIcSt11char_traitsIcESaIcEENSt7__cxx1112basic_stringIT_T0_T1_EEPKS5_OS8_
                0x0000d0de       0x30 ../main.o
                0x0000d0de                std::__cxx11::basic_string<char, std::char_traits<char>, std::allocator<char> > std::operator+<char, std::char_traits<char>, std::allocator<char> >(char const*, std::__cxx11::basic_string<char, std::char_traits<char>, std::allocator<char> >&&)
 .text._ZStplIcSt11char_traitsIcESaIcEENSt7__cxx1112basic_stringIT_T0_T1_EEOS8_PKS5_
                0x0000d10e       0x2e ../main.o
                0x0000d10e                std::__cxx11::basic_string<char, std::char_traits<char>, std::allocator<char> > std::operator+<char, std::char_traits<char>, std::allocator<char> >(std::__cxx11::basic_string<char, std::char_traits<char>, std::allocator<char> >&&, char const*)
 .text._ZNSt7__cxx1112basic_stringIcSt11char_traitsIcESaIcEEC2IPcvEET_S7_RKS3_
                0x0000d13c       0x36 ../main.o
                0x0000d13c                std::__cxx11::basic_string<char, std::char_traits<char>, std::allocator<char> >::basic_string<char*, void>(char*, char*, std::allocator<char> const&)
                0x0000d13c                std::__cxx11::basic_string<char, std::char_traits<char>, std::allocator<char> >::basic_string<char*, void>(char*, char*, std::allocator<char> const&)
 .text._ZSt4moveIRNSt7__cxx1112basic_stringIcSt11char_traitsIcESaIcEEEEONSt16remove_referenceIT_E4typeEOS8_
                0x0000d172       0x14 ../main.o
                0x0000d172                std::remove_reference<std::__cxx11::basic_string<char, std::char_traits<char>, std::allocator<char> >&>::type&& std::move<std::__cxx11::basic_string<char, std::char_traits<char>, std::allocator<char> >&>(std::__cxx11::basic_string<char, std::char_traits<char>, std::allocator<char> >&)
 .text._ZNSt7__cxx1112basic_stringIcSt11char_traitsIcESaIcEE12_M_constructIPcEEvT_S7_
                0x0000d186       0x1e ../main.o
                0x0000d186                void std::__cxx11::basic_string<char, std::char_traits<char>, std::allocator<char> >::_M_construct<char*>(char*, char*)
 .text._ZNSt7__cxx1112basic_stringIcSt11char_traitsIcESaIcEE16_M_construct_auxIPcEEvT_S7_St12__false_type
                0x0000d1a4       0x22 ../main.o
                0x0000d1a4                void std::__cxx11::basic_string<char, std::char_traits<char>, std::allocator<char> >::_M_construct_aux<char*>(char*, char*, std::__false_type)
 *fill*         0x0000d1c6        0x2 
 .text._ZNSt7__cxx1112basic_stringIcSt11char_traitsIcESaIcEE12_M_constructIPcEEvT_S7_St20forward_iterator_tag
                0x0000d1c8       0x90 ../main.o
                0x0000d1c8                void std::__cxx11::basic_string<char, std::char_traits<char>, std::allocator<char> >::_M_construct<char*>(char*, char*, std::forward_iterator_tag)
 .text._ZN9__gnu_cxx17__is_null_pointerIcEEbPT_
                0x0000d258       0x1e ../main.o
                0x0000d258                bool __gnu_cxx::__is_null_pointer<char>(char*)
 .text._ZSt8distanceIPcENSt15iterator_traitsIT_E15difference_typeES2_S2_
                0x0000d276       0x28 ../main.o
                0x0000d276                std::iterator_traits<char*>::difference_type std::distance<char*>(char*, char*)
 .text._ZSt19__iterator_categoryIPcENSt15iterator_traitsIT_E17iterator_categoryERKS2_
                0x0000d29e       0x14 ../main.o
                0x0000d29e                std::iterator_traits<char*>::iterator_category std::__iterator_category<char*>(char* const&)
 .text._ZSt10__distanceIPcENSt15iterator_traitsIT_E15difference_typeES2_S2_St26random_access_iterator_tag
                0x0000d2b2       0x1c ../main.o
                0x0000d2b2                std::iterator_traits<char*>::difference_type std::__distance<char*>(char*, char*, std::random_access_iterator_tag)
 *fill*         0x0000d2ce        0x2 
 .text._Z41__static_initialization_and_destruction_0ii
                0x0000d2d0       0x68 ../main.o
 .text._GLOBAL__sub_I_rightEncoder
                0x0000d338       0x10 ../main.o
 .text.PORTD_IRQHandler
                0x0000d348       0x50 Startup/startup_mk60d10.o
                0x0000d348                PORTD_IRQHandler
 .text._Z15InitPowerButtonv
                0x0000d398       0x60 Startup/startup_mk60d10.o
                0x0000d398                InitPowerButton()
 .text._ZL11pll_init_blv
                0x0000d3f8       0xe0 Startup/startup_mk60d10.o
 .text._Z14InitFEHProteusv
                0x0000d4d8       0xec Startup/startup_mk60d10.o
                0x0000d4d8                InitFEHProteus()
 .text.DMA0_IRQHandler
                0x0000d5c4        0xc Startup/startup_mk60d10.o
                0x0000d5c4                DMA0_IRQHandler
 .text.DMA1_IRQHandler
                0x0000d5d0        0xc Startup/startup_mk60d10.o
                0x0000d5d0                DMA1_IRQHandler
 .text.DMA2_IRQHandler
                0x0000d5dc        0xc Startup/startup_mk60d10.o
                0x0000d5dc                DMA2_IRQHandler
 .text.DMA3_IRQHandler
                0x0000d5e8        0xc Startup/startup_mk60d10.o
                0x0000d5e8                DMA3_IRQHandler
 .text.DMA4_IRQHandler
                0x0000d5f4        0xc Startup/startup_mk60d10.o
                0x0000d5f4                DMA4_IRQHandler
 .text.DMA5_IRQHandler
                0x0000d600        0xc Startup/startup_mk60d10.o
                0x0000d600                DMA5_IRQHandler
 .text.DMA6_IRQHandler
                0x0000d60c        0xc Startup/startup_mk60d10.o
                0x0000d60c                DMA6_IRQHandler
 .text.DMA7_IRQHandler
                0x0000d618        0xc Startup/startup_mk60d10.o
                0x0000d618                DMA7_IRQHandler
 .text.DMA8_IRQHandler
                0x0000d624        0xc Startup/startup_mk60d10.o
                0x0000d624                DMA8_IRQHandler
 .text.DMA9_IRQHandler
                0x0000d630        0xc Startup/startup_mk60d10.o
                0x0000d630                DMA9_IRQHandler
 .text.DMA10_IRQHandler
                0x0000d63c        0xc Startup/startup_mk60d10.o
                0x0000d63c                DMA10_IRQHandler
 .text.DMA11_IRQHandler
                0x0000d648        0xc Startup/startup_mk60d10.o
                0x0000d648                DMA11_IRQHandler
 .text.DMA12_IRQHandler
                0x0000d654        0xc Startup/startup_mk60d10.o
                0x0000d654                DMA12_IRQHandler
 .text.DMA13_IRQHandler
                0x0000d660        0xc Startup/startup_mk60d10.o
                0x0000d660                DMA13_IRQHandler
 .text.DMA14_IRQHandler
                0x0000d66c        0xc Startup/startup_mk60d10.o
                0x0000d66c                DMA14_IRQHandler
 .text.DMA15_IRQHandler
                0x0000d678        0xc Startup/startup_mk60d10.o
                0x0000d678                DMA15_IRQHandler
 .text.DMA_Error_IRQHandler
                0x0000d684        0xc Startup/startup_mk60d10.o
                0x0000d684                DMA_Error_IRQHandler
 .text.MCM_IRQHandler
                0x0000d690        0xc Startup/startup_mk60d10.o
                0x0000d690                MCM_IRQHandler
 .text.FTFL_IRQHandler
                0x0000d69c        0xc Startup/startup_mk60d10.o
                0x0000d69c                FTFL_IRQHandler
 .text.Read_Collision_IRQHandler
                0x0000d6a8        0xc Startup/startup_mk60d10.o
                0x0000d6a8                Read_Collision_IRQHandler
 .text.LVD_LVW_IRQHandler
                0x0000d6b4        0xc Startup/startup_mk60d10.o
                0x0000d6b4                LVD_LVW_IRQHandler
 .text.LLWU_IRQHandler
                0x0000d6c0        0xc Startup/startup_mk60d10.o
                0x0000d6c0                LLWU_IRQHandler
 .text.WDOG_EWM_IRQHandler
                0x0000d6cc        0xc Startup/startup_mk60d10.o
                0x0000d6cc                WDOG_EWM_IRQHandler
 .text.RNG_IRQHandler
                0x0000d6d8        0xc Startup/startup_mk60d10.o
                0x0000d6d8                RNG_IRQHandler
 .text.I2C0_IRQHandler
                0x0000d6e4        0xc Startup/startup_mk60d10.o
                0x0000d6e4                I2C0_IRQHandler
 .text.I2C1_IRQHandler
                0x0000d6f0        0xc Startup/startup_mk60d10.o
                0x0000d6f0                I2C1_IRQHandler
 .text.SPI0_IRQHandler
                0x0000d6fc        0xc Startup/startup_mk60d10.o
                0x0000d6fc                SPI0_IRQHandler
 .text.SPI1_IRQHandler
                0x0000d708        0xc Startup/startup_mk60d10.o
                0x0000d708                SPI1_IRQHandler
 .text.SPI2_IRQHandler
                0x0000d714        0xc Startup/startup_mk60d10.o
                0x0000d714                SPI2_IRQHandler
 .text.CAN0_ORed_Message_buffer_IRQHandler
                0x0000d720        0xc Startup/startup_mk60d10.o
                0x0000d720                CAN0_ORed_Message_buffer_IRQHandler
 .text.CAN0_Bus_Off_IRQHandler
                0x0000d72c        0xc Startup/startup_mk60d10.o
                0x0000d72c                CAN0_Bus_Off_IRQHandler
 .text.CAN0_Error_IRQHandler
                0x0000d738        0xc Startup/startup_mk60d10.o
                0x0000d738                CAN0_Error_IRQHandler
 .text.CAN0_Tx_Warning_IRQHandler
                0x0000d744        0xc Startup/startup_mk60d10.o
                0x0000d744                CAN0_Tx_Warning_IRQHandler
 .text.CAN0_Rx_Warning_IRQHandler
                0x0000d750        0xc Startup/startup_mk60d10.o
                0x0000d750                CAN0_Rx_Warning_IRQHandler
 .text.CAN0_Wake_Up_IRQHandler
                0x0000d75c        0xc Startup/startup_mk60d10.o
                0x0000d75c                CAN0_Wake_Up_IRQHandler
 .text.I2S0_Tx_IRQHandler
                0x0000d768        0xc Startup/startup_mk60d10.o
                0x0000d768                I2S0_Tx_IRQHandler
 .text.I2S0_Rx_IRQHandler
                0x0000d774        0xc Startup/startup_mk60d10.o
                0x0000d774                I2S0_Rx_IRQHandler
 .text.CAN1_ORed_Message_buffer_IRQHandler
                0x0000d780        0xc Startup/startup_mk60d10.o
                0x0000d780                CAN1_ORed_Message_buffer_IRQHandler
 .text.CAN1_Bus_Off_IRQHandler
                0x0000d78c        0xc Startup/startup_mk60d10.o
                0x0000d78c                CAN1_Bus_Off_IRQHandler
 .text.CAN1_Error_IRQHandler
                0x0000d798        0xc Startup/startup_mk60d10.o
                0x0000d798                CAN1_Error_IRQHandler
 .text.CAN1_Tx_Warning_IRQHandler
                0x0000d7a4        0xc Startup/startup_mk60d10.o
                0x0000d7a4                CAN1_Tx_Warning_IRQHandler
 .text.CAN1_Rx_Warning_IRQHandler
                0x0000d7b0        0xc Startup/startup_mk60d10.o
                0x0000d7b0                CAN1_Rx_Warning_IRQHandler
 .text.CAN1_Wake_Up_IRQHandler
                0x0000d7bc        0xc Startup/startup_mk60d10.o
                0x0000d7bc                CAN1_Wake_Up_IRQHandler
 .text.Reserved59_IRQHandler
                0x0000d7c8        0xc Startup/startup_mk60d10.o
                0x0000d7c8                Reserved59_IRQHandler
 .text.UART0_LON_IRQHandler
                0x0000d7d4        0xc Startup/startup_mk60d10.o
                0x0000d7d4                UART0_LON_IRQHandler
 .text.UART0_ERR_IRQHandler
                0x0000d7e0        0xc Startup/startup_mk60d10.o
                0x0000d7e0                UART0_ERR_IRQHandler
 .text.UART1_RX_TX_IRQHandler
                0x0000d7ec        0xc Startup/startup_mk60d10.o
                0x0000d7ec                UART1_RX_TX_IRQHandler
 .text.UART1_ERR_IRQHandler
                0x0000d7f8        0xc Startup/startup_mk60d10.o
                0x0000d7f8                UART1_ERR_IRQHandler
 .text.UART2_RX_TX_IRQHandler
                0x0000d804        0xc Startup/startup_mk60d10.o
                0x0000d804                UART2_RX_TX_IRQHandler
 .text.UART2_ERR_IRQHandler
                0x0000d810        0xc Startup/startup_mk60d10.o
                0x0000d810                UART2_ERR_IRQHandler
 .text.UART3_RX_TX_IRQHandler
                0x0000d81c        0xc Startup/startup_mk60d10.o
                0x0000d81c                UART3_RX_TX_IRQHandler
 .text.UART3_ERR_IRQHandler
                0x0000d828        0xc Startup/startup_mk60d10.o
                0x0000d828                UART3_ERR_IRQHandler
 .text.UART4_RX_TX_IRQHandler
                0x0000d834        0xc Startup/startup_mk60d10.o
                0x0000d834                UART4_RX_TX_IRQHandler
 .text.UART4_ERR_IRQHandler
                0x0000d840        0xc Startup/startup_mk60d10.o
                0x0000d840                UART4_ERR_IRQHandler
 .text.UART5_RX_TX_IRQHandler
                0x0000d84c        0xc Startup/startup_mk60d10.o
                0x0000d84c                UART5_RX_TX_IRQHandler
 .text.UART5_ERR_IRQHandler
                0x0000d858        0xc Startup/startup_mk60d10.o
                0x0000d858                UART5_ERR_IRQHandler
 .text.ADC0_IRQHandler
                0x0000d864        0xc Startup/startup_mk60d10.o
                0x0000d864                ADC0_IRQHandler
 .text.ADC1_IRQHandler
                0x0000d870        0xc Startup/startup_mk60d10.o
                0x0000d870                ADC1_IRQHandler
 .text.CMP0_IRQHandler
                0x0000d87c        0xc Startup/startup_mk60d10.o
                0x0000d87c                CMP0_IRQHandler
 .text.CMP1_IRQHandler
                0x0000d888        0xc Startup/startup_mk60d10.o
                0x0000d888                CMP1_IRQHandler
 .text.CMP2_IRQHandler
                0x0000d894        0xc Startup/startup_mk60d10.o
                0x0000d894                CMP2_IRQHandler
 .text.FTM0_IRQHandler
                0x0000d8a0        0xc Startup/startup_mk60d10.o
                0x0000d8a0                FTM0_IRQHandler
 .text.FTM1_IRQHandler
                0x0000d8ac        0xc Startup/startup_mk60d10.o
                0x0000d8ac                FTM1_IRQHandler
 .text.FTM2_IRQHandler
                0x0000d8b8        0xc Startup/startup_mk60d10.o
                0x0000d8b8                FTM2_IRQHandler
 .text.CMT_IRQHandler
                0x0000d8c4        0xc Startup/startup_mk60d10.o
                0x0000d8c4                CMT_IRQHandler
 .text.RTC_IRQHandler
                0x0000d8d0        0xc Startup/startup_mk60d10.o
                0x0000d8d0                RTC_IRQHandler
 .text.RTC_Seconds_IRQHandler
                0x0000d8dc        0xc Startup/startup_mk60d10.o
                0x0000d8dc                RTC_Seconds_IRQHandler
 .text.PIT1_IRQHandler
                0x0000d8e8        0xc Startup/startup_mk60d10.o
                0x0000d8e8                PIT1_IRQHandler
 .text.PIT2_IRQHandler
                0x0000d8f4        0xc Startup/startup_mk60d10.o
                0x0000d8f4                PIT2_IRQHandler
 .text.PIT3_IRQHandler
                0x0000d900        0xc Startup/startup_mk60d10.o
                0x0000d900                PIT3_IRQHandler
 .text.PDB0_IRQHandler
                0x0000d90c        0xc Startup/startup_mk60d10.o
                0x0000d90c                PDB0_IRQHandler
 .text.USB0_IRQHandler
                0x0000d918        0xc Startup/startup_mk60d10.o
                0x0000d918                USB0_IRQHandler
 .text.USBDCD_IRQHandler
                0x0000d924        0xc Startup/startup_mk60d10.o
                0x0000d924                USBDCD_IRQHandler
 .text.ENET_1588_Timer_IRQHandler
                0x0000d930        0xc Startup/startup_mk60d10.o
                0x0000d930                ENET_1588_Timer_IRQHandler
 .text.ENET_Transmit_IRQHandler
                0x0000d93c        0xc Startup/startup_mk60d10.o
                0x0000d93c                ENET_Transmit_IRQHandler
 .text.ENET_Receive_IRQHandler
                0x0000d948        0xc Startup/startup_mk60d10.o
                0x0000d948                ENET_Receive_IRQHandler
 .text.ENET_Error_IRQHandler
                0x0000d954        0xc Startup/startup_mk60d10.o
                0x0000d954                ENET_Error_IRQHandler
 .text.Reserved95_IRQHandler
                0x0000d960        0xc Startup/startup_mk60d10.o
                0x0000d960                Reserved95_IRQHandler
 .text.SDHC_IRQHandler
                0x0000d96c        0xc Startup/startup_mk60d10.o
                0x0000d96c                SDHC_IRQHandler
 .text.DAC0_IRQHandler
                0x0000d978        0xc Startup/startup_mk60d10.o
                0x0000d978                DAC0_IRQHandler
 .text.DAC1_IRQHandler
                0x0000d984        0xc Startup/startup_mk60d10.o
                0x0000d984                DAC1_IRQHandler
 .text.TSI0_IRQHandler
                0x0000d990        0xc Startup/startup_mk60d10.o
                0x0000d990                TSI0_IRQHandler
 .text.MCG_IRQHandler
                0x0000d99c        0xc Startup/startup_mk60d10.o
                0x0000d99c                MCG_IRQHandler
 .text.LPTMR0_IRQHandler
                0x0000d9a8        0xc Startup/startup_mk60d10.o
                0x0000d9a8                LPTMR0_IRQHandler
 .text.Reserved102_IRQHandler
                0x0000d9b4        0xc Startup/startup_mk60d10.o
                0x0000d9b4                Reserved102_IRQHandler
 .text.Reserved108_IRQHandler
                0x0000d9c0        0xc Startup/startup_mk60d10.o
                0x0000d9c0                Reserved108_IRQHandler
 .text.Reserved109_IRQHandler
                0x0000d9cc        0xc Startup/startup_mk60d10.o
                0x0000d9cc                Reserved109_IRQHandler
 .text.SWI_IRQHandler
                0x0000d9d8        0xc Startup/startup_mk60d10.o
                0x0000d9d8                SWI_IRQHandler
 *fill*         0x0000d9e4        0x4 
 .text._ZN8FEHMotorC2ENS_12FEHMotorPortEf
                0x0000d9e8       0x7c Libraries/FEHMotor.o
                0x0000d9e8                FEHMotor::FEHMotor(FEHMotor::FEHMotorPort, float)
                0x0000d9e8                FEHMotor::FEHMotor(FEHMotor::FEHMotorPort, float)
 .text._ZN8FEHMotor4StopEv
                0x0000da64       0x30 Libraries/FEHMotor.o
                0x0000da64                FEHMotor::Stop()
 .text._ZN8FEHMotor8SetPowerEi
                0x0000da94       0x54 Libraries/FEHMotor.o
                0x0000da94                FEHMotor::SetPower(int)
 .text._ZN8FEHMotor10SetPercentEf
                0x0000dae8       0xf8 Libraries/FEHMotor.o
                0x0000dae8                FEHMotor::SetPercent(float)
 .text._Z21IIC_StartTransmissionhh
                0x0000dbe0       0x6c Drivers/i2c.o
                0x0000dbe0                IIC_StartTransmission(unsigned char, unsigned char)
 .text._Z5Pausev
                0x0000dc4c       0x24 Drivers/i2c.o
                0x0000dc4c                Pause()
 .text._Z21MMA8451QWriteRegisterhh
                0x0000dc70       0x68 Drivers/i2c.o
                0x0000dc70                MMA8451QWriteRegister(unsigned char, unsigned char)
 .text._Z8i2c_Waitv
                0x0000dcd8       0x6c Drivers/i2c.o
                0x0000dcd8                i2c_Wait()
 .text._Z12SPI_SendCharh
                0x0000dd44       0x1a Drivers/spi.o
                0x0000dd44                SPI_SendChar(unsigned char)
 .text._Z16SPI_WriteCommandhh
                0x0000dd5e       0x34 Drivers/spi.o
                0x0000dd5e                SPI_WriteCommand(unsigned char, unsigned char)
 .text._Z11SPI_GetCharv
                0x0000dd92       0x10 Drivers/spi.o
                0x0000dd92                SPI_GetChar()
 .text._Z15SPI_ReadCommandh
                0x0000dda2       0x38 Drivers/spi.o
                0x0000dda2                SPI_ReadCommand(unsigned char)
 *fill*         0x0000ddda        0x2 
 .text._Z13SPI_CS_Assertv
                0x0000dddc       0x1c Drivers/spi.o
                0x0000dddc                SPI_CS_Assert()
 .text._Z15SPI_CS_Deassertv
                0x0000ddf8       0x1c Drivers/spi.o
                0x0000ddf8                SPI_CS_Deassert()
 .text._Z12SPI_Transferh
                0x0000de14       0x6c Drivers/spi.o
                0x0000de14                SPI_Transfer(unsigned char)
 .text._Z8SPI_Initv
                0x0000de80       0xa0 Drivers/spi.o
                0x0000de80                SPI_Init()
 .text._Z9uart_initPV11UART_MemMapii
                0x0000df20      0x174 Drivers/uart.o
                0x0000df20                uart_init(UART_MemMap volatile*, int, int)
 .text._Z12uart_getcharPV11UART_MemMap
                0x0000e094       0x32 Drivers/uart.o
                0x0000e094                uart_getchar(UART_MemMap volatile*)
 .text._Z12uart_putcharPV11UART_MemMapc
                0x0000e0c6       0x32 Drivers/uart.o
                0x0000e0c6                uart_putchar(UART_MemMap volatile*, char)
 .text._ZL7mem_setPvij
                0x0000e0f8       0x3c Drivers/ff.o
 .text._ZL11move_windowP5FATFSm
                0x0000e134       0xc8 Drivers/ff.o
 .text._ZL4syncP5FATFS
                0x0000e1fc      0x14c Drivers/ff.o
 .text._ZL8validateP5FATFSt
                0x0000e348       0x54 Drivers/ff.o
 .text._Z6f_syncP3FIL
                0x0000e39c      0x186 Drivers/ff.o
                0x0000e39c                f_sync(FIL*)
 .text._Z7f_closeP3FIL
                0x0000e522       0x28 Drivers/ff.o
                0x0000e522                f_close(FIL*)
 *fill*         0x0000e54a        0x2 
 .text._ZL17SDHC_set_baudratemm
                0x0000e54c       0xe8 Drivers/SDHC.o
 .text._Z9SDHC_initP17esdhc_info_structPK17esdhc_init_struct
                0x0000e634      0x130 Drivers/SDHC.o
                0x0000e634                SDHC_init(esdhc_info_struct*, esdhc_init_struct const*)
 .text._ZL15SDHC_is_runningv
                0x0000e764       0x24 Drivers/SDHC.o
 .text._ZL16SDHC_status_waitm
                0x0000e788       0x2c Drivers/SDHC.o
 .text._ZL17SDHC_send_commandP20esdhc_command_struct
                0x0000e7b4      0x1f8 Drivers/SDHC.o
 .text._Z10SDHC_ioctlmPv
                0x0000e9ac      0x6f0 Drivers/SDHC.o
                0x0000e9ac                SDHC_ioctl(unsigned long, void*)
 .text._ZL14rcvr_datablockPhm
                0x0000f09c       0xf0 Drivers/SDHC.o
 .text._Z9disk_readhPhmh
                0x0000f18c      0x124 Drivers/SDHC.o
                0x0000f18c                disk_read(unsigned char, unsigned char*, unsigned long, unsigned char)
 .text._ZL14xmit_datablockPKhm
                0x0000f2b0       0xa4 Drivers/SDHC.o
 .text._Z10disk_writehPKhmh
                0x0000f354      0x198 Drivers/SDHC.o
                0x0000f354                disk_write(unsigned char, unsigned char const*, unsigned long, unsigned char)
 .text._Z10disk_ioctlhhPv
                0x0000f4ec      0x104 Drivers/SDHC.o
                0x0000f4ec                disk_ioctl(unsigned char, unsigned char, void*)
 .text._Z11disk_statush
                0x0000f5f0       0x28 Drivers/SDHC.o
                0x0000f5f0                disk_status(unsigned char)
 .text._Z13time_delay_msm
                0x0000f618       0x6c Drivers/lptmr.o
                0x0000f618                time_delay_ms(unsigned long)
 .text._Z41__static_initialization_and_destruction_0ii
                0x0000f684       0x2c FEHProteus.o
 .text._GLOBAL__sub_I_Propeller
                0x0000f6b0       0x10 FEHProteus.o
 .text._ZN12FEHPropellerC2Ev
                0x0000f6c0       0x1a Drivers/FEHPropeller.o
                0x0000f6c0                FEHPropeller::FEHPropeller()
                0x0000f6c0                FEHPropeller::FEHPropeller()
 *fill*         0x0000f6da        0x2 
 .text._ZN12FEHPropeller10InitializeEv
                0x0000f6dc       0x74 Drivers/FEHPropeller.o
                0x0000f6dc                FEHPropeller::Initialize()
 .text._ZN12FEHPropeller12SetMotorRateEhhh
                0x0000f750       0x5c Drivers/FEHPropeller.o
                0x0000f750                FEHPropeller::SetMotorRate(unsigned char, unsigned char, unsigned char)
 .text._ZL5Delaymjj
                0x0000f7ac       0x94 Libraries/FEHUtility.o
 .text._Z5Sleepi
                0x0000f840       0x2c Libraries/FEHUtility.o
                0x0000f840                Sleep(int)
 .text._Z5Sleepd
                0x0000f86c       0x4c Libraries/FEHUtility.o
                0x0000f86c                Sleep(double)
 .text._Z7TimeNowv
                0x0000f8b8       0x5c Libraries/FEHUtility.o
                0x0000f8b8                TimeNow()
 .text._ZN14DigitalEncoderC2EN5FEHIO8FEHIOPinE
                0x0000f914       0x26 Libraries/FEHIO.o
                0x0000f914                DigitalEncoder::DigitalEncoder(FEHIO::FEHIOPin)
                0x0000f914                DigitalEncoder::DigitalEncoder(FEHIO::FEHIOPin)
 *fill*         0x0000f93a        0x2 
 .text._Z10enable_irqi
                0x0000f93c      0x11c Libraries/FEHIO.o
                0x0000f93c                enable_irq(int)
 .text._ZN14DigitalEncoder10InitializeEN5FEHIO8FEHIOPinENS0_21FEHIOInterruptTriggerE
                0x0000fa58      0x1a8 Libraries/FEHIO.o
                0x0000fa58                DigitalEncoder::Initialize(FEHIO::FEHIOPin, FEHIO::FEHIOInterruptTrigger)
 .text._Z16PORTB_IRQHandlerv
                0x0000fc00       0x9c Libraries/FEHIO.o
                0x0000fc00                PORTB_IRQHandler()
 .text._Z16PORTC_IRQHandlerv
                0x0000fc9c       0x9c Libraries/FEHIO.o
                0x0000fc9c                PORTC_IRQHandler()
 .text._Z16PORTA_IRQHandlerv
                0x0000fd38       0xa0 Libraries/FEHIO.o
                0x0000fd38                PORTA_IRQHandler()
 .text._Z16PORTE_IRQHandlerv
                0x0000fdd8       0x98 Libraries/FEHIO.o
                0x0000fdd8                PORTE_IRQHandler()
 .text._ZN14DigitalEncoder6CountsEv
                0x0000fe70       0x24 Libraries/FEHIO.o
                0x0000fe70                DigitalEncoder::Counts()
 .text._ZN14DigitalEncoder11ResetCountsEv
                0x0000fe94       0x24 Libraries/FEHIO.o
                0x0000fe94                DigitalEncoder::ResetCounts()
 .text._ZN14AnalogInputPinC2EN5FEHIO8FEHIOPinE
                0x0000feb8       0x1e Libraries/FEHIO.o
                0x0000feb8                AnalogInputPin::AnalogInputPin(FEHIO::FEHIOPin)
                0x0000feb8                AnalogInputPin::AnalogInputPin(FEHIO::FEHIOPin)
 *fill*         0x0000fed6        0x2 
 .text._ZN14AnalogInputPin5ValueEv
                0x0000fed8      0x120 Libraries/FEHIO.o
                0x0000fed8                AnalogInputPin::Value()
 .text._ZN13AnalogEncoder12EncoderValueEv
                0x0000fff8       0xb0 Libraries/FEHIO.o
                0x0000fff8                AnalogEncoder::EncoderValue()
 .text._ZN14AnalogInputPin8InitADCsEv
                0x000100a8       0x98 Libraries/FEHIO.o
                0x000100a8                AnalogInputPin::InitADCs()
 .text._Z15PIT0_IRQHandlerv
                0x00010140       0x28 Libraries/FEHIO.o
                0x00010140                PIT0_IRQHandler()
 .text._ZN13AnalogEncoder4InitEv
                0x00010168       0x44 Libraries/FEHIO.o
                0x00010168                AnalogEncoder::Init()
 .text._ZN13AnalogEncoder14SetCounterInitEj
                0x000101ac       0x20 Libraries/FEHIO.o
                0x000101ac                AnalogEncoder::SetCounterInit(unsigned int)
 .text._ZN13AnalogEncoder10ProcessIntEv
                0x000101cc       0x68 Libraries/FEHIO.o
                0x000101cc                AnalogEncoder::ProcessInt()
 .text._ZN13AnalogEncoder14ProcessIntSelfEv
                0x00010234       0x6e Libraries/FEHIO.o
                0x00010234                AnalogEncoder::ProcessIntSelf()
 .text._Z7ADC_CalPV10ADC_MemMap
                0x000102a2      0x13e Drivers/adc16.o
                0x000102a2                ADC_Cal(ADC_MemMap volatile*)
 .text._Z14ADC_Config_AltPV10ADC_MemMapP7adc_cfg
                0x000103e0       0x6c Drivers/adc16.o
                0x000103e0                ADC_Config_Alt(ADC_MemMap volatile*, adc_cfg*)
 .text._ZN9FEHBuzzerC2Ev
                0x0001044c       0x14 Libraries/FEHBuzzer.o
                0x0001044c                FEHBuzzer::FEHBuzzer()
                0x0001044c                FEHBuzzer::FEHBuzzer()
 .text._Z41__static_initialization_and_destruction_0ii
                0x00010460       0x2c Libraries/FEHBuzzer.o
 .text._GLOBAL__sub_I_Buzzer
                0x0001048c       0x10 Libraries/FEHBuzzer.o
 .text._ZN6FEHLCD11_InitializeEv
                0x0001049c      0x410 Libraries/FEHLCD.o
                0x0001049c                FEHLCD::_Initialize()
 .text._ZN6FEHLCDC2Ev
                0x000108ac       0x50 Libraries/FEHLCD.o
                0x000108ac                FEHLCD::FEHLCD()
                0x000108ac                FEHLCD::FEHLCD()
 .text._ZN6FEHLCD10InitializeEv
                0x000108fc       0x28 Libraries/FEHLCD.o
                0x000108fc                FEHLCD::Initialize()
 .text._ZN6FEHLCD10PrintImageEii
                0x00010924       0xbc Libraries/FEHLCD.o
                0x00010924                FEHLCD::PrintImage(int, int)
 .text._ZN6FEHLCD9PrintLogoEii
                0x000109e0       0xbc Libraries/FEHLCD.o
                0x000109e0                FEHLCD::PrintLogo(int, int)
 .text._ZN6FEHLCD22ConvertFEHColorTo24BitENS_11FEHLCDColorE
                0x00010a9c       0x78 Libraries/FEHLCD.o
                0x00010a9c                FEHLCD::ConvertFEHColorTo24Bit(FEHLCD::FEHLCDColor)
 .text._ZN6FEHLCD24Convert24BitColorTo16BitEj
                0x00010b14       0x30 Libraries/FEHLCD.o
                0x00010b14                FEHLCD::Convert24BitColorTo16Bit(unsigned int)
 .text._ZN6FEHLCD22ConvertRGBColorTo16BitEhhh
                0x00010b44       0x4a Libraries/FEHLCD.o
                0x00010b44                FEHLCD::ConvertRGBColorTo16Bit(unsigned char, unsigned char, unsigned char)
 .text._ZN6FEHLCD5ClearENS_11FEHLCDColorE
                0x00010b8e       0x28 Libraries/FEHLCD.o
                0x00010b8e                FEHLCD::Clear(FEHLCD::FEHLCDColor)
 .text._ZN6FEHLCD5ClearEj
                0x00010bb6       0x2c Libraries/FEHLCD.o
                0x00010bb6                FEHLCD::Clear(unsigned int)
 .text._ZN6FEHLCD18SetBackgroundColorENS_11FEHLCDColorE
                0x00010be2       0x28 Libraries/FEHLCD.o
                0x00010be2                FEHLCD::SetBackgroundColor(FEHLCD::FEHLCDColor)
 .text._ZN6FEHLCD18SetBackgroundColorEj
                0x00010c0a       0x26 Libraries/FEHLCD.o
                0x00010c0a                FEHLCD::SetBackgroundColor(unsigned int)
 .text._ZN6FEHLCD12SetFontColorENS_11FEHLCDColorE
                0x00010c30       0x28 Libraries/FEHLCD.o
                0x00010c30                FEHLCD::SetFontColor(FEHLCD::FEHLCDColor)
 .text._ZN6FEHLCD12SetFontColorEj
                0x00010c58       0x26 Libraries/FEHLCD.o
                0x00010c58                FEHLCD::SetFontColor(unsigned int)
 .text._ZN6FEHLCD7WriteAtEPKcii
                0x00010c7e       0x46 Libraries/FEHLCD.o
                0x00010c7e                FEHLCD::WriteAt(char const*, int, int)
 .text._ZN6FEHLCD11TS_SPI_InitEv
                0x00010cc4       0x7c Libraries/FEHLCD.o
                0x00010cc4                FEHLCD::TS_SPI_Init()
 .text._ZN6FEHLCD5TouchEPfS0_
                0x00010d40      0x1fc Libraries/FEHLCD.o
                0x00010d40                FEHLCD::Touch(float*, float*)
 .text._ZN6FEHLCD3absEi
                0x00010f3c       0x22 Libraries/FEHLCD.o
                0x00010f3c                FEHLCD::abs(int)
 .text._ZN6FEHLCD5WriteEPKc
                0x00010f5e       0x4e Libraries/FEHLCD.o
                0x00010f5e                FEHLCD::Write(char const*)
 .text._ZN6FEHLCD5WriteEf
                0x00010fac       0xc0 Libraries/FEHLCD.o
                0x00010fac                FEHLCD::Write(float)
 .text._ZN6FEHLCD9WriteLineEPKc
                0x0001106c       0x26 Libraries/FEHLCD.o
                0x0001106c                FEHLCD::WriteLine(char const*)
 .text._ZN6FEHLCD9WriteLineEf
                0x00011092       0x26 Libraries/FEHLCD.o
                0x00011092                FEHLCD::WriteLine(float)
 .text._ZN6FEHLCD10WriteIndexEh
                0x000110b8      0x14c Libraries/FEHLCD.o
                0x000110b8                FEHLCD::WriteIndex(unsigned char)
 .text._ZN6FEHLCD14WriteParameterEh
                0x00011204      0x130 Libraries/FEHLCD.o
                0x00011204                FEHLCD::WriteParameter(unsigned char)
 .text._ZN6FEHLCD6_ClearEv
                0x00011334      0x15c Libraries/FEHLCD.o
                0x00011334                FEHLCD::_Clear()
 .text._ZN6FEHLCD8NextLineEv
                0x00011490       0x2a Libraries/FEHLCD.o
                0x00011490                FEHLCD::NextLine()
 .text._ZN6FEHLCD9CheckLineEv
                0x000114ba       0x28 Libraries/FEHLCD.o
                0x000114ba                FEHLCD::CheckLine()
 .text._ZN6FEHLCD8NextCharEv
                0x000114e2       0x32 Libraries/FEHLCD.o
                0x000114e2                FEHLCD::NextChar()
 .text._ZN6FEHLCD13SetDrawRegionEiiii
                0x00011514       0xfe Libraries/FEHLCD.o
                0x00011514                FEHLCD::SetDrawRegion(int, int, int, int)
 .text._ZN6FEHLCD9WriteCharEiic
                0x00011612       0x34 Libraries/FEHLCD.o
                0x00011612                FEHLCD::WriteChar(int, int, char)
 *fill*         0x00011646        0x2 
 .text._ZN6FEHLCD11WriteCharAtEiic
                0x00011648      0x214 Libraries/FEHLCD.o
                0x00011648                FEHLCD::WriteCharAt(int, int, char)
 .text._ZN6FEHLCD11RepeatColorEv
                0x0001185c       0x70 Libraries/FEHLCD.o
                0x0001185c                FEHLCD::RepeatColor()
 .text._ZN6FEHLCD10_ForePixelEv
                0x000118cc       0xc4 Libraries/FEHLCD.o
                0x000118cc                FEHLCD::_ForePixel()
 .text._ZN6FEHLCD10_BackPixelEv
                0x00011990       0xc4 Libraries/FEHLCD.o
                0x00011990                FEHLCD::_BackPixel()
 .text._ZN6FEHLCD22SetRegisterColorValuesEv
                0x00011a54      0x336 Libraries/FEHLCD.o
                0x00011a54                FEHLCD::SetRegisterColorValues()
 *fill*         0x00011d8a        0x2 
 .text._Z41__static_initialization_and_destruction_0ii
                0x00011d8c       0x2c Libraries/FEHLCD.o
 .text._GLOBAL__sub_I_image
                0x00011db8       0x10 Libraries/FEHLCD.o
 .text._ZN8FEHAccelC2Ev
                0x00011dc8       0x70 Libraries/FEHAccel.o
                0x00011dc8                FEHAccel::FEHAccel()
                0x00011dc8                FEHAccel::FEHAccel()
 .text._Z41__static_initialization_and_destruction_0ii
                0x00011e38       0x2c Libraries/FEHAccel.o
 .text._GLOBAL__sub_I_Accel
                0x00011e64       0x10 Libraries/FEHAccel.o
 .text._ZN10FEHBatteryC2EN5FEHIO8FEHIOPinE
                0x00011e74       0x22 Libraries/FEHBattery.o
                0x00011e74                FEHBattery::FEHBattery(FEHIO::FEHIOPin)
                0x00011e74                FEHBattery::FEHBattery(FEHIO::FEHIOPin)
 *fill*         0x00011e96        0x2 
 .text._Z41__static_initialization_and_destruction_0ii
                0x00011e98       0x30 Libraries/FEHBattery.o
 .text._GLOBAL__sub_I_Battery
                0x00011ec8       0x10 Libraries/FEHBattery.o
 .text._ZN7FEHXBeeC2Ev
                0x00011ed8       0x1a Drivers/FEHXBee.o
                0x00011ed8                FEHXBee::FEHXBee()
                0x00011ed8                FEHXBee::FEHXBee()
 *fill*         0x00011ef2        0x2 
 .text._ZN7FEHXBee17SetPacketCallBackEPFvPhhE
                0x00011ef4       0x20 Drivers/FEHXBee.o
                0x00011ef4                FEHXBee::SetPacketCallBack(void (*)(unsigned char*, unsigned char))
 .text._Z22UART0_RX_TX_IRQHandlerv
                0x00011f14       0xec Drivers/FEHXBee.o
                0x00011f14                UART0_RX_TX_IRQHandler()
 .text._ZN6FEHRPSC2Ev
                0x00012000       0x74 Libraries/FEHRPS.o
                0x00012000                FEHRPS::FEHRPS()
                0x00012000                FEHRPS::FEHRPS()
 .text._Z14RPSDataProcessPhh
                0x00012074      0x148 Libraries/FEHRPS.o
                0x00012074                RPSDataProcess(unsigned char*, unsigned char)
 .text._Z41__static_initialization_and_destruction_0ii
                0x000121bc       0x2c Libraries/FEHRPS.o
 .text._GLOBAL__sub_I_RPS
                0x000121e8       0x10 Libraries/FEHRPS.o
 .text._ZN5FEHSDC2Ev
                0x000121f8       0x24 Libraries/FEHSD.o
                0x000121f8                FEHSD::FEHSD()
                0x000121f8                FEHSD::FEHSD()
 .text._ZN5FEHSD9FCloseAllEv
                0x0001221c       0x6c Libraries/FEHSD.o
                0x0001221c                FEHSD::FCloseAll()
 .text._Z41__static_initialization_and_destruction_0ii
                0x00012288       0x2c Libraries/FEHSD.o
 .text._GLOBAL__sub_I_SD
                0x000122b4       0x10 Libraries/FEHSD.o
 .text._ZN9FEHRandom10InitializeEv
                0x000122c4       0x3c Libraries/FEHRandom.o
                0x000122c4                FEHRandom::Initialize()
 .text._ZdlPvj  0x00012300        0x4 c:/gcc-arm-none-eabi-10.3-2021.10/bin/../lib/gcc/arm-none-eabi/10.3.1/../../../../arm-none-eabi/lib/thumb/v7e-m/nofp\libstdc++.a(del_ops.o)
                0x00012300                operator delete(void*, unsigned int)
 .text._Znwj    0x00012304       0x3c c:/gcc-arm-none-eabi-10.3-2021.10/bin/../lib/gcc/arm-none-eabi/10.3.1/../../../../arm-none-eabi/lib/thumb/v7e-m/nofp\libstdc++.a(new_op.o)
                0x00012304                operator new(unsigned int)
 .text._ZNSaIcEC2Ev
                0x00012340        0x4 c:/gcc-arm-none-eabi-10.3-2021.10/bin/../lib/gcc/arm-none-eabi/10.3.1/../../../../arm-none-eabi/lib/thumb/v7e-m/nofp\libstdc++.a(allocator-inst.o)
                0x00012340                std::allocator<char>::allocator()
                0x00012340                std::allocator<char>::allocator()
 .text._ZNSaIcED2Ev
                0x00012344        0x4 c:/gcc-arm-none-eabi-10.3-2021.10/bin/../lib/gcc/arm-none-eabi/10.3.1/../../../../arm-none-eabi/lib/thumb/v7e-m/nofp\libstdc++.a(allocator-inst.o)
                0x00012344                std::allocator<char>::~allocator()
                0x00012344                std::allocator<char>::~allocator()
 .text.unlikely._ZSt17__throw_bad_allocv
                0x00012348       0x20 c:/gcc-arm-none-eabi-10.3-2021.10/bin/../lib/gcc/arm-none-eabi/10.3.1/../../../../arm-none-eabi/lib/thumb/v7e-m/nofp\libstdc++.a(functexcept.o)
                0x00012348                std::__throw_bad_alloc()
 .text.unlikely._ZSt19__throw_logic_errorPKc
                0x00012368       0x30 c:/gcc-arm-none-eabi-10.3-2021.10/bin/../lib/gcc/arm-none-eabi/10.3.1/../../../../arm-none-eabi/lib/thumb/v7e-m/nofp\libstdc++.a(functexcept.o)
                0x00012368                std::__throw_logic_error(char const*)
 .text.unlikely._ZSt20__throw_length_errorPKc
                0x00012398       0x30 c:/gcc-arm-none-eabi-10.3-2021.10/bin/../lib/gcc/arm-none-eabi/10.3.1/../../../../arm-none-eabi/lib/thumb/v7e-m/nofp\libstdc++.a(functexcept.o)
                0x00012398                std::__throw_length_error(char const*)
 .text._ZSt24__throw_out_of_range_fmtPKcz
                0x000123c8       0x60 c:/gcc-arm-none-eabi-10.3-2021.10/bin/../lib/gcc/arm-none-eabi/10.3.1/../../../../arm-none-eabi/lib/thumb/v7e-m/nofp\libstdc++.a(functexcept.o)
                0x000123c8                std::__throw_out_of_range_fmt(char const*, ...)
 .text._ZN9__gnu_cxx26__throw_insufficient_spaceEPKcS1_
                0x00012428       0x4c c:/gcc-arm-none-eabi-10.3-2021.10/bin/../lib/gcc/arm-none-eabi/10.3.1/../../../../arm-none-eabi/lib/thumb/v7e-m/nofp\libstdc++.a(snprintf_lite.o)
                0x00012428                __gnu_cxx::__throw_insufficient_space(char const*, char const*)
 .text._ZN9__gnu_cxx15__concat_size_tEPcjj
                0x00012474       0x60 c:/gcc-arm-none-eabi-10.3-2021.10/bin/../lib/gcc/arm-none-eabi/10.3.1/../../../../arm-none-eabi/lib/thumb/v7e-m/nofp\libstdc++.a(snprintf_lite.o)
                0x00012474                __gnu_cxx::__concat_size_t(char*, unsigned int, unsigned int)
 .text._ZN9__gnu_cxx15__snprintf_liteEPcjPKcSt9__va_list
                0x000124d4       0xac c:/gcc-arm-none-eabi-10.3-2021.10/bin/../lib/gcc/arm-none-eabi/10.3.1/../../../../arm-none-eabi/lib/thumb/v7e-m/nofp\libstdc++.a(snprintf_lite.o)
                0x000124d4                __gnu_cxx::__snprintf_lite(char*, unsigned int, char const*, std::__va_list)
 .text._ZNSt7__cxx1112basic_stringIcSt11char_traitsIcESaIcEE7_M_dataEPc
                0x00012580        0x4 c:/gcc-arm-none-eabi-10.3-2021.10/bin/../lib/gcc/arm-none-eabi/10.3.1/../../../../arm-none-eabi/lib/thumb/v7e-m/nofp\libstdc++.a(string-inst.o)
                0x00012580                std::__cxx11::basic_string<char, std::char_traits<char>, std::allocator<char> >::_M_data(char*)
 .text._ZNKSt7__cxx1112basic_stringIcSt11char_traitsIcESaIcEE7_M_dataEv
                0x00012584        0x4 c:/gcc-arm-none-eabi-10.3-2021.10/bin/../lib/gcc/arm-none-eabi/10.3.1/../../../../arm-none-eabi/lib/thumb/v7e-m/nofp\libstdc++.a(string-inst.o)
                0x00012584                std::__cxx11::basic_string<char, std::char_traits<char>, std::allocator<char> >::_M_data() const
 .text._ZNSt7__cxx1112basic_stringIcSt11char_traitsIcESaIcEE13_M_local_dataEv
                0x00012588        0x4 c:/gcc-arm-none-eabi-10.3-2021.10/bin/../lib/gcc/arm-none-eabi/10.3.1/../../../../arm-none-eabi/lib/thumb/v7e-m/nofp\libstdc++.a(string-inst.o)
                0x00012588                std::__cxx11::basic_string<char, std::char_traits<char>, std::allocator<char> >::_M_local_data()
 .text._ZNSt7__cxx1112basic_stringIcSt11char_traitsIcESaIcEE11_M_capacityEj
                0x0001258c        0x4 c:/gcc-arm-none-eabi-10.3-2021.10/bin/../lib/gcc/arm-none-eabi/10.3.1/../../../../arm-none-eabi/lib/thumb/v7e-m/nofp\libstdc++.a(string-inst.o)
                0x0001258c                std::__cxx11::basic_string<char, std::char_traits<char>, std::allocator<char> >::_M_capacity(unsigned int)
 .text._ZNSt7__cxx1112basic_stringIcSt11char_traitsIcESaIcEE13_M_set_lengthEj
                0x00012590        0xc c:/gcc-arm-none-eabi-10.3-2021.10/bin/../lib/gcc/arm-none-eabi/10.3.1/../../../../arm-none-eabi/lib/thumb/v7e-m/nofp\libstdc++.a(string-inst.o)
                0x00012590                std::__cxx11::basic_string<char, std::char_traits<char>, std::allocator<char> >::_M_set_length(unsigned int)
 .text._ZNSt7__cxx1112basic_stringIcSt11char_traitsIcESaIcEE9_M_createERjj
                0x0001259c       0x48 c:/gcc-arm-none-eabi-10.3-2021.10/bin/../lib/gcc/arm-none-eabi/10.3.1/../../../../arm-none-eabi/lib/thumb/v7e-m/nofp\libstdc++.a(string-inst.o)
                0x0001259c                std::__cxx11::basic_string<char, std::char_traits<char>, std::allocator<char> >::_M_create(unsigned int&, unsigned int)
 .text._ZNSt7__cxx1112basic_stringIcSt11char_traitsIcESaIcEE12_M_constructEjc
                0x000125e4       0x50 c:/gcc-arm-none-eabi-10.3-2021.10/bin/../lib/gcc/arm-none-eabi/10.3.1/../../../../arm-none-eabi/lib/thumb/v7e-m/nofp\libstdc++.a(string-inst.o)
                0x000125e4                std::__cxx11::basic_string<char, std::char_traits<char>, std::allocator<char> >::_M_construct(unsigned int, char)
 .text._ZNSt7__cxx1112basic_stringIcSt11char_traitsIcESaIcEE13_S_copy_charsEPcS5_S5_
                0x00012634       0x14 c:/gcc-arm-none-eabi-10.3-2021.10/bin/../lib/gcc/arm-none-eabi/10.3.1/../../../../arm-none-eabi/lib/thumb/v7e-m/nofp\libstdc++.a(string-inst.o)
                0x00012634                std::__cxx11::basic_string<char, std::char_traits<char>, std::allocator<char> >::_S_copy_chars(char*, char*, char*)
 .text._ZNSt7__cxx1112basic_stringIcSt11char_traitsIcESaIcEE9_M_mutateEjjPKcj
                0x00012648       0xac c:/gcc-arm-none-eabi-10.3-2021.10/bin/../lib/gcc/arm-none-eabi/10.3.1/../../../../arm-none-eabi/lib/thumb/v7e-m/nofp\libstdc++.a(string-inst.o)
                0x00012648                std::__cxx11::basic_string<char, std::char_traits<char>, std::allocator<char> >::_M_mutate(unsigned int, unsigned int, char const*, unsigned int)
 .text._ZNSt7__cxx1112basic_stringIcSt11char_traitsIcESaIcEEC2EjcRKS3_
                0x000126f4       0x14 c:/gcc-arm-none-eabi-10.3-2021.10/bin/../lib/gcc/arm-none-eabi/10.3.1/../../../../arm-none-eabi/lib/thumb/v7e-m/nofp\libstdc++.a(string-inst.o)
                0x000126f4                std::__cxx11::basic_string<char, std::char_traits<char>, std::allocator<char> >::basic_string(unsigned int, char, std::allocator<char> const&)
                0x000126f4                std::__cxx11::basic_string<char, std::char_traits<char>, std::allocator<char> >::basic_string(unsigned int, char, std::allocator<char> const&)
 .text._ZNSt7__cxx1112basic_stringIcSt11char_traitsIcESaIcEEC2EOS4_
                0x00012708       0x40 c:/gcc-arm-none-eabi-10.3-2021.10/bin/../lib/gcc/arm-none-eabi/10.3.1/../../../../arm-none-eabi/lib/thumb/v7e-m/nofp\libstdc++.a(string-inst.o)
                0x00012708                std::__cxx11::basic_string<char, std::char_traits<char>, std::allocator<char> >::basic_string(std::__cxx11::basic_string<char, std::char_traits<char>, std::allocator<char> >&&)
                0x00012708                std::__cxx11::basic_string<char, std::char_traits<char>, std::allocator<char> >::basic_string(std::__cxx11::basic_string<char, std::char_traits<char>, std::allocator<char> >&&)
 .text._ZNSt7__cxx1112basic_stringIcSt11char_traitsIcESaIcEED2Ev
                0x00012748       0x18 c:/gcc-arm-none-eabi-10.3-2021.10/bin/../lib/gcc/arm-none-eabi/10.3.1/../../../../arm-none-eabi/lib/thumb/v7e-m/nofp\libstdc++.a(string-inst.o)
                0x00012748                std::__cxx11::basic_string<char, std::char_traits<char>, std::allocator<char> >::~basic_string()
                0x00012748                std::__cxx11::basic_string<char, std::char_traits<char>, std::allocator<char> >::~basic_string()
 .text._ZNSt7__cxx1112basic_stringIcSt11char_traitsIcESaIcEEixEj
                0x00012760        0x8 c:/gcc-arm-none-eabi-10.3-2021.10/bin/../lib/gcc/arm-none-eabi/10.3.1/../../../../arm-none-eabi/lib/thumb/v7e-m/nofp\libstdc++.a(string-inst.o)
                0x00012760                std::__cxx11::basic_string<char, std::char_traits<char>, std::allocator<char> >::operator[](unsigned int)
 .text._ZNSt7__cxx1112basic_stringIcSt11char_traitsIcESaIcEE10_M_replaceEjjPKcj
                0x00012768      0x18c c:/gcc-arm-none-eabi-10.3-2021.10/bin/../lib/gcc/arm-none-eabi/10.3.1/../../../../arm-none-eabi/lib/thumb/v7e-m/nofp\libstdc++.a(string-inst.o)
                0x00012768                std::__cxx11::basic_string<char, std::char_traits<char>, std::allocator<char> >::_M_replace(unsigned int, unsigned int, char const*, unsigned int)
 .text._ZNSt7__cxx1112basic_stringIcSt11char_traitsIcESaIcEE6insertEjPKc
                0x000128f4       0x3c c:/gcc-arm-none-eabi-10.3-2021.10/bin/../lib/gcc/arm-none-eabi/10.3.1/../../../../arm-none-eabi/lib/thumb/v7e-m/nofp\libstdc++.a(string-inst.o)
                0x000128f4                std::__cxx11::basic_string<char, std::char_traits<char>, std::allocator<char> >::insert(unsigned int, char const*)
 .text._ZNSt7__cxx1112basic_stringIcSt11char_traitsIcESaIcEE9_M_appendEPKcj
                0x00012930       0x54 c:/gcc-arm-none-eabi-10.3-2021.10/bin/../lib/gcc/arm-none-eabi/10.3.1/../../../../arm-none-eabi/lib/thumb/v7e-m/nofp\libstdc++.a(string-inst.o)
                0x00012930                std::__cxx11::basic_string<char, std::char_traits<char>, std::allocator<char> >::_M_append(char const*, unsigned int)
 .text._ZNSt7__cxx1112basic_stringIcSt11char_traitsIcESaIcEE6appendEPKc
                0x00012984       0x30 c:/gcc-arm-none-eabi-10.3-2021.10/bin/../lib/gcc/arm-none-eabi/10.3.1/../../../../arm-none-eabi/lib/thumb/v7e-m/nofp\libstdc++.a(string-inst.o)
                0x00012984                std::__cxx11::basic_string<char, std::char_traits<char>, std::allocator<char> >::append(char const*)
 .text._ZNKSt7__cxx1112basic_stringIcSt11char_traitsIcESaIcEE5c_strEv
                0x000129b4        0x4 c:/gcc-arm-none-eabi-10.3-2021.10/bin/../lib/gcc/arm-none-eabi/10.3.1/../../../../arm-none-eabi/lib/thumb/v7e-m/nofp\libstdc++.a(string-inst.o)
                0x000129b4                std::__cxx11::basic_string<char, std::char_traits<char>, std::allocator<char> >::c_str() const
 .text._ZNSt7__cxx1112basic_stringIcSt11char_traitsIcESaIcEE12_Alloc_hiderC2EPcRKS3_
                0x000129b8        0x4 c:/gcc-arm-none-eabi-10.3-2021.10/bin/../lib/gcc/arm-none-eabi/10.3.1/../../../../arm-none-eabi/lib/thumb/v7e-m/nofp\libstdc++.a(string-inst.o)
                0x000129b8                std::__cxx11::basic_string<char, std::char_traits<char>, std::allocator<char> >::_Alloc_hider::_Alloc_hider(char*, std::allocator<char> const&)
                0x000129b8                std::__cxx11::basic_string<char, std::char_traits<char>, std::allocator<char> >::_Alloc_hider::_Alloc_hider(char*, std::allocator<char> const&)
 .text._ZNKSt9bad_alloc4whatEv
                0x000129bc        0x8 c:/gcc-arm-none-eabi-10.3-2021.10/bin/../lib/gcc/arm-none-eabi/10.3.1/../../../../arm-none-eabi/lib/thumb/v7e-m/nofp\libstdc++.a(bad_alloc.o)
                0x000129bc                std::bad_alloc::what() const
 .text._ZNSt9bad_allocD2Ev
                0x000129c4       0x14 c:/gcc-arm-none-eabi-10.3-2021.10/bin/../lib/gcc/arm-none-eabi/10.3.1/../../../../arm-none-eabi/lib/thumb/v7e-m/nofp\libstdc++.a(bad_alloc.o)
                0x000129c4                std::bad_alloc::~bad_alloc()
                0x000129c4                std::bad_alloc::~bad_alloc()
 .text._ZNSt9bad_allocD0Ev
                0x000129d8       0x1c c:/gcc-arm-none-eabi-10.3-2021.10/bin/../lib/gcc/arm-none-eabi/10.3.1/../../../../arm-none-eabi/lib/thumb/v7e-m/nofp\libstdc++.a(bad_alloc.o)
                0x000129d8                std::bad_alloc::~bad_alloc()
 .text._ZdlPv   0x000129f4        0x4 c:/gcc-arm-none-eabi-10.3-2021.10/bin/../lib/gcc/arm-none-eabi/10.3.1/../../../../arm-none-eabi/lib/thumb/v7e-m/nofp\libstdc++.a(del_op.o)
                0x000129f4                operator delete(void*)
 .text._ZN12_GLOBAL__N_14pool4freeEPv.constprop.0
                0x000129f8       0x88 c:/gcc-arm-none-eabi-10.3-2021.10/bin/../lib/gcc/arm-none-eabi/10.3.1/../../../../arm-none-eabi/lib/thumb/v7e-m/nofp\libstdc++.a(eh_alloc.o)
 .text._ZN12_GLOBAL__N_14pool8allocateEj.constprop.0
                0x00012a80       0x5c c:/gcc-arm-none-eabi-10.3-2021.10/bin/../lib/gcc/arm-none-eabi/10.3.1/../../../../arm-none-eabi/lib/thumb/v7e-m/nofp\libstdc++.a(eh_alloc.o)
 .text.__cxa_allocate_exception
                0x00012adc       0x30 c:/gcc-arm-none-eabi-10.3-2021.10/bin/../lib/gcc/arm-none-eabi/10.3.1/../../../../arm-none-eabi/lib/thumb/v7e-m/nofp\libstdc++.a(eh_alloc.o)
                0x00012adc                __cxa_allocate_exception
 .text.__cxa_free_exception
                0x00012b0c       0x20 c:/gcc-arm-none-eabi-10.3-2021.10/bin/../lib/gcc/arm-none-eabi/10.3.1/../../../../arm-none-eabi/lib/thumb/v7e-m/nofp\libstdc++.a(eh_alloc.o)
                0x00012b0c                __cxa_free_exception
 .text.startup._GLOBAL__sub_I__ZN9__gnu_cxx9__freeresEv
                0x00012b2c       0x28 c:/gcc-arm-none-eabi-10.3-2021.10/bin/../lib/gcc/arm-none-eabi/10.3.1/../../../../arm-none-eabi/lib/thumb/v7e-m/nofp\libstdc++.a(eh_alloc.o)
 .text.__cxa_end_cleanup
                0x00012b54        0xc c:/gcc-arm-none-eabi-10.3-2021.10/bin/../lib/gcc/arm-none-eabi/10.3.1/../../../../arm-none-eabi/lib/thumb/v7e-m/nofp\libstdc++.a(eh_arm.o)
                0x00012b54                __cxa_end_cleanup
 .text.__cxa_type_match
                0x00012b60       0xb4 c:/gcc-arm-none-eabi-10.3-2021.10/bin/../lib/gcc/arm-none-eabi/10.3.1/../../../../arm-none-eabi/lib/thumb/v7e-m/nofp\libstdc++.a(eh_arm.o)
                0x00012b60                __cxa_type_match
 .text.__cxa_begin_cleanup
                0x00012c14       0x64 c:/gcc-arm-none-eabi-10.3-2021.10/bin/../lib/gcc/arm-none-eabi/10.3.1/../../../../arm-none-eabi/lib/thumb/v7e-m/nofp\libstdc++.a(eh_arm.o)
                0x00012c14                __cxa_begin_cleanup
 .text.__gnu_end_cleanup
                0x00012c78       0x70 c:/gcc-arm-none-eabi-10.3-2021.10/bin/../lib/gcc/arm-none-eabi/10.3.1/../../../../arm-none-eabi/lib/thumb/v7e-m/nofp\libstdc++.a(eh_arm.o)
                0x00012c78                __gnu_end_cleanup
 .text.__cxa_begin_catch
                0x00012ce8       0x7c c:/gcc-arm-none-eabi-10.3-2021.10/bin/../lib/gcc/arm-none-eabi/10.3.1/../../../../arm-none-eabi/lib/thumb/v7e-m/nofp\libstdc++.a(eh_catch.o)
                0x00012ce8                __cxa_begin_catch
 .text.__cxa_end_catch
                0x00012d64       0x8c c:/gcc-arm-none-eabi-10.3-2021.10/bin/../lib/gcc/arm-none-eabi/10.3.1/../../../../arm-none-eabi/lib/thumb/v7e-m/nofp\libstdc++.a(eh_catch.o)
                0x00012d64                __cxa_end_catch
 .text._ZNSt9exceptionD2Ev
                0x00012df0        0x4 c:/gcc-arm-none-eabi-10.3-2021.10/bin/../lib/gcc/arm-none-eabi/10.3.1/../../../../arm-none-eabi/lib/thumb/v7e-m/nofp\libstdc++.a(eh_exception.o)
                0x00012df0                std::exception::~exception()
                0x00012df0                std::exception::~exception()
 .text._ZNSt13bad_exceptionD2Ev
                0x00012df4        0x4 c:/gcc-arm-none-eabi-10.3-2021.10/bin/../lib/gcc/arm-none-eabi/10.3.1/../../../../arm-none-eabi/lib/thumb/v7e-m/nofp\libstdc++.a(eh_exception.o)
                0x00012df4                std::bad_exception::~bad_exception()
                0x00012df4                std::bad_exception::~bad_exception()
 .text._ZNKSt13bad_exception4whatEv
                0x00012df8        0x8 c:/gcc-arm-none-eabi-10.3-2021.10/bin/../lib/gcc/arm-none-eabi/10.3.1/../../../../arm-none-eabi/lib/thumb/v7e-m/nofp\libstdc++.a(eh_exception.o)
                0x00012df8                std::bad_exception::what() const
                0x00012df8                transaction clone for std::bad_exception::what() const
 .text._ZNSt13bad_exceptionD0Ev
                0x00012e00       0x10 c:/gcc-arm-none-eabi-10.3-2021.10/bin/../lib/gcc/arm-none-eabi/10.3.1/../../../../arm-none-eabi/lib/thumb/v7e-m/nofp\libstdc++.a(eh_exception.o)
                0x00012e00                std::bad_exception::~bad_exception()
 .text.__cxa_get_globals_fast
                0x00012e10        0x8 c:/gcc-arm-none-eabi-10.3-2021.10/bin/../lib/gcc/arm-none-eabi/10.3.1/../../../../arm-none-eabi/lib/thumb/v7e-m/nofp\libstdc++.a(eh_globals.o)
                0x00012e10                __cxa_get_globals_fast
 .text.__cxa_get_globals
                0x00012e18        0x8 c:/gcc-arm-none-eabi-10.3-2021.10/bin/../lib/gcc/arm-none-eabi/10.3.1/../../../../arm-none-eabi/lib/thumb/v7e-m/nofp\libstdc++.a(eh_globals.o)
                0x00012e18                __cxa_get_globals
 .text._ZL28read_encoded_value_with_basehjPKhPj
                0x00012e20       0xc0 c:/gcc-arm-none-eabi-10.3-2021.10/bin/../lib/gcc/arm-none-eabi/10.3.1/../../../../arm-none-eabi/lib/thumb/v7e-m/nofp\libstdc++.a(eh_personality.o)
 .text._ZL21base_of_encoded_valuehP15_Unwind_Context
                0x00012ee0       0x48 c:/gcc-arm-none-eabi-10.3-2021.10/bin/../lib/gcc/arm-none-eabi/10.3.1/../../../../arm-none-eabi/lib/thumb/v7e-m/nofp\libstdc++.a(eh_personality.o)
 .text._ZL17parse_lsda_headerP15_Unwind_ContextPKhP16lsda_header_info
                0x00012f28       0x94 c:/gcc-arm-none-eabi-10.3-2021.10/bin/../lib/gcc/arm-none-eabi/10.3.1/../../../../arm-none-eabi/lib/thumb/v7e-m/nofp\libstdc++.a(eh_personality.o)
 .text.__gxx_personality_v0
                0x00012fbc      0x4a8 c:/gcc-arm-none-eabi-10.3-2021.10/bin/../lib/gcc/arm-none-eabi/10.3.1/../../../../arm-none-eabi/lib/thumb/v7e-m/nofp\libstdc++.a(eh_personality.o)
                0x00012fbc                __gxx_personality_v0
 .text._ZN10__cxxabiv111__terminateEPFvvE
                0x00013464       0x28 c:/gcc-arm-none-eabi-10.3-2021.10/bin/../lib/gcc/arm-none-eabi/10.3.1/../../../../arm-none-eabi/lib/thumb/v7e-m/nofp\libstdc++.a(eh_terminate.o)
                0x00013464                __cxxabiv1::__terminate(void (*)())
 .text._ZSt9terminatev
                0x0001348c       0x14 c:/gcc-arm-none-eabi-10.3-2021.10/bin/../lib/gcc/arm-none-eabi/10.3.1/../../../../arm-none-eabi/lib/thumb/v7e-m/nofp\libstdc++.a(eh_terminate.o)
                0x0001348c                std::terminate()
 .text._ZN10__cxxabiv112__unexpectedEPFvvE
                0x000134a0        0x8 c:/gcc-arm-none-eabi-10.3-2021.10/bin/../lib/gcc/arm-none-eabi/10.3.1/../../../../arm-none-eabi/lib/thumb/v7e-m/nofp\libstdc++.a(eh_terminate.o)
                0x000134a0                __cxxabiv1::__unexpected(void (*)())
 .text._ZSt10unexpectedv
                0x000134a8       0x14 c:/gcc-arm-none-eabi-10.3-2021.10/bin/../lib/gcc/arm-none-eabi/10.3.1/../../../../arm-none-eabi/lib/thumb/v7e-m/nofp\libstdc++.a(eh_terminate.o)
                0x000134a8                std::unexpected()
 .text._ZSt13get_terminatev
                0x000134bc       0x10 c:/gcc-arm-none-eabi-10.3-2021.10/bin/../lib/gcc/arm-none-eabi/10.3.1/../../../../arm-none-eabi/lib/thumb/v7e-m/nofp\libstdc++.a(eh_terminate.o)
                0x000134bc                std::get_terminate()
 .text._ZSt14get_unexpectedv
                0x000134cc       0x10 c:/gcc-arm-none-eabi-10.3-2021.10/bin/../lib/gcc/arm-none-eabi/10.3.1/../../../../arm-none-eabi/lib/thumb/v7e-m/nofp\libstdc++.a(eh_terminate.o)
                0x000134cc                std::get_unexpected()
 .text._ZL23__gxx_exception_cleanup19_Unwind_Reason_CodeP21_Unwind_Control_Block
                0x000134dc       0x44 c:/gcc-arm-none-eabi-10.3-2021.10/bin/../lib/gcc/arm-none-eabi/10.3.1/../../../../arm-none-eabi/lib/thumb/v7e-m/nofp\libstdc++.a(eh_throw.o)
 .text.__cxa_init_primary_exception
                0x00013520       0x58 c:/gcc-arm-none-eabi-10.3-2021.10/bin/../lib/gcc/arm-none-eabi/10.3.1/../../../../arm-none-eabi/lib/thumb/v7e-m/nofp\libstdc++.a(eh_throw.o)
                0x00013520                __cxa_init_primary_exception
 .text.__cxa_throw
                0x00013578       0x34 c:/gcc-arm-none-eabi-10.3-2021.10/bin/../lib/gcc/arm-none-eabi/10.3.1/../../../../arm-none-eabi/lib/thumb/v7e-m/nofp\libstdc++.a(eh_throw.o)
                0x00013578                __cxa_throw
 .text.__cxa_rethrow
                0x000135ac       0x70 c:/gcc-arm-none-eabi-10.3-2021.10/bin/../lib/gcc/arm-none-eabi/10.3.1/../../../../arm-none-eabi/lib/thumb/v7e-m/nofp\libstdc++.a(eh_throw.o)
                0x000135ac                __cxa_rethrow
 .text._ZSt15get_new_handlerv
                0x0001361c       0x10 c:/gcc-arm-none-eabi-10.3-2021.10/bin/../lib/gcc/arm-none-eabi/10.3.1/../../../../arm-none-eabi/lib/thumb/v7e-m/nofp\libstdc++.a(new_handler.o)
                0x0001361c                std::get_new_handler()
 .text._ZN10__cxxabiv120__si_class_type_infoD2Ev
                0x0001362c       0x14 c:/gcc-arm-none-eabi-10.3-2021.10/bin/../lib/gcc/arm-none-eabi/10.3.1/../../../../arm-none-eabi/lib/thumb/v7e-m/nofp\libstdc++.a(si_class_type_info.o)
                0x0001362c                __cxxabiv1::__si_class_type_info::~__si_class_type_info()
                0x0001362c                __cxxabiv1::__si_class_type_info::~__si_class_type_info()
 .text._ZN10__cxxabiv120__si_class_type_infoD0Ev
                0x00013640       0x1c c:/gcc-arm-none-eabi-10.3-2021.10/bin/../lib/gcc/arm-none-eabi/10.3.1/../../../../arm-none-eabi/lib/thumb/v7e-m/nofp\libstdc++.a(si_class_type_info.o)
                0x00013640                __cxxabiv1::__si_class_type_info::~__si_class_type_info()
 .text._ZNK10__cxxabiv120__si_class_type_info20__do_find_public_srcEiPKvPKNS_17__class_type_infoES2_
                0x0001365c       0x3c c:/gcc-arm-none-eabi-10.3-2021.10/bin/../lib/gcc/arm-none-eabi/10.3.1/../../../../arm-none-eabi/lib/thumb/v7e-m/nofp\libstdc++.a(si_class_type_info.o)
                0x0001365c                __cxxabiv1::__si_class_type_info::__do_find_public_src(int, void const*, __cxxabiv1::__class_type_info const*, void const*) const
 .text._ZNK10__cxxabiv120__si_class_type_info12__do_dyncastEiNS_17__class_type_info10__sub_kindEPKS1_PKvS4_S6_RNS1_16__dyncast_resultE
                0x00013698       0x84 c:/gcc-arm-none-eabi-10.3-2021.10/bin/../lib/gcc/arm-none-eabi/10.3.1/../../../../arm-none-eabi/lib/thumb/v7e-m/nofp\libstdc++.a(si_class_type_info.o)
                0x00013698                __cxxabiv1::__si_class_type_info::__do_dyncast(int, __cxxabiv1::__class_type_info::__sub_kind, __cxxabiv1::__class_type_info const*, void const*, __cxxabiv1::__class_type_info const*, void const*, __cxxabiv1::__class_type_info::__dyncast_result&) const
 .text._ZNK10__cxxabiv120__si_class_type_info11__do_upcastEPKNS_17__class_type_infoEPKvRNS1_15__upcast_resultE
                0x0001371c       0x2c c:/gcc-arm-none-eabi-10.3-2021.10/bin/../lib/gcc/arm-none-eabi/10.3.1/../../../../arm-none-eabi/lib/thumb/v7e-m/nofp\libstdc++.a(si_class_type_info.o)
                0x0001371c                __cxxabiv1::__si_class_type_info::__do_upcast(__cxxabiv1::__class_type_info const*, void const*, __cxxabiv1::__class_type_info::__upcast_result&) const
 .text._ZNSt9type_infoD2Ev
                0x00013748        0x4 c:/gcc-arm-none-eabi-10.3-2021.10/bin/../lib/gcc/arm-none-eabi/10.3.1/../../../../arm-none-eabi/lib/thumb/v7e-m/nofp\libstdc++.a(tinfo.o)
                0x00013748                std::type_info::~type_info()
                0x00013748                std::type_info::~type_info()
 .text._ZNKSt9type_info14__is_pointer_pEv
                0x0001374c        0x4 c:/gcc-arm-none-eabi-10.3-2021.10/bin/../lib/gcc/arm-none-eabi/10.3.1/../../../../arm-none-eabi/lib/thumb/v7e-m/nofp\libstdc++.a(tinfo.o)
                0x0001374c                std::type_info::__is_pointer_p() const
                0x0001374c                std::type_info::__is_function_p() const
 .text._ZNKSt9type_infoeqERKS_
                0x00013750       0x2c c:/gcc-arm-none-eabi-10.3-2021.10/bin/../lib/gcc/arm-none-eabi/10.3.1/../../../../arm-none-eabi/lib/thumb/v7e-m/nofp\libstdc++.a(tinfo.o)
                0x00013750                std::type_info::operator==(std::type_info const&) const
 .text._ZN9__gnu_cxx27__verbose_terminate_handlerEv
                0x0001377c      0x10c c:/gcc-arm-none-eabi-10.3-2021.10/bin/../lib/gcc/arm-none-eabi/10.3.1/../../../../arm-none-eabi/lib/thumb/v7e-m/nofp\libstdc++.a(vterminate.o)
                0x0001377c                __gnu_cxx::__verbose_terminate_handler()
 .text._ZNKSt11logic_error4whatEv
                0x00013888        0x4 c:/gcc-arm-none-eabi-10.3-2021.10/bin/../lib/gcc/arm-none-eabi/10.3.1/../../../../arm-none-eabi/lib/thumb/v7e-m/nofp\libstdc++.a(stdexcept.o)
                0x00013888                std::logic_error::what() const
                0x00013888                std::runtime_error::what() const
 .text._ZNSt11logic_errorD2Ev
                0x0001388c       0x40 c:/gcc-arm-none-eabi-10.3-2021.10/bin/../lib/gcc/arm-none-eabi/10.3.1/../../../../arm-none-eabi/lib/thumb/v7e-m/nofp\libstdc++.a(stdexcept.o)
                0x0001388c                std::logic_error::~logic_error()
                0x0001388c                std::logic_error::~logic_error()
 .text._ZNSt12length_errorD2Ev
                0x000138cc       0x40 c:/gcc-arm-none-eabi-10.3-2021.10/bin/../lib/gcc/arm-none-eabi/10.3.1/../../../../arm-none-eabi/lib/thumb/v7e-m/nofp\libstdc++.a(stdexcept.o)
                0x000138cc                std::length_error::~length_error()
                0x000138cc                std::length_error::~length_error()
 .text._ZNSt12out_of_rangeD2Ev
                0x0001390c       0x40 c:/gcc-arm-none-eabi-10.3-2021.10/bin/../lib/gcc/arm-none-eabi/10.3.1/../../../../arm-none-eabi/lib/thumb/v7e-m/nofp\libstdc++.a(stdexcept.o)
                0x0001390c                std::out_of_range::~out_of_range()
                0x0001390c                std::out_of_range::~out_of_range()
 .text._ZNSt11logic_errorD0Ev
                0x0001394c       0x48 c:/gcc-arm-none-eabi-10.3-2021.10/bin/../lib/gcc/arm-none-eabi/10.3.1/../../../../arm-none-eabi/lib/thumb/v7e-m/nofp\libstdc++.a(stdexcept.o)
                0x0001394c                std::logic_error::~logic_error()
 .text._ZNSt12out_of_rangeD0Ev
                0x00013994       0x48 c:/gcc-arm-none-eabi-10.3-2021.10/bin/../lib/gcc/arm-none-eabi/10.3.1/../../../../arm-none-eabi/lib/thumb/v7e-m/nofp\libstdc++.a(stdexcept.o)
                0x00013994                std::out_of_range::~out_of_range()
 .text._ZNSt12length_errorD0Ev
                0x000139dc       0x48 c:/gcc-arm-none-eabi-10.3-2021.10/bin/../lib/gcc/arm-none-eabi/10.3.1/../../../../arm-none-eabi/lib/thumb/v7e-m/nofp\libstdc++.a(stdexcept.o)
                0x000139dc                std::length_error::~length_error()
 .text._ZNSt11logic_errorC2EPKc
                0x00013a24       0x80 c:/gcc-arm-none-eabi-10.3-2021.10/bin/../lib/gcc/arm-none-eabi/10.3.1/../../../../arm-none-eabi/lib/thumb/v7e-m/nofp\libstdc++.a(cow-stdexcept.o)
                0x00013a24                std::logic_error::logic_error(char const*)
                0x00013a24                std::logic_error::logic_error(char const*)
 .text._ZNSt12length_errorC2EPKc
                0x00013aa4       0x14 c:/gcc-arm-none-eabi-10.3-2021.10/bin/../lib/gcc/arm-none-eabi/10.3.1/../../../../arm-none-eabi/lib/thumb/v7e-m/nofp\libstdc++.a(cow-stdexcept.o)
                0x00013aa4                std::length_error::length_error(char const*)
                0x00013aa4                std::length_error::length_error(char const*)
 .text._ZNSt12out_of_rangeC2EPKc
                0x00013ab8       0x14 c:/gcc-arm-none-eabi-10.3-2021.10/bin/../lib/gcc/arm-none-eabi/10.3.1/../../../../arm-none-eabi/lib/thumb/v7e-m/nofp\libstdc++.a(cow-stdexcept.o)
                0x00013ab8                std::out_of_range::out_of_range(char const*)
                0x00013ab8                std::out_of_range::out_of_range(char const*)
 .text._ZNSs4_Rep9_S_createEjjRKSaIcE
                0x00013acc       0x78 c:/gcc-arm-none-eabi-10.3-2021.10/bin/../lib/gcc/arm-none-eabi/10.3.1/../../../../arm-none-eabi/lib/thumb/v7e-m/nofp\libstdc++.a(cow-string-inst.o)
                0x00013acc                std::string::_Rep::_S_create(unsigned int, unsigned int, std::allocator<char> const&)
 .text._ZNSs4_Rep10_M_destroyERKSaIcE
                0x00013b44        0x4 c:/gcc-arm-none-eabi-10.3-2021.10/bin/../lib/gcc/arm-none-eabi/10.3.1/../../../../arm-none-eabi/lib/thumb/v7e-m/nofp\libstdc++.a(cow-string-inst.o)
                0x00013b44                std::string::_Rep::_M_destroy(std::allocator<char> const&)
 .text._ZNK10__cxxabiv117__class_type_info11__do_upcastEPKS0_PPv
                0x00013b48       0x34 c:/gcc-arm-none-eabi-10.3-2021.10/bin/../lib/gcc/arm-none-eabi/10.3.1/../../../../arm-none-eabi/lib/thumb/v7e-m/nofp\libstdc++.a(class_type_info.o)
                0x00013b48                __cxxabiv1::__class_type_info::__do_upcast(__cxxabiv1::__class_type_info const*, void**) const
 .text._ZNK10__cxxabiv117__class_type_info20__do_find_public_srcEiPKvPKS0_S2_
                0x00013b7c        0xc c:/gcc-arm-none-eabi-10.3-2021.10/bin/../lib/gcc/arm-none-eabi/10.3.1/../../../../arm-none-eabi/lib/thumb/v7e-m/nofp\libstdc++.a(class_type_info.o)
                0x00013b7c                __cxxabiv1::__class_type_info::__do_find_public_src(int, void const*, __cxxabiv1::__class_type_info const*, void const*) const
 .text._ZN10__cxxabiv117__class_type_infoD2Ev
                0x00013b88       0x14 c:/gcc-arm-none-eabi-10.3-2021.10/bin/../lib/gcc/arm-none-eabi/10.3.1/../../../../arm-none-eabi/lib/thumb/v7e-m/nofp\libstdc++.a(class_type_info.o)
                0x00013b88                __cxxabiv1::__class_type_info::~__class_type_info()
                0x00013b88                __cxxabiv1::__class_type_info::~__class_type_info()
 .text._ZN10__cxxabiv117__class_type_infoD0Ev
                0x00013b9c       0x1c c:/gcc-arm-none-eabi-10.3-2021.10/bin/../lib/gcc/arm-none-eabi/10.3.1/../../../../arm-none-eabi/lib/thumb/v7e-m/nofp\libstdc++.a(class_type_info.o)
                0x00013b9c                __cxxabiv1::__class_type_info::~__class_type_info()
 .text._ZNK10__cxxabiv117__class_type_info12__do_dyncastEiNS0_10__sub_kindEPKS0_PKvS3_S5_RNS0_16__dyncast_resultE
                0x00013bb8       0x44 c:/gcc-arm-none-eabi-10.3-2021.10/bin/../lib/gcc/arm-none-eabi/10.3.1/../../../../arm-none-eabi/lib/thumb/v7e-m/nofp\libstdc++.a(class_type_info.o)
                0x00013bb8                __cxxabiv1::__class_type_info::__do_dyncast(int, __cxxabiv1::__class_type_info::__sub_kind, __cxxabiv1::__class_type_info const*, void const*, __cxxabiv1::__class_type_info const*, void const*, __cxxabiv1::__class_type_info::__dyncast_result&) const
 .text._ZNK10__cxxabiv117__class_type_info11__do_upcastEPKS0_PKvRNS0_15__upcast_resultE
                0x00013bfc       0x1c c:/gcc-arm-none-eabi-10.3-2021.10/bin/../lib/gcc/arm-none-eabi/10.3.1/../../../../arm-none-eabi/lib/thumb/v7e-m/nofp\libstdc++.a(class_type_info.o)
                0x00013bfc                __cxxabiv1::__class_type_info::__do_upcast(__cxxabiv1::__class_type_info const*, void const*, __cxxabiv1::__class_type_info::__upcast_result&) const
 .text._ZNK10__cxxabiv117__class_type_info10__do_catchEPKSt9type_infoPPvj
                0x00013c18       0x2c c:/gcc-arm-none-eabi-10.3-2021.10/bin/../lib/gcc/arm-none-eabi/10.3.1/../../../../arm-none-eabi/lib/thumb/v7e-m/nofp\libstdc++.a(class_type_info.o)
                0x00013c18                __cxxabiv1::__class_type_info::__do_catch(std::type_info const*, void**, unsigned int) const
 .text          0x00013c44     0x5fa4 c:/gcc-arm-none-eabi-10.3-2021.10/bin/../lib/gcc/arm-none-eabi/10.3.1/../../../../arm-none-eabi/lib/thumb/v7e-m/nofp\libstdc++.a(cp-demangle.o)
                0x00019b00                __cxa_demangle
                0x00019bc4                __gcclibcxx_demangle_callback
 .text._ZN10__cxxabiv1L24__is_gxx_exception_classEPc
                0x00019be8       0x3c c:/gcc-arm-none-eabi-10.3-2021.10/bin/../lib/gcc/arm-none-eabi/10.3.1/../../../../arm-none-eabi/lib/thumb/v7e-m/nofp\libstdc++.a(eh_call.o)
 .text.__cxa_call_terminate
                0x00019c24       0x20 c:/gcc-arm-none-eabi-10.3-2021.10/bin/../lib/gcc/arm-none-eabi/10.3.1/../../../../arm-none-eabi/lib/thumb/v7e-m/nofp\libstdc++.a(eh_call.o)
                0x00019c24                __cxa_call_terminate
 .text.unlikely.__cxa_call_unexpected
                0x00019c44       0xe4 c:/gcc-arm-none-eabi-10.3-2021.10/bin/../lib/gcc/arm-none-eabi/10.3.1/../../../../arm-none-eabi/lib/thumb/v7e-m/nofp\libstdc++.a(eh_call.o)
                0x00019c44                __cxa_call_unexpected
 .text.__cxa_current_exception_type
                0x00019d28       0x1c c:/gcc-arm-none-eabi-10.3-2021.10/bin/../lib/gcc/arm-none-eabi/10.3.1/../../../../arm-none-eabi/lib/thumb/v7e-m/nofp\libstdc++.a(eh_type.o)
                0x00019d28                __cxa_current_exception_type
 .text          0x00019d44      0x378 c:/gcc-arm-none-eabi-10.3-2021.10/bin/../lib/gcc/arm-none-eabi/10.3.1/thumb/v7e-m/nofp\libgcc.a(_arm_addsubdf3.o)
                0x00019d44                __aeabi_drsub
                0x00019d4c                __aeabi_dsub
                0x00019d4c                __subdf3
                0x00019d50                __aeabi_dadd
                0x00019d50                __adddf3
                0x00019fc8                __floatunsidf
                0x00019fc8                __aeabi_ui2d
                0x00019fe8                __floatsidf
                0x00019fe8                __aeabi_i2d
                0x0001a00c                __aeabi_f2d
                0x0001a00c                __extendsfdf2
                0x0001a050                __floatundidf
                0x0001a050                __aeabi_ul2d
                0x0001a060                __floatdidf
                0x0001a060                __aeabi_l2d
 .text          0x0001a0bc      0x424 c:/gcc-arm-none-eabi-10.3-2021.10/bin/../lib/gcc/arm-none-eabi/10.3.1/thumb/v7e-m/nofp\libgcc.a(_arm_muldivdf3.o)
                0x0001a0bc                __aeabi_dmul
                0x0001a0bc                __muldf3
                0x0001a310                __divdf3
                0x0001a310                __aeabi_ddiv
 .text          0x0001a4e0      0x110 c:/gcc-arm-none-eabi-10.3-2021.10/bin/../lib/gcc/arm-none-eabi/10.3.1/thumb/v7e-m/nofp\libgcc.a(_arm_cmpdf2.o)
                0x0001a4e0                __gtdf2
                0x0001a4e0                __gedf2
                0x0001a4e8                __ltdf2
                0x0001a4e8                __ledf2
                0x0001a4f0                __nedf2
                0x0001a4f0                __eqdf2
                0x0001a4f0                __cmpdf2
                0x0001a56c                __aeabi_cdrcmple
                0x0001a57c                __aeabi_cdcmpeq
                0x0001a57c                __aeabi_cdcmple
                0x0001a58c                __aeabi_dcmpeq
                0x0001a5a0                __aeabi_dcmplt
                0x0001a5b4                __aeabi_dcmple
                0x0001a5c8                __aeabi_dcmpge
                0x0001a5dc                __aeabi_dcmpgt
 .text          0x0001a5f0       0x50 c:/gcc-arm-none-eabi-10.3-2021.10/bin/../lib/gcc/arm-none-eabi/10.3.1/thumb/v7e-m/nofp\libgcc.a(_arm_fixdfsi.o)
                0x0001a5f0                __aeabi_d2iz
                0x0001a5f0                __fixdfsi
 .text          0x0001a640       0x40 c:/gcc-arm-none-eabi-10.3-2021.10/bin/../lib/gcc/arm-none-eabi/10.3.1/thumb/v7e-m/nofp\libgcc.a(_arm_fixunsdfsi.o)
                0x0001a640                __aeabi_d2uiz
                0x0001a640                __fixunsdfsi
 .text          0x0001a680       0xa0 c:/gcc-arm-none-eabi-10.3-2021.10/bin/../lib/gcc/arm-none-eabi/10.3.1/thumb/v7e-m/nofp\libgcc.a(_arm_truncdfsf2.o)
                0x0001a680                __truncdfsf2
                0x0001a680                __aeabi_d2f
 .text          0x0001a720      0x21c c:/gcc-arm-none-eabi-10.3-2021.10/bin/../lib/gcc/arm-none-eabi/10.3.1/thumb/v7e-m/nofp\libgcc.a(_arm_addsubsf3.o)
                0x0001a720                __aeabi_frsub
                0x0001a728                __subsf3
                0x0001a728                __aeabi_fsub
                0x0001a72c                __aeabi_fadd
                0x0001a72c                __addsf3
                0x0001a88c                __aeabi_ui2f
                0x0001a88c                __floatunsisf
                0x0001a894                __aeabi_i2f
                0x0001a894                __floatsisf
                0x0001a8b0                __aeabi_ul2f
                0x0001a8b0                __floatundisf
                0x0001a8c0                __aeabi_l2f
                0x0001a8c0                __floatdisf
 .text          0x0001a93c      0x2a0 c:/gcc-arm-none-eabi-10.3-2021.10/bin/../lib/gcc/arm-none-eabi/10.3.1/thumb/v7e-m/nofp\libgcc.a(_arm_muldivsf3.o)
                0x0001a93c                __mulsf3
                0x0001a93c                __aeabi_fmul
                0x0001aaa4                __aeabi_fdiv
                0x0001aaa4                __divsf3
 .text          0x0001abdc       0xec c:/gcc-arm-none-eabi-10.3-2021.10/bin/../lib/gcc/arm-none-eabi/10.3.1/thumb/v7e-m/nofp\libgcc.a(_arm_cmpsf2.o)
                0x0001abdc                __gesf2
                0x0001abdc                __gtsf2
                0x0001abe4                __lesf2
                0x0001abe4                __ltsf2
                0x0001abec                __nesf2
                0x0001abec                __eqsf2
                0x0001abec                __cmpsf2
                0x0001ac4c                __aeabi_cfrcmple
                0x0001ac54                __aeabi_cfcmpeq
                0x0001ac54                __aeabi_cfcmple
                0x0001ac64                __aeabi_fcmpeq
                0x0001ac78                __aeabi_fcmplt
                0x0001ac8c                __aeabi_fcmple
                0x0001aca0                __aeabi_fcmpge
                0x0001acb4                __aeabi_fcmpgt
 .text          0x0001acc8       0x4c c:/gcc-arm-none-eabi-10.3-2021.10/bin/../lib/gcc/arm-none-eabi/10.3.1/thumb/v7e-m/nofp\libgcc.a(_arm_fixsfsi.o)
                0x0001acc8                __aeabi_f2iz
                0x0001acc8                __fixsfsi
 .text          0x0001ad14      0x9d8 c:/gcc-arm-none-eabi-10.3-2021.10/bin/../lib/gcc/arm-none-eabi/10.3.1/thumb/v7e-m/nofp\libgcc.a(unwind-arm.o)
                0x0001afbc                _Unwind_GetCFA
                0x0001afc0                __gnu_Unwind_RaiseException
                0x0001b028                __gnu_Unwind_ForcedUnwind
                0x0001b038                __gnu_Unwind_Resume
                0x0001b07c                __gnu_Unwind_Resume_or_Rethrow
                0x0001b08c                _Unwind_Complete
                0x0001b090                _Unwind_DeleteException
                0x0001b09c                _Unwind_VRS_Get
                0x0001b0e8                _Unwind_VRS_Set
                0x0001b130                __gnu_Unwind_Backtrace
                0x0001b45c                __aeabi_unwind_cpp_pr0
                0x0001b460                __aeabi_unwind_cpp_pr1
                0x0001b464                __aeabi_unwind_cpp_pr2
                0x0001b468                _Unwind_VRS_Pop
 .text          0x0001b6ec      0x1ac c:/gcc-arm-none-eabi-10.3-2021.10/bin/../lib/gcc/arm-none-eabi/10.3.1/thumb/v7e-m/nofp\libgcc.a(libunwind.o)
                0x0001b6ec                __restore_core_regs
                0x0001b6ec                restore_core_regs
                0x0001b704                __gnu_Unwind_Restore_VFP
                0x0001b70c                __gnu_Unwind_Save_VFP
                0x0001b714                __gnu_Unwind_Restore_VFP_D
                0x0001b71c                __gnu_Unwind_Save_VFP_D
                0x0001b724                __gnu_Unwind_Restore_VFP_D_16_to_31
                0x0001b72c                __gnu_Unwind_Save_VFP_D_16_to_31
                0x0001b734                __gnu_Unwind_Restore_WMMXD
                0x0001b778                __gnu_Unwind_Save_WMMXD
                0x0001b7bc                __gnu_Unwind_Restore_WMMXC
                0x0001b7d0                __gnu_Unwind_Save_WMMXC
                0x0001b7e4                ___Unwind_RaiseException
                0x0001b7e4                _Unwind_RaiseException
                0x0001b808                _Unwind_Resume
                0x0001b808                ___Unwind_Resume
                0x0001b82c                _Unwind_Resume_or_Rethrow
                0x0001b82c                ___Unwind_Resume_or_Rethrow
                0x0001b850                _Unwind_ForcedUnwind
                0x0001b850                ___Unwind_ForcedUnwind
                0x0001b874                ___Unwind_Backtrace
                0x0001b874                _Unwind_Backtrace
 .text          0x0001b898      0x350 c:/gcc-arm-none-eabi-10.3-2021.10/bin/../lib/gcc/arm-none-eabi/10.3.1/thumb/v7e-m/nofp\libgcc.a(pr-support.o)
                0x0001b8f0                __gnu_unwind_execute
                0x0001bb9c                __gnu_unwind_frame